============================================================
GLOBAL CELL-TYPE PAPER vs BEFORE vs AFTER DE
Job: 4278871
Node: node08.hgcc.emory.edu
Started: Fri Aug 28 10:57:03 EDT 2026
============================================================

==================================================================================================== 
A. EXACT PAPER N24 
==================================================================================================== 
Dimensions: 300 288 
Donors: 24 
Cell types: 12 

==================================================================================================== 
RUN: Paper_official_source_N24 
==================================================================================================== 
Using stored Paper N24 logcounts without renormalization.
Design: 288 x 22 
Design rank: 22 / 22 
Block correlation: 0.5161339 
Genes tested: 300 
Nominal P<0.05: 48 
FDR<0.10: 15 
FDR<0.05: 8 

==================================================================================================== 
A2. PAPER N24 REPRODUCTION CHECK 
==================================================================================================== 
Official N24 vs rerun max abs difference: 3.579359e-13 
Official N24 vs rerun logFC Pearson: 1 
Official N24 vs rerun t Pearson: 1 

==================================================================================================== 
B. PAPER-SOURCE N23 
==================================================================================================== 

==================================================================================================== 
RUN: Paper_source_N23 
==================================================================================================== 

==================================================================================================== 
Paper_source_N23 - FILTER + NORMALIZE 
==================================================================================================== 
Genes before: 300 
Genes retained: 300 
Genes filtered: 0 
Design: 276 x 22 
Design rank: 22 / 22 
Block correlation: 0.5197881 
Genes tested: 300 
Nominal P<0.05: 38 
FDR<0.10: 4 
FDR<0.05: 4 

==================================================================================================== 
C. GENEBRIDGE-BEFORE N23 
==================================================================================================== 

==================================================================================================== 
LOAD MATRIX: GeneBridge_before_N23 
==================================================================================================== 

==================================================================================================== 
RUN: GeneBridge_before_N23 
==================================================================================================== 

==================================================================================================== 
GeneBridge_before_N23 - FILTER + NORMALIZE 
==================================================================================================== 
Genes before: 300 
Genes retained: 300 
Genes filtered: 0 
Design: 276 x 22 
Design rank: 22 / 22 
Block correlation: 0.51973 
Genes tested: 300 
Nominal P<0.05: 38 
FDR<0.10: 4 
FDR<0.05: 4 

==================================================================================================== 
D. ENVI-MEASURED N23 
==================================================================================================== 

==================================================================================================== 
LOAD MATRIX: ENVI_measured_N23 
==================================================================================================== 

==================================================================================================== 
RUN: ENVI_measured_N23 
==================================================================================================== 

==================================================================================================== 
ENVI_measured_N23 - FILTER + NORMALIZE 
==================================================================================================== 
Genes before: 300 
Genes retained: 300 
Genes filtered: 0 
Design: 276 x 22 
Design rank: 22 / 22 
Block correlation: 0.51973 
Genes tested: 300 
Nominal P<0.05: 38 
FDR<0.10: 4 
FDR<0.05: 4 

==================================================================================================== 
C vs D TECHNICAL CONTROL 
==================================================================================================== 
Before vs ENVI-measured max abs DE difference: 0 
GeneBridge-before == ENVI-measured DE: EXACT

==================================================================================================== 
B vs C PAPER-SOURCE vs BEFORE N23 
==================================================================================================== 
Common tested genes: 300 
Paper-source N23 vs Before logFC Pearson: 1 
Paper-source N23 vs Before t Pearson: 0.9999998 

==================================================================================================== 
E. ENVI-AFTER FULL N23 
==================================================================================================== 

==================================================================================================== 
LOAD MATRIX: ENVI_after_full_N23 
==================================================================================================== 

==================================================================================================== 
RUN: ENVI_after_full_N23 
==================================================================================================== 

==================================================================================================== 
ENVI_after_full_N23 - FILTER + NORMALIZE 
==================================================================================================== 
Genes before: 34987 
Genes retained: 32763 
Genes filtered: 2224 
Design: 276 x 22 
Design rank: 22 / 22 
Block correlation: 0.2461754 
Genes tested: 32763 
Nominal P<0.05: 5613 
FDR<0.10: 335 
FDR<0.05: 21 

==================================================================================================== 
FINAL PAPER vs BEFORE vs AFTER SUMMARY 
==================================================================================================== 
                      arm cohort genes_tested block_correlation
 Paper_official_N24_rerun    N24          300         0.5161339
         Paper_source_N23    N23          300         0.5197881
    GeneBridge_before_N23    N23          300         0.5197300
        ENVI_measured_N23    N23          300         0.5197300
      ENVI_after_full_N23    N23        32763         0.2461754
  ENVI_after_imputed_only    N23        32463         0.2461754
 nominal_p_lt_0.05 fdr_lt_0.10 fdr_lt_0.05
                48          15           8
                38           4           4
                38           4           4
                38           4           4
              5613         335          21
              5553         321          16

Official N24 validation:
  max abs difference: 3.579359e-13 
  logFC Pearson: 1 
  t Pearson: 1 

Paper-source N23 vs Before:
  logFC Pearson: 1 
  t Pearson: 0.9999998 

Before vs ENVI measured:
  max difference: 0 

Full ENVI measured genes retained: 300 
Full ENVI imputed genes retained: 32463 
Full ENVI imputed FDR<0.10: 321 
Full ENVI imputed FDR<0.05: 16 

FINAL STATUS: GLOBAL CELL-TYPE PAPER-vs-BEFORE-vs-AFTER DE PASS

============================================================
Finished successfully: Fri Aug 28 11:00:16 EDT 2026
============================================================
