====================================================================================================
Advisor 11-gene comparison: Ex-5 vs Ex-5.1 vs Ex-5.3
====================================================================================================
Job ID: 3974037
Node: node09.hgcc.emory.edu
Started: Thu Aug  6 15:07:32 EDT 2026
Memory: 160G
CPUs: 16
Model: vista
Model label: VISTA
Combined directory selection: auto
====================================================================================================
Python syntax check: PASSED
==============================================================================================================
ADVISOR 11-GENE CROSS-EXPERIMENT REPORT COMPLETE
==============================================================================================================
Model: VISTA
Genes: ['MBP', 'RELN', 'CUX2', 'ADCYAP1', 'VAMP1', 'RORB', 'PCP4', 'NPTX1', 'CCK', 'PVALB', 'ENC1']

Spatial comparison PNG: /beegfs/labs/hulab/projects/mjabin/GeneBridge/outputs/imputation_beta/Br8667/comparisons/vista/ex5_ex5_1_ex5_3/advisor_11_genes/advisor_11_gene_ex5_ex5_1_ex5_3_comparison.png
Spatial comparison PDF: /beegfs/labs/hulab/projects/mjabin/GeneBridge/outputs/imputation_beta/Br8667/comparisons/vista/ex5_ex5_1_ex5_3/advisor_11_genes/advisor_11_gene_ex5_ex5_1_ex5_3_comparison.pdf
Gene-level metrics: /beegfs/labs/hulab/projects/mjabin/GeneBridge/outputs/imputation_beta/Br8667/comparisons/vista/ex5_ex5_1_ex5_3/advisor_11_genes/advisor_11_gene_metrics_by_experiment.csv
11-gene summary: /beegfs/labs/hulab/projects/mjabin/GeneBridge/outputs/imputation_beta/Br8667/comparisons/vista/ex5_ex5_1_ex5_3/advisor_11_genes/advisor_11_gene_metric_summary.csv
Best experiment table: /beegfs/labs/hulab/projects/mjabin/GeneBridge/outputs/imputation_beta/Br8667/comparisons/vista/ex5_ex5_1_ex5_3/advisor_11_genes/advisor_11_gene_best_experiment_by_metric.csv
Text report: /beegfs/labs/hulab/projects/mjabin/GeneBridge/outputs/imputation_beta/Br8667/comparisons/vista/ex5_ex5_1_ex5_3/advisor_11_genes/advisor_11_gene_comparison_report.txt
Manifest: /beegfs/labs/hulab/projects/mjabin/GeneBridge/outputs/imputation_beta/Br8667/comparisons/vista/ex5_ex5_1_ex5_3/advisor_11_genes/advisor_11_gene_comparison_manifest.json

11-gene metric summary:
experiment experiment_label experiment_short_label  n_highlight_genes  scc_mean_11genes  scc_sd_11genes  ssim_mean_11genes  ssim_sd_11genes  rmse_mean_11genes  rmse_sd_11genes  mae_mean_11genes  mae_sd_11genes  jsd_mean_11genes  jsd_sd_11genes  moran_abs_error_mean_11genes  moran_abs_error_sd_11genes
       ex5     Experiment 5                   Ex-5                 11          0.544189        0.195451           0.387886         0.203910           5.608568         3.682144          3.257670        2.678817          0.341119        0.207092                      0.169407                    0.058875
     ex5_1   Experiment 5.1                 Ex-5.1                 11          0.551608        0.191909           0.392056         0.224430           5.537545         3.369270          3.163023        2.222795          0.332802        0.200137                      0.175762                    0.062920
     ex5_3   Experiment 5.3                 Ex-5.3                 11          0.549753        0.188928           0.390939         0.228835           5.392922         2.988432          3.090241        2.033431          0.337122        0.200389                      0.180758                    0.062669
==============================================================================================================

Completed: Thu Aug  6 15:08:15 EDT 2026
