============================================================
Align VISTA Br8667 genes
============================================================
Job ID: 3842538
Node: node08.hgcc.emory.edu
Started: Mon Jul 27 17:34:21 EDT 2026
Project root: /beegfs/labs/hulab/projects/mjabin/GeneBridge
Python: /beegfs/labs/hulab/projects/mjabin/conda_envs/genebridge_scanpy/bin/python
Script: /beegfs/labs/hulab/projects/mjabin/GeneBridge/src/imputation/03_align_vista_Br8667_genes.py
============================================================
Python 3.10.20
Python executable: /beegfs/labs/hulab/projects/mjabin/conda_envs/genebridge_scanpy/bin/python

Starting gene alignment...

====================================================================================================
VISTA Br8667 gene alignment
====================================================================================================

Input files:
seq_data:     /beegfs/labs/hulab/projects/mjabin/GeneBridge/data/processed/imputation_beta/Br8667/seq_data_huuki_snrna_Br8667_full.h5ad
spatial_data: /beegfs/labs/hulab/projects/mjabin/GeneBridge/data/processed/imputation_beta/Br8667/spatial_data_huuki_visium_Br8667.h5ad

Output directory:
/beegfs/labs/hulab/projects/mjabin/GeneBridge/data/processed/imputation_beta/Br8667

Planned output files:
1. aligned seq_data h5ad:     /beegfs/labs/hulab/projects/mjabin/GeneBridge/data/processed/imputation_beta/Br8667/seq_data_huuki_snrna_Br8667_shared.h5ad
2. aligned spatial_data h5ad: /beegfs/labs/hulab/projects/mjabin/GeneBridge/data/processed/imputation_beta/Br8667/spatial_data_huuki_visium_Br8667_shared.h5ad
3. shared genes CSV:          /beegfs/labs/hulab/projects/mjabin/GeneBridge/data/processed/imputation_beta/Br8667/Br8667_vista_shared_genes.csv
4. alignment summary CSV:     /beegfs/labs/hulab/projects/mjabin/GeneBridge/data/processed/imputation_beta/Br8667/Br8667_vista_alignment_summary.csv
====================================================================================================
Loading input files
====================================================================================================

seq_data:
AnnData object with n_obs × n_vars = 9897 × 36601
    obs: 'Sample', 'Barcode', 'key', 'SAMPLE_ID', 'pos', 'BrNum', 'round', 'Position', 'age', 'sex', 'diagnosis', 'sum', 'detected', 'subsets_Mito_sum', 'subsets_Mito_detected', 'subsets_Mito_percent', 'total', 'high_mito', 'low_sum', 'low_detected', 'discard_auto', 'doubletScore', 'prelimCluster', 'collapsedCluster', 'kmeans', 'sizeFactor', 'cellType_broad_k', 'cellType_k', 'cellType_broad_hc', 'cellType_hc', 'cellType_layer', 'layer_annotation', 'source_chunk', 'merge_batch'
    layers: 'counts', 'logcounts'

spatial_data:
AnnData object with n_obs × n_vars = 11585 × 28916
    obs: 'age', 'array_col', 'array_row', 'BayesSpace_harmony_02', 'BayesSpace_harmony_03', 'BayesSpace_harmony_04', 'BayesSpace_harmony_05', 'BayesSpace_harmony_06', 'BayesSpace_harmony_07', 'BayesSpace_harmony_08', 'BayesSpace_harmony_09', 'BayesSpace_harmony_10', 'BayesSpace_harmony_11', 'BayesSpace_harmony_12', 'BayesSpace_harmony_13', 'BayesSpace_harmony_14', 'BayesSpace_harmony_15', 'BayesSpace_harmony_16', 'BayesSpace_harmony_17', 'BayesSpace_harmony_18', 'BayesSpace_harmony_19', 'BayesSpace_harmony_20', 'BayesSpace_harmony_21', 'BayesSpace_harmony_22', 'BayesSpace_harmony_23', 'BayesSpace_harmony_24', 'BayesSpace_harmony_25', 'BayesSpace_harmony_26', 'BayesSpace_harmony_27', 'BayesSpace_harmony_28', 'BayesSpace_pca_02', 'BayesSpace_pca_03', 'BayesSpace_pca_04', 'BayesSpace_pca_05', 'BayesSpace_pca_06', 'BayesSpace_pca_07', 'BayesSpace_pca_08', 'BayesSpace_pca_09', 'BayesSpace_pca_10', 'BayesSpace_pca_11', 'BayesSpace_pca_12', 'BayesSpace_pca_13', 'BayesSpace_pca_14', 'BayesSpace_pca_15', 'BayesSpace_pca_16', 'BayesSpace_pca_17', 'BayesSpace_pca_18', 'BayesSpace_pca_19', 'BayesSpace_pca_20', 'BayesSpace_pca_21', 'BayesSpace_pca_22', 'BayesSpace_pca_23', 'BayesSpace_pca_24', 'BayesSpace_pca_25', 'BayesSpace_pca_26', 'BayesSpace_pca_27', 'BayesSpace_pca_28', 'broad_cell2location_astro', 'broad_cell2location_endomural', 'broad_cell2location_excit', 'broad_cell2location_inhib', 'broad_cell2location_micro', 'broad_cell2location_oligo', 'broad_cell2location_opc', 'broad_spotlight_astro', 'broad_spotlight_endomural', 'broad_spotlight_excit', 'broad_spotlight_inhib', 'broad_spotlight_micro', 'broad_spotlight_oligo', 'broad_spotlight_opc', 'broad_tangram_astro', 'broad_tangram_endomural', 'broad_tangram_excit', 'broad_tangram_inhib', 'broad_tangram_micro', 'broad_tangram_oligo', 'broad_tangram_opc', 'col', 'diagnosis', 'expr_chrM', 'expr_chrM_ratio', 'graph_based_PCA_within', 'Harmony_SNN_k10_k7', 'in_tissue', 'key', 'layer_cell2location_astro', 'layer_cell2location_endomural', 'layer_cell2location_excit_l2_3', 'layer_cell2location_excit_l3', 'layer_cell2location_excit_l3_4_5', 'layer_cell2location_excit_l4', 'layer_cell2location_excit_l5', 'layer_cell2location_excit_l5_6', 'layer_cell2location_excit_l6', 'layer_cell2location_inhib', 'layer_cell2location_micro', 'layer_cell2location_oligo', 'layer_cell2location_opc', 'layer_spotlight_astro', 'layer_spotlight_endomural', 'layer_spotlight_excit_l2_3', 'layer_spotlight_excit_l3', 'layer_spotlight_excit_l3_4_5', 'layer_spotlight_excit_l4', 'layer_spotlight_excit_l5', 'layer_spotlight_excit_l5_6', 'layer_spotlight_excit_l6', 'layer_spotlight_inhib', 'layer_spotlight_micro', 'layer_spotlight_oligo', 'layer_spotlight_opc', 'layer_tangram_astro', 'layer_tangram_endomural', 'layer_tangram_excit_l2_3', 'layer_tangram_excit_l3', 'layer_tangram_excit_l3_4_5', 'layer_tangram_excit_l4', 'layer_tangram_excit_l5', 'layer_tangram_excit_l5_6', 'layer_tangram_excit_l6', 'layer_tangram_inhib', 'layer_tangram_micro', 'layer_tangram_oligo', 'layer_tangram_opc', 'manual_layer_label', 'ManualAnnotation', 'PCA_SNN_k10_k7', 'position', 'row', 'sample_id', 'scran_discard', 'scran_high_subsets_Mito_percent', 'scran_low_lib_size', 'scran_low_n_features', 'scran_quick_cluster', 'sex', 'sizeFactor', 'SpaceRanger_10x_graphclust', 'SpaceRanger_10x_kmeans_02', 'SpaceRanger_10x_kmeans_03', 'SpaceRanger_10x_kmeans_04', 'SpaceRanger_10x_kmeans_05', 'SpaceRanger_10x_kmeans_06', 'SpaceRanger_10x_kmeans_07', 'SpaceRanger_10x_kmeans_08', 'SpaceRanger_10x_kmeans_09', 'SpaceRanger_10x_kmeans_10', 'subject', 'sum_gene', 'sum_umi', 'VistoSeg_count', 'VistoSeg_count_deprecated', 'VistoSeg_proportion', 'wrinkle_type'
    var: 'source', 'type', 'gene_id', 'gene_version', 'gene_name', 'gene_type', 'gene_search', 'original_var_names', 'gene_symbol'
    obsm: 'spatial'
    layers: 'counts'

seq_data layers:
['counts', 'logcounts']

spatial_data layers:
['counts']

spatial_data has obsm['spatial']: True
====================================================================================================
Building gene maps
====================================================================================================
seq_data: using adata.var_names as gene symbols

seq_data gene table:
  original n_vars: 36601
  valid genes: 36601
  duplicate symbols removed: 0
  unique genes kept: 36601
spatial_data: using adata.var['gene_symbol'] as gene symbols

spatial_data gene table:
  original n_vars: 28916
  valid genes: 28916
  duplicate symbols removed: 9
  unique genes kept: 28907

Shared genes before optional filtering: 28907
====================================================================================================
Subsetting and aligning
====================================================================================================

Aligned seq_data:
AnnData object with n_obs × n_vars = 9897 × 28907
    obs: 'Sample', 'Barcode', 'key', 'SAMPLE_ID', 'pos', 'BrNum', 'round', 'Position', 'age', 'sex', 'diagnosis', 'sum', 'detected', 'subsets_Mito_sum', 'subsets_Mito_detected', 'subsets_Mito_percent', 'total', 'high_mito', 'low_sum', 'low_detected', 'discard_auto', 'doubletScore', 'prelimCluster', 'collapsedCluster', 'kmeans', 'sizeFactor', 'cellType_broad_k', 'cellType_k', 'cellType_broad_hc', 'cellType_hc', 'cellType_layer', 'layer_annotation', 'source_chunk', 'merge_batch'
    var: 'matched_gene_symbol'
    layers: 'counts', 'logcounts'

Aligned spatial_data:
AnnData object with n_obs × n_vars = 11585 × 28907
    obs: 'age', 'array_col', 'array_row', 'BayesSpace_harmony_02', 'BayesSpace_harmony_03', 'BayesSpace_harmony_04', 'BayesSpace_harmony_05', 'BayesSpace_harmony_06', 'BayesSpace_harmony_07', 'BayesSpace_harmony_08', 'BayesSpace_harmony_09', 'BayesSpace_harmony_10', 'BayesSpace_harmony_11', 'BayesSpace_harmony_12', 'BayesSpace_harmony_13', 'BayesSpace_harmony_14', 'BayesSpace_harmony_15', 'BayesSpace_harmony_16', 'BayesSpace_harmony_17', 'BayesSpace_harmony_18', 'BayesSpace_harmony_19', 'BayesSpace_harmony_20', 'BayesSpace_harmony_21', 'BayesSpace_harmony_22', 'BayesSpace_harmony_23', 'BayesSpace_harmony_24', 'BayesSpace_harmony_25', 'BayesSpace_harmony_26', 'BayesSpace_harmony_27', 'BayesSpace_harmony_28', 'BayesSpace_pca_02', 'BayesSpace_pca_03', 'BayesSpace_pca_04', 'BayesSpace_pca_05', 'BayesSpace_pca_06', 'BayesSpace_pca_07', 'BayesSpace_pca_08', 'BayesSpace_pca_09', 'BayesSpace_pca_10', 'BayesSpace_pca_11', 'BayesSpace_pca_12', 'BayesSpace_pca_13', 'BayesSpace_pca_14', 'BayesSpace_pca_15', 'BayesSpace_pca_16', 'BayesSpace_pca_17', 'BayesSpace_pca_18', 'BayesSpace_pca_19', 'BayesSpace_pca_20', 'BayesSpace_pca_21', 'BayesSpace_pca_22', 'BayesSpace_pca_23', 'BayesSpace_pca_24', 'BayesSpace_pca_25', 'BayesSpace_pca_26', 'BayesSpace_pca_27', 'BayesSpace_pca_28', 'broad_cell2location_astro', 'broad_cell2location_endomural', 'broad_cell2location_excit', 'broad_cell2location_inhib', 'broad_cell2location_micro', 'broad_cell2location_oligo', 'broad_cell2location_opc', 'broad_spotlight_astro', 'broad_spotlight_endomural', 'broad_spotlight_excit', 'broad_spotlight_inhib', 'broad_spotlight_micro', 'broad_spotlight_oligo', 'broad_spotlight_opc', 'broad_tangram_astro', 'broad_tangram_endomural', 'broad_tangram_excit', 'broad_tangram_inhib', 'broad_tangram_micro', 'broad_tangram_oligo', 'broad_tangram_opc', 'col', 'diagnosis', 'expr_chrM', 'expr_chrM_ratio', 'graph_based_PCA_within', 'Harmony_SNN_k10_k7', 'in_tissue', 'key', 'layer_cell2location_astro', 'layer_cell2location_endomural', 'layer_cell2location_excit_l2_3', 'layer_cell2location_excit_l3', 'layer_cell2location_excit_l3_4_5', 'layer_cell2location_excit_l4', 'layer_cell2location_excit_l5', 'layer_cell2location_excit_l5_6', 'layer_cell2location_excit_l6', 'layer_cell2location_inhib', 'layer_cell2location_micro', 'layer_cell2location_oligo', 'layer_cell2location_opc', 'layer_spotlight_astro', 'layer_spotlight_endomural', 'layer_spotlight_excit_l2_3', 'layer_spotlight_excit_l3', 'layer_spotlight_excit_l3_4_5', 'layer_spotlight_excit_l4', 'layer_spotlight_excit_l5', 'layer_spotlight_excit_l5_6', 'layer_spotlight_excit_l6', 'layer_spotlight_inhib', 'layer_spotlight_micro', 'layer_spotlight_oligo', 'layer_spotlight_opc', 'layer_tangram_astro', 'layer_tangram_endomural', 'layer_tangram_excit_l2_3', 'layer_tangram_excit_l3', 'layer_tangram_excit_l3_4_5', 'layer_tangram_excit_l4', 'layer_tangram_excit_l5', 'layer_tangram_excit_l5_6', 'layer_tangram_excit_l6', 'layer_tangram_inhib', 'layer_tangram_micro', 'layer_tangram_oligo', 'layer_tangram_opc', 'manual_layer_label', 'ManualAnnotation', 'PCA_SNN_k10_k7', 'position', 'row', 'sample_id', 'scran_discard', 'scran_high_subsets_Mito_percent', 'scran_low_lib_size', 'scran_low_n_features', 'scran_quick_cluster', 'sex', 'sizeFactor', 'SpaceRanger_10x_graphclust', 'SpaceRanger_10x_kmeans_02', 'SpaceRanger_10x_kmeans_03', 'SpaceRanger_10x_kmeans_04', 'SpaceRanger_10x_kmeans_05', 'SpaceRanger_10x_kmeans_06', 'SpaceRanger_10x_kmeans_07', 'SpaceRanger_10x_kmeans_08', 'SpaceRanger_10x_kmeans_09', 'SpaceRanger_10x_kmeans_10', 'subject', 'sum_gene', 'sum_umi', 'VistoSeg_count', 'VistoSeg_count_deprecated', 'VistoSeg_proportion', 'wrinkle_type'
    var: 'source', 'type', 'gene_id', 'gene_version', 'gene_name', 'gene_type', 'gene_search', 'original_var_names', 'gene_symbol', 'matched_gene_symbol'
    obsm: 'spatial'
    layers: 'counts'

Same genes:
True
====================================================================================================
Saving outputs
====================================================================================================

Writing shared genes CSV...

✅ Created shared genes CSV:
   /beegfs/labs/hulab/projects/mjabin/GeneBridge/data/processed/imputation_beta/Br8667/Br8667_vista_shared_genes.csv
   Size: 0.53 MB

Writing alignment summary CSV...

✅ Created alignment summary CSV:
   /beegfs/labs/hulab/projects/mjabin/GeneBridge/data/processed/imputation_beta/Br8667/Br8667_vista_alignment_summary.csv
   Size: 0.00 MB

Writing aligned seq_data h5ad...
/beegfs/labs/hulab/projects/mjabin/GeneBridge/data/processed/imputation_beta/Br8667/seq_data_huuki_snrna_Br8667_shared.h5ad

✅ Created aligned seq_data h5ad:
   /beegfs/labs/hulab/projects/mjabin/GeneBridge/data/processed/imputation_beta/Br8667/seq_data_huuki_snrna_Br8667_shared.h5ad
   Size: 360.10 MB

Writing aligned spatial_data h5ad...
/beegfs/labs/hulab/projects/mjabin/GeneBridge/data/processed/imputation_beta/Br8667/spatial_data_huuki_visium_Br8667_shared.h5ad

✅ Created aligned spatial_data h5ad:
   /beegfs/labs/hulab/projects/mjabin/GeneBridge/data/processed/imputation_beta/Br8667/spatial_data_huuki_visium_Br8667_shared.h5ad
   Size: 118.00 MB
====================================================================================================
Reload validation
====================================================================================================

Reloaded seq_data:
AnnData object with n_obs × n_vars = 9897 × 28907
    obs: 'Sample', 'Barcode', 'key', 'SAMPLE_ID', 'pos', 'BrNum', 'round', 'Position', 'age', 'sex', 'diagnosis', 'sum', 'detected', 'subsets_Mito_sum', 'subsets_Mito_detected', 'subsets_Mito_percent', 'total', 'high_mito', 'low_sum', 'low_detected', 'discard_auto', 'doubletScore', 'prelimCluster', 'collapsedCluster', 'kmeans', 'sizeFactor', 'cellType_broad_k', 'cellType_k', 'cellType_broad_hc', 'cellType_hc', 'cellType_layer', 'layer_annotation', 'source_chunk', 'merge_batch'
    var: 'matched_gene_symbol'
    layers: 'counts', 'logcounts'

Reloaded spatial_data:
AnnData object with n_obs × n_vars = 11585 × 28907
    obs: 'age', 'array_col', 'array_row', 'BayesSpace_harmony_02', 'BayesSpace_harmony_03', 'BayesSpace_harmony_04', 'BayesSpace_harmony_05', 'BayesSpace_harmony_06', 'BayesSpace_harmony_07', 'BayesSpace_harmony_08', 'BayesSpace_harmony_09', 'BayesSpace_harmony_10', 'BayesSpace_harmony_11', 'BayesSpace_harmony_12', 'BayesSpace_harmony_13', 'BayesSpace_harmony_14', 'BayesSpace_harmony_15', 'BayesSpace_harmony_16', 'BayesSpace_harmony_17', 'BayesSpace_harmony_18', 'BayesSpace_harmony_19', 'BayesSpace_harmony_20', 'BayesSpace_harmony_21', 'BayesSpace_harmony_22', 'BayesSpace_harmony_23', 'BayesSpace_harmony_24', 'BayesSpace_harmony_25', 'BayesSpace_harmony_26', 'BayesSpace_harmony_27', 'BayesSpace_harmony_28', 'BayesSpace_pca_02', 'BayesSpace_pca_03', 'BayesSpace_pca_04', 'BayesSpace_pca_05', 'BayesSpace_pca_06', 'BayesSpace_pca_07', 'BayesSpace_pca_08', 'BayesSpace_pca_09', 'BayesSpace_pca_10', 'BayesSpace_pca_11', 'BayesSpace_pca_12', 'BayesSpace_pca_13', 'BayesSpace_pca_14', 'BayesSpace_pca_15', 'BayesSpace_pca_16', 'BayesSpace_pca_17', 'BayesSpace_pca_18', 'BayesSpace_pca_19', 'BayesSpace_pca_20', 'BayesSpace_pca_21', 'BayesSpace_pca_22', 'BayesSpace_pca_23', 'BayesSpace_pca_24', 'BayesSpace_pca_25', 'BayesSpace_pca_26', 'BayesSpace_pca_27', 'BayesSpace_pca_28', 'broad_cell2location_astro', 'broad_cell2location_endomural', 'broad_cell2location_excit', 'broad_cell2location_inhib', 'broad_cell2location_micro', 'broad_cell2location_oligo', 'broad_cell2location_opc', 'broad_spotlight_astro', 'broad_spotlight_endomural', 'broad_spotlight_excit', 'broad_spotlight_inhib', 'broad_spotlight_micro', 'broad_spotlight_oligo', 'broad_spotlight_opc', 'broad_tangram_astro', 'broad_tangram_endomural', 'broad_tangram_excit', 'broad_tangram_inhib', 'broad_tangram_micro', 'broad_tangram_oligo', 'broad_tangram_opc', 'col', 'diagnosis', 'expr_chrM', 'expr_chrM_ratio', 'graph_based_PCA_within', 'Harmony_SNN_k10_k7', 'in_tissue', 'key', 'layer_cell2location_astro', 'layer_cell2location_endomural', 'layer_cell2location_excit_l2_3', 'layer_cell2location_excit_l3', 'layer_cell2location_excit_l3_4_5', 'layer_cell2location_excit_l4', 'layer_cell2location_excit_l5', 'layer_cell2location_excit_l5_6', 'layer_cell2location_excit_l6', 'layer_cell2location_inhib', 'layer_cell2location_micro', 'layer_cell2location_oligo', 'layer_cell2location_opc', 'layer_spotlight_astro', 'layer_spotlight_endomural', 'layer_spotlight_excit_l2_3', 'layer_spotlight_excit_l3', 'layer_spotlight_excit_l3_4_5', 'layer_spotlight_excit_l4', 'layer_spotlight_excit_l5', 'layer_spotlight_excit_l5_6', 'layer_spotlight_excit_l6', 'layer_spotlight_inhib', 'layer_spotlight_micro', 'layer_spotlight_oligo', 'layer_spotlight_opc', 'layer_tangram_astro', 'layer_tangram_endomural', 'layer_tangram_excit_l2_3', 'layer_tangram_excit_l3', 'layer_tangram_excit_l3_4_5', 'layer_tangram_excit_l4', 'layer_tangram_excit_l5', 'layer_tangram_excit_l5_6', 'layer_tangram_excit_l6', 'layer_tangram_inhib', 'layer_tangram_micro', 'layer_tangram_oligo', 'layer_tangram_opc', 'manual_layer_label', 'ManualAnnotation', 'PCA_SNN_k10_k7', 'position', 'row', 'sample_id', 'scran_discard', 'scran_high_subsets_Mito_percent', 'scran_low_lib_size', 'scran_low_n_features', 'scran_quick_cluster', 'sex', 'sizeFactor', 'SpaceRanger_10x_graphclust', 'SpaceRanger_10x_kmeans_02', 'SpaceRanger_10x_kmeans_03', 'SpaceRanger_10x_kmeans_04', 'SpaceRanger_10x_kmeans_05', 'SpaceRanger_10x_kmeans_06', 'SpaceRanger_10x_kmeans_07', 'SpaceRanger_10x_kmeans_08', 'SpaceRanger_10x_kmeans_09', 'SpaceRanger_10x_kmeans_10', 'subject', 'sum_gene', 'sum_umi', 'VistoSeg_count', 'VistoSeg_count_deprecated', 'VistoSeg_proportion', 'wrinkle_type'
    var: 'source', 'type', 'gene_id', 'gene_version', 'gene_name', 'gene_type', 'gene_search', 'original_var_names', 'gene_symbol', 'matched_gene_symbol'
    obsm: 'spatial'
    layers: 'counts'

Same genes after reload:
True

Number of shared genes:
28907

spatial obsm keys:
['spatial']
====================================================================================================
Final output files created
====================================================================================================

✅ Created aligned seq_data h5ad:
   /beegfs/labs/hulab/projects/mjabin/GeneBridge/data/processed/imputation_beta/Br8667/seq_data_huuki_snrna_Br8667_shared.h5ad
   Size: 360.10 MB

✅ Created aligned spatial_data h5ad:
   /beegfs/labs/hulab/projects/mjabin/GeneBridge/data/processed/imputation_beta/Br8667/spatial_data_huuki_visium_Br8667_shared.h5ad
   Size: 118.00 MB

✅ Created shared genes CSV:
   /beegfs/labs/hulab/projects/mjabin/GeneBridge/data/processed/imputation_beta/Br8667/Br8667_vista_shared_genes.csv
   Size: 0.53 MB

✅ Created alignment summary CSV:
   /beegfs/labs/hulab/projects/mjabin/GeneBridge/data/processed/imputation_beta/Br8667/Br8667_vista_alignment_summary.csv
   Size: 0.00 MB

DONE. VISTA-ready Br8667 files created.

============================================================
Completed successfully
Finished: Mon Jul 27 17:36:24 EDT 2026
============================================================
