Traceback (most recent call last):
  File "/beegfs/labs/hulab/projects/mjabin/conda_envs/genebridge_scanpy/lib/python3.10/pathlib.py", line 1175, in mkdir
    self._accessor.mkdir(self, mode)
FileNotFoundError: [Errno 2] No such file or directory: '/users/mjabin/projects/GeneBridge/data/processed/imputation_beta/Br8667'

During handling of the above exception, another exception occurred:

Traceback (most recent call last):
  File "/beegfs/labs/hulab/projects/mjabin/conda_envs/genebridge_scanpy/lib/python3.10/pathlib.py", line 1175, in mkdir
    self._accessor.mkdir(self, mode)
FileNotFoundError: [Errno 2] No such file or directory: '/users/mjabin/projects/GeneBridge/data/processed/imputation_beta'

During handling of the above exception, another exception occurred:

Traceback (most recent call last):
  File "/beegfs/labs/hulab/projects/mjabin/conda_envs/genebridge_scanpy/lib/python3.10/pathlib.py", line 1175, in mkdir
    self._accessor.mkdir(self, mode)
FileNotFoundError: [Errno 2] No such file or directory: '/users/mjabin/projects/GeneBridge/data/processed'

During handling of the above exception, another exception occurred:

Traceback (most recent call last):
  File "/beegfs/labs/hulab/projects/mjabin/conda_envs/genebridge_scanpy/lib/python3.10/pathlib.py", line 1175, in mkdir
    self._accessor.mkdir(self, mode)
FileNotFoundError: [Errno 2] No such file or directory: '/users/mjabin/projects/GeneBridge/data'

During handling of the above exception, another exception occurred:

Traceback (most recent call last):
  File "/beegfs/labs/hulab/projects/mjabin/conda_envs/genebridge_scanpy/lib/python3.10/pathlib.py", line 1175, in mkdir
    self._accessor.mkdir(self, mode)
FileNotFoundError: [Errno 2] No such file or directory: '/users/mjabin/projects/GeneBridge'

During handling of the above exception, another exception occurred:

Traceback (most recent call last):
  File "/beegfs/labs/hulab/projects/mjabin/conda_envs/genebridge_scanpy/lib/python3.10/pathlib.py", line 1175, in mkdir
    self._accessor.mkdir(self, mode)
FileNotFoundError: [Errno 2] No such file or directory: '/users/mjabin/projects'

During handling of the above exception, another exception occurred:

Traceback (most recent call last):
  File "/beegfs/labs/hulab/projects/mjabin/conda_envs/genebridge_scanpy/lib/python3.10/pathlib.py", line 1175, in mkdir
    self._accessor.mkdir(self, mode)
FileNotFoundError: [Errno 2] No such file or directory: '/users/mjabin'

During handling of the above exception, another exception occurred:

Traceback (most recent call last):
  File "/beegfs/labs/hulab/projects/mjabin/GeneBridge/src/imputation/03_align_vista_Br8667_genes.py", line 460, in <module>
    main()
  File "/beegfs/labs/hulab/projects/mjabin/GeneBridge/src/imputation/03_align_vista_Br8667_genes.py", line 256, in main
    out_dir.mkdir(parents=True, exist_ok=True)
  File "/beegfs/labs/hulab/projects/mjabin/conda_envs/genebridge_scanpy/lib/python3.10/pathlib.py", line 1179, in mkdir
    self.parent.mkdir(parents=True, exist_ok=True)
  File "/beegfs/labs/hulab/projects/mjabin/conda_envs/genebridge_scanpy/lib/python3.10/pathlib.py", line 1179, in mkdir
    self.parent.mkdir(parents=True, exist_ok=True)
  File "/beegfs/labs/hulab/projects/mjabin/conda_envs/genebridge_scanpy/lib/python3.10/pathlib.py", line 1179, in mkdir
    self.parent.mkdir(parents=True, exist_ok=True)
  [Previous line repeated 4 more times]
  File "/beegfs/labs/hulab/projects/mjabin/conda_envs/genebridge_scanpy/lib/python3.10/pathlib.py", line 1175, in mkdir
    self._accessor.mkdir(self, mode)
PermissionError: [Errno 13] Permission denied: '/users'
