============================================================
Shared-basis UMAP
Method: envi
Array job: 4045413
Task: 4
CPUs: 16
Started: Thu Aug 13 19:04:14 EDT 2026
============================================================
UMAP/sklearn compatibility shim: ENABLED
====================================================================================================
ENVI SHARED-BASIS UMAP
====================================================================================================

Experiment 5
  truth: /beegfs/labs/hulab/projects/mjabin/GeneBridge/outputs/imputation_beta/Br8667/ex5/envi/combined_v2/oof_ground_truth_300genes.h5ad
  pred : /beegfs/labs/hulab/projects/mjabin/GeneBridge/outputs/imputation_beta/Br8667/ex5/envi/combined_v2/oof_predictions_300genes.h5ad

Experiment 5.1
  truth: /beegfs/labs/hulab/projects/mjabin/GeneBridge/outputs/imputation_beta/Br8667/ex5_1/envi/combined_v2/oof_ground_truth_300genes.h5ad
  pred : /beegfs/labs/hulab/projects/mjabin/GeneBridge/outputs/imputation_beta/Br8667/ex5_1/envi/combined_v2/oof_predictions_300genes.h5ad

Experiment 5.3
  truth: /beegfs/labs/hulab/projects/mjabin/GeneBridge/outputs/imputation_beta/Br8667/ex5_3/envi/combined_v2/oof_ground_truth_300genes.h5ad
  pred : /beegfs/labs/hulab/projects/mjabin/GeneBridge/outputs/imputation_beta/Br8667/ex5_3/envi/combined_v2/oof_predictions_300genes.h5ad

Loading: /beegfs/labs/hulab/projects/mjabin/GeneBridge/outputs/imputation_beta/Br8667/ex5/envi/combined_v2/oof_ground_truth_300genes.h5ad
  shape: (66148, 300)
  layers: []
  matrix source: X (count_scale layer absent)

Observed matrix: (66148, 300)

Cell-type counts:
cell_type_annotation
Oligo            14685
Endo             13821
Ast               9247
L2/3 Ex           7312
Mic               4577
MGE               3770
L4/5 Ex           3287
CGE               2932
Ambig/In/Endo     2564
L6 Ex             2383
Ambig/Oligo       1284
L5 Ex              286

log1p observed counts...
Fitting StandardScaler on observed...
Fitting PCA (30 PCs) on observed...
PCA variance explained by 30 PCs: 0.6067

Fitting UMAP on observed PCA coordinates...
UMAP(min_dist=0.3, n_jobs=1, n_neighbors=30, random_state=8667, transform_seed=8667, verbose=True)
Thu Aug 13 19:04:26 2026 Construct fuzzy simplicial set
Thu Aug 13 19:04:26 2026 Finding Nearest Neighbors
Thu Aug 13 19:04:26 2026 Building RP forest with 18 trees
Thu Aug 13 19:04:30 2026 NN descent for 16 iterations
	 1  /  16
	 2  /  16
	 3  /  16
	Stopping threshold met -- exiting after 3 iterations
Thu Aug 13 19:04:42 2026 Finished Nearest Neighbor Search
Thu Aug 13 19:04:46 2026 Construct embedding
	completed  0  /  200 epochs
	completed  20  /  200 epochs
	completed  40  /  200 epochs
	completed  60  /  200 epochs
	completed  80  /  200 epochs
	completed  100  /  200 epochs
	completed  120  /  200 epochs
	completed  140  /  200 epochs
	completed  160  /  200 epochs
	completed  180  /  200 epochs
Thu Aug 13 19:05:41 2026 Finished embedding

====================================================================================================
Transforming Experiment 5
====================================================================================================

Loading: /beegfs/labs/hulab/projects/mjabin/GeneBridge/outputs/imputation_beta/Br8667/ex5/envi/combined_v2/oof_predictions_300genes.h5ad
  shape: (66148, 300)
  layers: ['count_scale', 'log1p', 'native']
  matrix source: layers['count_scale']
Thu Aug 13 19:05:47 2026 Worst tree score: 0.84888432
Thu Aug 13 19:05:47 2026 Mean tree score: 0.85257302
Thu Aug 13 19:05:47 2026 Best tree score: 0.85815142
Thu Aug 13 19:05:48 2026 Forward diversification reduced edges from 1984440 to 487496
Thu Aug 13 19:05:50 2026 Reverse diversification reduced edges from 487496 to 487496
Thu Aug 13 19:05:51 2026 Degree pruning reduced edges from 566144 to 566144
Thu Aug 13 19:05:51 2026 Resorting data and graph based on tree order
Thu Aug 13 19:05:51 2026 Building and compiling search function
	completed  0  /  30 epochs
	completed  3  /  30 epochs
	completed  6  /  30 epochs
	completed  9  /  30 epochs
	completed  12  /  30 epochs
	completed  15  /  30 epochs
	completed  18  /  30 epochs
	completed  21  /  30 epochs
	completed  24  /  30 epochs
	completed  27  /  30 epochs

====================================================================================================
Transforming Experiment 5.1
====================================================================================================

Loading: /beegfs/labs/hulab/projects/mjabin/GeneBridge/outputs/imputation_beta/Br8667/ex5_1/envi/combined_v2/oof_predictions_300genes.h5ad
  shape: (66148, 300)
  layers: ['count_scale', 'log1p', 'native']
  matrix source: layers['count_scale']
	completed  0  /  30 epochs
	completed  3  /  30 epochs
	completed  6  /  30 epochs
	completed  9  /  30 epochs
	completed  12  /  30 epochs
	completed  15  /  30 epochs
	completed  18  /  30 epochs
	completed  21  /  30 epochs
	completed  24  /  30 epochs
	completed  27  /  30 epochs

====================================================================================================
Transforming Experiment 5.3
====================================================================================================

Loading: /beegfs/labs/hulab/projects/mjabin/GeneBridge/outputs/imputation_beta/Br8667/ex5_3/envi/combined_v2/oof_predictions_300genes.h5ad
  shape: (66148, 300)
  layers: ['count_scale', 'log1p', 'native']
  matrix source: layers['count_scale']
	completed  0  /  30 epochs
	completed  3  /  30 epochs
	completed  6  /  30 epochs
	completed  9  /  30 epochs
	completed  12  /  30 epochs
	completed  15  /  30 epochs
	completed  18  /  30 epochs
	completed  21  /  30 epochs
	completed  24  /  30 epochs
	completed  27  /  30 epochs

====================================================================================================
UMAP COMPLETE
====================================================================================================
experiment experiment_label  n_cells  median_umap_displacement  q75_umap_displacement  q90_umap_displacement  q95_umap_displacement
       ex5     Experiment 5    66148                  1.303903               2.446127               5.994284               8.400312
     ex5_1   Experiment 5.1    66148                  1.186196               2.006191               4.516826               6.914920
     ex5_3   Experiment 5.3    66148                  1.223805               2.025769               4.343617               6.966435

Figure: /beegfs/labs/hulab/projects/mjabin/GeneBridge/outputs/imputation_beta/Br8667/final_visualizations/cell_population/umap/envi/envi_shared_umap_celltype.png

============================================================
Method complete: envi
Completed: Thu Aug 13 19:07:19 EDT 2026
============================================================
