Job ID: 3851013
Node: node13.hgcc.emory.edu
Started: Wed Jul 29 17:21:36 EDT 2026

====================================================================================================
Experiment_5_Br8667_only
====================================================================================================
/beegfs/labs/hulab/projects/mjabin/GeneBridge/data/processed/imputation_beta/Br8667/seq_data_huuki_snrna_Br8667_vista.h5ad
Shape: (9897, 28907)
Layers: []

Sampling: X
              experiment                                                                                                                       file  n_obs  n_vars matrix_source  minimum  maximum  mean_nonzero  integer_like_fraction  nonnegative  nonzero_fraction    classification
Experiment_5_Br8667_only /beegfs/labs/hulab/projects/mjabin/GeneBridge/data/processed/imputation_beta/Br8667/seq_data_huuki_snrna_Br8667_vista.h5ad   9897   28907             X      0.0   5153.0      0.799177                    1.0         True          0.143041 likely_raw_counts

====================================================================================================
Experiment_5_1_All_10_Huuki
====================================================================================================
/beegfs/labs/hulab/projects/mjabin/GeneBridge/data/processed/snrnaseq/sce_DLPFC_annotated/huuki_snrna_reference_full_allgenes.h5ad
Shape: (77604, 36601)
Layers: ['logcounts']

Sampling: X
                 experiment                                                                                                                               file  n_obs  n_vars matrix_source  minimum  maximum  mean_nonzero  integer_like_fraction  nonnegative  nonzero_fraction    classification
Experiment_5_1_All_10_Huuki /beegfs/labs/hulab/projects/mjabin/GeneBridge/data/processed/snrnaseq/sce_DLPFC_annotated/huuki_snrna_reference_full_allgenes.h5ad  77604   36601             X      0.0   5422.0       0.47693                    1.0         True          0.126083 likely_raw_counts

Sampling: layer:logcounts
                 experiment                                                                                                                               file  n_obs  n_vars   matrix_source  minimum  maximum  mean_nonzero  integer_like_fraction  nonnegative  nonzero_fraction        classification
Experiment_5_1_All_10_Huuki /beegfs/labs/hulab/projects/mjabin/GeneBridge/data/processed/snrnaseq/sce_DLPFC_annotated/huuki_snrna_reference_full_allgenes.h5ad  77604   36601 layer:logcounts      0.0 10.62173      0.182663               0.873919         True          0.126083 likely_log_normalized

====================================================================================================
Experiment_5_3_Nine_Huuki
====================================================================================================
/beegfs/labs/hulab/projects/mjabin/GeneBridge/data/processed/imputation_beta/Br8667/seq_data_huuki_snrna_9samples_excluding_xenium_overlap.h5ad
