Traceback (most recent call last):
  File "/beegfs/labs/hulab/projects/mjabin/GeneBridge/src/snrnaseq_branch/03_batiuk_huuki_gene_overlap/04_create_overlap_filtered_h5ads.py", line 577, in <module>
    main()
  File "/beegfs/labs/hulab/projects/mjabin/GeneBridge/src/snrnaseq_branch/03_batiuk_huuki_gene_overlap/04_create_overlap_filtered_h5ads.py", line 360, in main
    .to_memory()
  File "/beegfs/labs/hulab/projects/mjabin/conda_envs/genebridge_scanpy/lib/python3.10/site-packages/anndata/_core/anndata.py", line 1415, in to_memory
    attr = getattr(self, attr_name, None)
  File "/beegfs/labs/hulab/projects/mjabin/conda_envs/genebridge_scanpy/lib/python3.10/site-packages/anndata/_core/anndata.py", line 557, in X
    X = _subset(X, (self._oidx, self._vidx))
  File "/beegfs/labs/hulab/projects/mjabin/conda_envs/genebridge_scanpy/lib/python3.10/functools.py", line 889, in wrapper
    return dispatch(args[0].__class__)(*args, **kw)
  File "/beegfs/labs/hulab/projects/mjabin/conda_envs/genebridge_scanpy/lib/python3.10/site-packages/anndata/_core/sparse_dataset.py", line 660, in subset_sparsedataset
    return d[subset_idx]
  File "/beegfs/labs/hulab/projects/mjabin/conda_envs/genebridge_scanpy/lib/python3.10/site-packages/anndata/_core/sparse_dataset.py", line 452, in __getitem__
    sub = self.to_memory()[row_sp_matrix_validated, col_sp_matrix_validated]
  File "/beegfs/labs/hulab/projects/mjabin/conda_envs/genebridge_scanpy/lib/python3.10/site-packages/anndata/_core/sparse_dataset.py", line 575, in to_memory
    mtx.data = self.group["data"][...]
  File "h5py/_objects.pyx", line 54, in h5py._objects.with_phil.wrapper
  File "h5py/_objects.pyx", line 55, in h5py._objects.with_phil.wrapper
  File "/beegfs/labs/hulab/projects/mjabin/conda_envs/genebridge_scanpy/lib/python3.10/site-packages/h5py/_hl/dataset.py", line 872, in __getitem__
    return self._fast_reader.read(args)
  File "h5py/_objects.pyx", line 54, in h5py._objects.with_phil.wrapper
  File "h5py/_objects.pyx", line 55, in h5py._objects.with_phil.wrapper
  File "h5py/_selector.pyx", line 393, in h5py._selector.Reader.read
OSError: Can't synchronously read data (filter returned failure during read)
