============================================================
Create separate Batiuk SCZ and NTC H5AD files
============================================================
Job ID: 3964984
Node: node01.hgcc.emory.edu
Started: Wed Aug  5 17:11:51 EDT 2026
Rscript: /beegfs/labs/hulab/projects/mjabin/conda_envs/genebridge_r/bin/Rscript
Script: /beegfs/labs/hulab/projects/mjabin/GeneBridge/src/snrnaseq_branch/03_batiuk_huuki_gene_overlap/03_make_baituk_scz_ntc_h5ad.R
CPUs: 16
Memory: 200G
============================================================
Rscript (R) version 4.5.3 (2026-03-11)
Matrix = 1.7.5
SingleCellExperiment = 1.32.0
SummarizedExperiment = 1.40.0
S4Vectors = 0.48.0
anndataR = 1.0.2

Starting Batiuk SCZ/NTC H5AD creation...

==================================================================================================== 
Create separate Batiuk SCZ and NTC H5AD files 
==================================================================================================== 
Input RDS:
 /beegfs/labs/hulab/projects/mjabin/GeneBridge/data/raw/Baituk/snRNA-seq_raw_countmatrices.RDS 
SCZ output:
 /beegfs/labs/hulab/projects/mjabin/GeneBridge/data/processed/snrnaseq/Baituk/baituk_snrna_reference_SCZ_full_allgenes.h5ad 
NTC output:
 /beegfs/labs/hulab/projects/mjabin/GeneBridge/data/processed/snrnaseq/Baituk/baituk_snrna_reference_NTC_full_allgenes.h5ad 

==================================================================================================== 
Reading Batiuk RDS 
==================================================================================================== 
Resolved samples:
 MB6, MB8, MB8-2, MB10, MB12, MB14, MB22, MB23, MB54, MB56, MB7, MB9, MB11, MB13, MB15, MB16, MB17, MB18-2, MB19, MB21, MB51, MB53, MB55, MB57 

==================================================================================================== 
Extracting sample matrices 
==================================================================================================== 

Processing MB6 [SCZ]...
Shape [genes x cells]: 60617 x 8183

Processing MB8 [SCZ]...
Shape [genes x cells]: 60617 x 5267

Processing MB8-2 [SCZ]...
Shape [genes x cells]: 60617 x 6565

Processing MB10 [SCZ]...
Shape [genes x cells]: 60617 x 8750

Processing MB12 [SCZ]...
Shape [genes x cells]: 60617 x 10487

Processing MB14 [SCZ]...
Shape [genes x cells]: 60617 x 9989

Processing MB22 [SCZ]...
Shape [genes x cells]: 60617 x 8816

Processing MB23 [SCZ]...
Shape [genes x cells]: 60617 x 10599

Processing MB54 [SCZ]...
Shape [genes x cells]: 60617 x 7005

Processing MB56 [SCZ]...
Shape [genes x cells]: 60617 x 6156

Processing MB7 [NTC]...
Shape [genes x cells]: 60617 x 9838

Processing MB9 [NTC]...
Shape [genes x cells]: 60617 x 10652

Processing MB11 [NTC]...
Shape [genes x cells]: 60617 x 11580

Processing MB13 [NTC]...
Shape [genes x cells]: 60617 x 9253

Processing MB15 [NTC]...
Shape [genes x cells]: 60617 x 10439

Processing MB16 [NTC]...
Shape [genes x cells]: 60617 x 7564

Processing MB17 [NTC]...
Shape [genes x cells]: 60617 x 9846

Processing MB18-2 [NTC]...
Shape [genes x cells]: 60617 x 10176

Processing MB19 [NTC]...
Shape [genes x cells]: 60617 x 9792

Processing MB21 [NTC]...
Shape [genes x cells]: 60617 x 9890

Processing MB51 [NTC]...
Shape [genes x cells]: 60617 x 4633

Processing MB53 [NTC]...
Shape [genes x cells]: 60617 x 7879

Processing MB55 [NTC]...
Shape [genes x cells]: 60617 x 8315

Processing MB57 [NTC]...
Shape [genes x cells]: 60617 x 7379

Sample summary:
       sample donor_id diagnosis n_genes n_cells nonzero_values
MB6       MB6      MB6       SCZ   60617    8183       38765873
MB8       MB8      MB8       SCZ   60617    5267       15957319
MB8-2   MB8-2      MB8       SCZ   60617    6565       25100862
MB10     MB10     MB10       SCZ   60617    8750       39399881
MB12     MB12     MB12       SCZ   60617   10487       44471672
MB14     MB14     MB14       SCZ   60617    9989       45140830
MB22     MB22     MB22       SCZ   60617    8816       41104640
MB23     MB23     MB23       SCZ   60617   10599       47990400
MB54     MB54     MB54       SCZ   60617    7005       18252194
MB56     MB56     MB56       SCZ   60617    6156       25102426
MB7       MB7      MB7       NTC   60617    9838       42200055
MB9       MB9      MB9       NTC   60617   10652       45531868
MB11     MB11     MB11       NTC   60617   11580       46666471
MB13     MB13     MB13       NTC   60617    9253       41568472
MB15     MB15     MB15       NTC   60617   10439       52597891
MB16     MB16     MB16       NTC   60617    7564       38518873
MB17     MB17     MB17       NTC   60617    9846       45573508
MB18-2 MB18-2   MB18-2       NTC   60617   10176       50173207
MB19     MB19     MB19       NTC   60617    9792       42107974
MB21     MB21     MB21       NTC   60617    9890       49127665
MB51     MB51     MB51       NTC   60617    4633       20779857
MB53     MB53     MB53       NTC   60617    7879       28839919
MB55     MB55     MB55       NTC   60617    8315       31972203
MB57     MB57     MB57       NTC   60617    7379       30045093

==================================================================================================== 
Combining and writing SCZ 
==================================================================================================== 
SCZ  samples:
 MB6, MB8, MB8-2, MB10, MB12, MB14, MB22, MB23, MB54, MB56 
SCZ dimensions [genes x cells]: 60617 x 81817
Writing temporary H5AD without compression:
 /beegfs/labs/hulab/projects/mjabin/GeneBridge/data/processed/snrnaseq/Baituk/baituk_snrna_reference_SCZ_full_allgenes.tmp.h5ad 
SCZ completed successfully.
Output: /beegfs/labs/hulab/projects/mjabin/GeneBridge/data/processed/snrnaseq/Baituk/baituk_snrna_reference_SCZ_full_allgenes.h5ad
Output size: 3.847 GB

==================================================================================================== 
Combining and writing NTC 
==================================================================================================== 
NTC  samples:
 MB7, MB9, MB11, MB13, MB15, MB16, MB17, MB18-2, MB19, MB21, MB51, MB53, MB55, MB57 
NTC dimensions [genes x cells]: 60617 x 127236
Writing temporary H5AD without compression:
 /beegfs/labs/hulab/projects/mjabin/GeneBridge/data/processed/snrnaseq/Baituk/baituk_snrna_reference_NTC_full_allgenes.tmp.h5ad 
NTC completed successfully.
Output: /beegfs/labs/hulab/projects/mjabin/GeneBridge/data/processed/snrnaseq/Baituk/baituk_snrna_reference_NTC_full_allgenes.h5ad
Output size: 10.155 GB

==================================================================================================== 
DONE 
==================================================================================================== 
  diagnosis n_samples n_cells n_genes
1       SCZ        10   81817   60617
2       NTC        14  127236   60617
                                                                                                                 output_h5ad
1 /beegfs/labs/hulab/projects/mjabin/GeneBridge/data/processed/snrnaseq/Baituk/baituk_snrna_reference_SCZ_full_allgenes.h5ad
2 /beegfs/labs/hulab/projects/mjabin/GeneBridge/data/processed/snrnaseq/Baituk/baituk_snrna_reference_NTC_full_allgenes.h5ad
  output_size_gb
1         3.8472
2        10.1547

SCZ H5AD:
 /beegfs/labs/hulab/projects/mjabin/GeneBridge/data/processed/snrnaseq/Baituk/baituk_snrna_reference_SCZ_full_allgenes.h5ad 

NTC H5AD:
 /beegfs/labs/hulab/projects/mjabin/GeneBridge/data/processed/snrnaseq/Baituk/baituk_snrna_reference_NTC_full_allgenes.h5ad 

Summary:
 /beegfs/labs/hulab/projects/mjabin/GeneBridge/outputs/snrnaseq_branch/03_batiuk_huuki_gene_overlap/baituk_scz_ntc_h5ad_summary.csv 

Sample summary:
 /beegfs/labs/hulab/projects/mjabin/GeneBridge/outputs/snrnaseq_branch/03_batiuk_huuki_gene_overlap/baituk_scz_ntc_sample_summary.csv 

Conversion completed successfully.

============================================================
Completed successfully
Finished: Wed Aug  5 17:14:16 EDT 2026
============================================================
