============================================================
Compare Batiuk and Huuki genes
============================================================
Job ID: 3842711
Node: node12.hgcc.emory.edu
Started: Mon Jul 27 19:16:40 EDT 2026
Project root: /beegfs/labs/hulab/projects/mjabin/GeneBridge
Python: /beegfs/labs/hulab/projects/mjabin/conda_envs/genebridge_scanpy/bin/python
Script: /beegfs/labs/hulab/projects/mjabin/GeneBridge/src/snrnaseq_branch/03_batiuk_huuki_gene_overlap/02_compare_batiuk_huuki_genes.py
============================================================
Python 3.10.20
Python: /beegfs/labs/hulab/projects/mjabin/conda_envs/genebridge_scanpy/bin/python
anndata: 0.10.9
pandas: 2.2.2

Starting Batiuk–Huuki gene comparison...

================================================================================
Reading Huuki H5AD in backed mode
================================================================================
AnnData object with n_obs × n_vars = 77604 × 36601 backed at '/beegfs/labs/hulab/projects/mjabin/GeneBridge/data/processed/snrnaseq/sce_DLPFC_annotated/huuki_snrna_reference_full_allgenes.h5ad'
    obs: 'Sample', 'Barcode', 'key', 'SAMPLE_ID', 'pos', 'BrNum', 'round', 'Position', 'age', 'sex', 'diagnosis', 'sum', 'detected', 'subsets_Mito_sum', 'subsets_Mito_detected', 'subsets_Mito_percent', 'total', 'high_mito', 'low_sum', 'low_detected', 'discard_auto', 'doubletScore', 'prelimCluster', 'collapsedCluster', 'kmeans', 'sizeFactor', 'cellType_broad_k', 'cellType_k', 'cellType_broad_hc', 'cellType_hc', 'cellType_layer', 'layer_annotation', 'source_chunk', 'merge_batch'
    layers: 'logcounts'
Huuki shape [cells x genes]: (77604, 36601)

================================================================================
HUUKI–BATIUK GENE OVERLAP
================================================================================
huuki_gene_source  n_unique_huuki_values  shared_exact_with_batiuk_union  shared_case_insensitive_with_batiuk_union
        var_names                  36601                           36119                                      36119

Selected Huuki gene source:
var_names

Final summary:
                                   metric     value
               selected_huuki_gene_source var_names
                       batiuk_union_genes     60617
                batiuk_intersection_genes     60617
                       huuki_unique_genes     36601
       shared_exact_batiuk_union_vs_huuki     36119
shared_exact_batiuk_intersection_vs_huuki     36119
                  shared_case_insensitive     36119
                     genes_only_in_batiuk     24498
                      genes_only_in_huuki       482
   percent_batiuk_union_shared_with_huuki   59.5856
         percent_huuki_shared_with_batiuk   98.6831

Created:
/beegfs/labs/hulab/projects/mjabin/GeneBridge/outputs/snrnaseq_branch/03_batiuk_huuki_gene_overlap/batiuk_huuki_gene_overlap_summary.csv
/beegfs/labs/hulab/projects/mjabin/GeneBridge/outputs/snrnaseq_branch/03_batiuk_huuki_gene_overlap/batiuk_huuki_shared_genes.csv
/beegfs/labs/hulab/projects/mjabin/GeneBridge/outputs/snrnaseq_branch/03_batiuk_huuki_gene_overlap/genes_only_in_batiuk.csv
/beegfs/labs/hulab/projects/mjabin/GeneBridge/outputs/snrnaseq_branch/03_batiuk_huuki_gene_overlap/genes_only_in_huuki.csv

============================================================
Completed successfully
Finished: Mon Jul 27 19:17:14 EDT 2026
============================================================
