============================================================
Check three references against one Br8667 Xenium target
============================================================
Job ID: 3850778
Node: node11.hgcc.emory.edu
Started: Wed Jul 29 16:39:15 EDT 2026
Python: /beegfs/labs/hulab/projects/mjabin/conda_envs/genebridge_scanpy/bin/python
Script: /beegfs/labs/hulab/projects/mjabin/GeneBridge/src/imputation/07_check_three_reference_target_alignment.py
============================================================
Python syntax check: PASSED

====================================================================================================
CHECKING RAW AND QC XENIUM TARGETS
====================================================================================================
                                                                                                                 raw_file                                                                                                                      qc_file  raw_cells  qc_cells  raw_genes  qc_genes  same_gene_set  same_gene_order  raw_duplicate_genes  qc_duplicate_genes                                                raw_gene_checksum                                                 qc_gene_checksum
/beegfs/labs/hulab/projects/mjabin/GeneBridge/data/processed/imputation_beta/Br8667/spatial_data_xenium_Br8667_vista.h5ad /beegfs/labs/hulab/projects/mjabin/GeneBridge/data/processed/imputation_beta/Br8667/spatial_data_xenium_Br8667_vista_qc.h5ad      66164     66164        300       300           True             True                    0                   0 3cefb33f350f620ff8bd967d097280d6301bdb29197c494eab044289b83ebf15 3cefb33f350f620ff8bd967d097280d6301bdb29197c494eab044289b83ebf15

Canonical target for all experiments:
/beegfs/labs/hulab/projects/mjabin/GeneBridge/data/processed/imputation_beta/Br8667/spatial_data_xenium_Br8667_vista_qc.h5ad
Nine-brain reference selected:
/beegfs/labs/hulab/projects/mjabin/GeneBridge/data/processed/imputation_beta/Br8667/seq_data_huuki_snrna_Ex5_3_9brains_excluding_Br8667.h5ad

Additional matching candidate files:
/beegfs/labs/hulab/projects/mjabin/GeneBridge/data/processed/imputation_beta/Br8667/seq_data_huuki_snrna_9samples_excluding_xenium_overlap.h5ad
/beegfs/labs/hulab/projects/mjabin/GeneBridge/data/processed/imputation_beta/Br8667/seq_data_huuki_snrna_Ex5_3_9samples_excluding_xenium_overlap.h5ad
/beegfs/labs/hulab/projects/mjabin/GeneBridge/data/processed/imputation_beta/Br8667/seq_data_huuki_snrna_9brains_excluding_Br8667.h5ad

====================================================================================================
CHECKING Experiment_5_Br8667_only
====================================================================================================

Alignment:
              experiment                                                                                                             reference_file                                                                                                                  target_file  reference_cells  reference_genes  target_genes  shared_target_genes  missing_target_genes  target_coverage_percent  reference_duplicate_genes  target_duplicate_genes  reindexable_to_exact_target_order                                          reference_gene_checksum                                             target_gene_checksum     alignment_status  overall_pass layers
Experiment_5_Br8667_only /beegfs/labs/hulab/projects/mjabin/GeneBridge/data/processed/imputation_beta/Br8667/seq_data_huuki_snrna_Br8667_vista.h5ad /beegfs/labs/hulab/projects/mjabin/GeneBridge/data/processed/imputation_beta/Br8667/spatial_data_xenium_Br8667_vista_qc.h5ad             9897            28907           300                  300                     0                    100.0                          0                       0                               True b6e45e2c2dd38a5acca2709ab6dd6e1c6bc7646948dfd6ffcdade423adc02922 3cefb33f350f620ff8bd967d097280d6301bdb29197c494eab044289b83ebf15 COMPLETE_100_PERCENT          True       

Cohort:
              experiment                                                                                                             reference_file  expected_brains  observed_brains brain_ids  observed_sample_variants       sample_variants  contains_Br8667  expected_Br8667_presence       Br8667_variants  brain_count_pass  Br8667_presence_pass  Br8667_only_pass  cohort_pass
Experiment_5_Br8667_only /beegfs/labs/hulab/projects/mjabin/GeneBridge/data/processed/imputation_beta/Br8667/seq_data_huuki_snrna_Br8667_vista.h5ad                1                1    Br8667                         2 Br8667_ant;Br8667_mid             True                      True Br8667_ant;Br8667_mid              True                  True              True         True

====================================================================================================
CHECKING Experiment_5_1_All_10_Huuki
====================================================================================================

Alignment:
                 experiment                                                                                                                     reference_file                                                                                                                  target_file  reference_cells  reference_genes  target_genes  shared_target_genes  missing_target_genes  target_coverage_percent  reference_duplicate_genes  target_duplicate_genes  reindexable_to_exact_target_order                                          reference_gene_checksum                                             target_gene_checksum     alignment_status  overall_pass    layers
Experiment_5_1_All_10_Huuki /beegfs/labs/hulab/projects/mjabin/GeneBridge/data/processed/snrnaseq/sce_DLPFC_annotated/huuki_snrna_reference_full_allgenes.h5ad /beegfs/labs/hulab/projects/mjabin/GeneBridge/data/processed/imputation_beta/Br8667/spatial_data_xenium_Br8667_vista_qc.h5ad            77604            36601           300                  300                     0                    100.0                          0                       0                               True ac0a8d26ff47056ca955f1175d36e77f9785be8faf128311c04fc5205d604e90 3cefb33f350f620ff8bd967d097280d6301bdb29197c494eab044289b83ebf15 COMPLETE_100_PERCENT          True logcounts

Cohort:
                 experiment                                                                                                                     reference_file  expected_brains  observed_brains                                                             brain_ids  observed_sample_variants                                                                                                                                                                                                      sample_variants  contains_Br8667  expected_Br8667_presence       Br8667_variants  brain_count_pass  Br8667_presence_pass  Br8667_only_pass  cohort_pass
Experiment_5_1_All_10_Huuki /beegfs/labs/hulab/projects/mjabin/GeneBridge/data/processed/snrnaseq/sce_DLPFC_annotated/huuki_snrna_reference_full_allgenes.h5ad               10               10 Br2720;Br2743;Br3942;Br6423;Br6432;Br6471;Br6522;Br8325;Br8492;Br8667                        19 Br2720_mid;Br2720_post;Br2743_ant;Br2743_mid;Br3942_ant;Br3942_mid;Br6423_ant;Br6423_post;Br6432_ant;Br6471_ant;Br6471_mid;Br6522_mid;Br6522_post;Br8325_ant;Br8325_mid;Br8492_mid;Br8492_post;Br8667_ant;Br8667_mid             True                      True Br8667_ant;Br8667_mid              True                  True              True         True

====================================================================================================
CHECKING Experiment_5_2_or_5_3_Nine_Huuki
====================================================================================================

Alignment:
                      experiment                                                                                                                               reference_file                                                                                                                  target_file  reference_cells  reference_genes  target_genes  shared_target_genes  missing_target_genes  target_coverage_percent  reference_duplicate_genes  target_duplicate_genes  reindexable_to_exact_target_order                                          reference_gene_checksum                                             target_gene_checksum     alignment_status  overall_pass    layers
Experiment_5_2_or_5_3_Nine_Huuki /beegfs/labs/hulab/projects/mjabin/GeneBridge/data/processed/imputation_beta/Br8667/seq_data_huuki_snrna_Ex5_3_9brains_excluding_Br8667.h5ad /beegfs/labs/hulab/projects/mjabin/GeneBridge/data/processed/imputation_beta/Br8667/spatial_data_xenium_Br8667_vista_qc.h5ad            67707            36601           300                  300                     0                    100.0                          0                       0                               True ac0a8d26ff47056ca955f1175d36e77f9785be8faf128311c04fc5205d604e90 3cefb33f350f620ff8bd967d097280d6301bdb29197c494eab044289b83ebf15 COMPLETE_100_PERCENT          True logcounts

Cohort:
                      experiment                                                                                                                               reference_file  expected_brains  observed_brains                                                      brain_ids  observed_sample_variants                                                                                                                                                                                sample_variants  contains_Br8667  expected_Br8667_presence Br8667_variants  brain_count_pass  Br8667_presence_pass  Br8667_only_pass  cohort_pass
Experiment_5_2_or_5_3_Nine_Huuki /beegfs/labs/hulab/projects/mjabin/GeneBridge/data/processed/imputation_beta/Br8667/seq_data_huuki_snrna_Ex5_3_9brains_excluding_Br8667.h5ad                9                9 Br2720;Br2743;Br3942;Br6423;Br6432;Br6471;Br6522;Br8325;Br8492                        17 Br2720_mid;Br2720_post;Br2743_ant;Br2743_mid;Br3942_ant;Br3942_mid;Br6423_ant;Br6423_post;Br6432_ant;Br6471_ant;Br6471_mid;Br6522_mid;Br6522_post;Br8325_ant;Br8325_mid;Br8492_mid;Br8492_post            False                     False                              True                  True              True         True

====================================================================================================
FINAL ALIGNMENT SUMMARY
====================================================================================================
                      experiment  reference_cells  reference_genes  target_genes  shared_target_genes  missing_target_genes  target_coverage_percent  reindexable_to_exact_target_order     alignment_status  overall_pass
        Experiment_5_Br8667_only             9897            28907           300                  300                     0                    100.0                               True COMPLETE_100_PERCENT          True
     Experiment_5_1_All_10_Huuki            77604            36601           300                  300                     0                    100.0                               True COMPLETE_100_PERCENT          True
Experiment_5_2_or_5_3_Nine_Huuki            67707            36601           300                  300                     0                    100.0                               True COMPLETE_100_PERCENT          True

====================================================================================================
FINAL COHORT SUMMARY
====================================================================================================
                      experiment  expected_brains  observed_brains  observed_sample_variants  contains_Br8667  cohort_pass
        Experiment_5_Br8667_only                1                1                         2             True         True
     Experiment_5_1_All_10_Huuki               10               10                        19             True         True
Experiment_5_2_or_5_3_Nine_Huuki                9                9                        17            False         True

====================================================================================================
ALL THREE EXPERIMENTS PASSED
====================================================================================================
Alignment summary:
/beegfs/labs/hulab/projects/mjabin/GeneBridge/outputs/imputation_beta/Br8667/reference_alignment_check/reference_target_alignment_summary.csv

Cohort summary:
/beegfs/labs/hulab/projects/mjabin/GeneBridge/outputs/imputation_beta/Br8667/reference_alignment_check/reference_cohort_summary.csv

The same QC Br8667 Xenium target is suitable for all three reference experiments.

Completed successfully: Wed Jul 29 16:39:57 EDT 2026
