====================================================================================================
BUILD ENVI FULL-TRANSCRIPTOME DONOR PSEUDOBULK
====================================================================================================

[01/23] Br2039 | SCZ
    cells 512/41,101
    cells 10,752/41,101
    cells 20,992/41,101
    cells 31,232/41,101
    cells 41,101/41,101

[02/23] Br2719 | NTC
    NOTE: gene order differs; aligning by gene name.
    cells 512/57,949
    cells 10,752/57,949
    cells 20,992/57,949
    cells 31,232/57,949
    cells 41,472/57,949
    cells 51,712/57,949
    cells 57,949/57,949

[03/23] Br1113 | NTC
    NOTE: gene order differs; aligning by gene name.
    cells 512/54,585
    cells 10,752/54,585
    cells 20,992/54,585
    cells 31,232/54,585
    cells 41,472/54,585
    cells 51,712/54,585
    cells 54,585/54,585

[04/23] Br5373 | SCZ
    NOTE: gene order differs; aligning by gene name.
    cells 512/63,894
    cells 10,752/63,894
    cells 20,992/63,894
    cells 31,232/63,894
    cells 41,472/63,894
    cells 51,712/63,894
    cells 61,952/63,894
    cells 63,894/63,894

[05/23] Br5590 | SCZ
    NOTE: gene order differs; aligning by gene name.
    cells 512/53,577
    cells 10,752/53,577
    cells 20,992/53,577
    cells 31,232/53,577
    cells 41,472/53,577
    cells 51,712/53,577
    cells 53,577/53,577

[06/23] Br5400 | NTC
    NOTE: gene order differs; aligning by gene name.
    cells 512/44,283
    cells 10,752/44,283
    cells 20,992/44,283
    cells 31,232/44,283
    cells 41,472/44,283
    cells 44,283/44,283

[07/23] Br5622 | NTC
    NOTE: gene order differs; aligning by gene name.
    cells 512/68,236
    cells 10,752/68,236
    cells 20,992/68,236
    cells 31,232/68,236
    cells 41,472/68,236
    cells 51,712/68,236
    cells 61,952/68,236
    cells 68,236/68,236

[08/23] Br6437 | SCZ
    NOTE: gene order differs; aligning by gene name.
    cells 512/55,773
    cells 10,752/55,773
    cells 20,992/55,773
    cells 31,232/55,773
    cells 41,472/55,773
    cells 51,712/55,773
    cells 55,773/55,773

[09/23] Br5314 | NTC
    NOTE: gene order differs; aligning by gene name.
    cells 512/45,585
    cells 10,752/45,585
    cells 20,992/45,585
    cells 31,232/45,585
    cells 41,472/45,585
    cells 45,585/45,585

[10/23] Br5588 | SCZ
    NOTE: gene order differs; aligning by gene name.
    cells 512/59,694
    cells 10,752/59,694
    cells 20,992/59,694
    cells 31,232/59,694
    cells 41,472/59,694
    cells 51,712/59,694
    cells 59,694/59,694

[11/23] Br5746 | SCZ
    NOTE: gene order differs; aligning by gene name.
    cells 512/43,025
    cells 10,752/43,025
    cells 20,992/43,025
    cells 31,232/43,025
    cells 41,472/43,025
    cells 43,025/43,025

[12/23] Br5639 | NTC
    NOTE: gene order differs; aligning by gene name.
    cells 512/58,976
    cells 10,752/58,976
    cells 20,992/58,976
    cells 31,232/58,976
    cells 41,472/58,976
    cells 51,712/58,976
    cells 58,976/58,976

[13/23] Br8433 | NTC
    NOTE: gene order differs; aligning by gene name.
    cells 512/58,195
    cells 10,752/58,195
    cells 20,992/58,195
    cells 31,232/58,195
    cells 41,472/58,195
    cells 51,712/58,195
    cells 58,195/58,195

[14/23] Br8772 | SCZ
    NOTE: gene order differs; aligning by gene name.
    cells 512/54,456
    cells 10,752/54,456
    cells 20,992/54,456
    cells 31,232/54,456
    cells 41,472/54,456
    cells 51,712/54,456
    cells 54,456/54,456

[15/23] Br1139 | SCZ
    NOTE: gene order differs; aligning by gene name.
    cells 512/56,617
    cells 10,752/56,617
    cells 20,992/56,617
    cells 31,232/56,617
    cells 41,472/56,617
    cells 51,712/56,617
    cells 56,617/56,617

[16/23] Br5973 | SCZ
    NOTE: gene order differs; aligning by gene name.
    cells 512/41,895
    cells 10,752/41,895
    cells 20,992/41,895
    cells 31,232/41,895
    cells 41,472/41,895
    cells 41,895/41,895

[17/23] Br8667 | NTC
    NOTE: gene order differs; aligning by gene name.
    cells 512/66,164
    cells 10,752/66,164
    cells 20,992/66,164
    cells 31,232/66,164
    cells 41,472/66,164
    cells 51,712/66,164
    cells 61,952/66,164
    cells 66,164/66,164

[18/23] Br5436 | NTC
    NOTE: gene order differs; aligning by gene name.
    cells 512/44,430
    cells 10,752/44,430
    cells 20,992/44,430
    cells 31,232/44,430
    cells 41,472/44,430
    cells 44,430/44,430

[19/23] Br5931 | NTC
    NOTE: gene order differs; aligning by gene name.
    cells 512/43,522
    cells 10,752/43,522
    cells 20,992/43,522
    cells 31,232/43,522
    cells 41,472/43,522
    cells 43,522/43,522

[20/23] Br6496 | SCZ
    NOTE: gene order differs; aligning by gene name.
    cells 512/56,213
    cells 10,752/56,213
    cells 20,992/56,213
    cells 31,232/56,213
    cells 41,472/56,213
    cells 51,712/56,213
    cells 56,213/56,213

[21/23] Br2421 | SCZ
    NOTE: gene order differs; aligning by gene name.
    cells 512/62,073
    cells 10,752/62,073
    cells 20,992/62,073
    cells 31,232/62,073
    cells 41,472/62,073
    cells 51,712/62,073
    cells 61,952/62,073
    cells 62,073/62,073

[22/23] Br6032 | SCZ
    NOTE: gene order differs; aligning by gene name.
    cells 512/44,669
    cells 10,752/44,669
    cells 20,992/44,669
    cells 31,232/44,669
    cells 41,472/44,669
    cells 44,669/44,669

[23/23] Br6389 | NTC
    NOTE: gene order differs; aligning by gene name.
    cells 512/49,542
    cells 10,752/49,542
    cells 20,992/49,542
    cells 31,232/49,542
    cells 41,472/49,542
    cells 49,542/49,542

Final pseudobulk shape: (23, 34987)

Gene source:
expression_source
envi_imputed       34687
measured_xenium      300
Name: count, dtype: int64

Diagnosis:
Dx
SCZ    12
NTC    11
Name: count, dtype: int64

SUCCESS
/beegfs/labs/hulab/projects/mjabin/GeneBridge/outputs/imputation_full/DE/envi_transcriptome/ENVI_full34987_pseudobulk_countscale_23donors.csv.gz
