====================================================================================================
ENVI three-fold benchmark
====================================================================================================
Job: 3976254
Array job: 3976250
Task/fold: 1
Node: node03.hgcc.emory.edu
Started: Fri Aug  7 04:18:55 EDT 2026

Experiment: ex5_1
Experiment label: Experiment 5.1
Reference: /beegfs/labs/hulab/projects/mjabin/GeneBridge/data/processed/snrnaseq/sce_DLPFC_annotated/huuki_snrna_reference_full_allgenes.h5ad
Python: /beegfs/labs/hulab/projects/mjabin/conda_envs/Imputation/bin/python

Training steps: 16000
Batch size: 128
num_HVG: 2048
num_cov_genes: 64
k_nearest: 8
covet_batch_size: 256
spatial_dist: pois
sc_dist: nb
stable_eps: 1e-6

JAX backend: cpu
Memory: 200G
CPUs: 16
Array policy: 1-3%3
====================================================================================================
scenvi: version-not-exposed
JAX: 0.4.30
JAX backend: cpu
JAX devices: [CpuDevice(id=0)]
====================================================================================================
STANDARD ENVI 3-FOLD BENCHMARK
====================================================================================================
Experiment: ex5_1
Experiment label: Experiment 5.1
Fold: 1
Reference: /beegfs/labs/hulab/projects/mjabin/GeneBridge/data/processed/snrnaseq/sce_DLPFC_annotated/huuki_snrna_reference_full_allgenes.h5ad
Reference raw shape: (77604, 36601)
ENVI reference model input: (77604, 2348)
ENVI spatial model input: (66148, 200)
Held-out truth: (66148, 100)
Training steps: 16000
Batch size: 128
num_HVG: 2048
num_cov_genes: 64
k_nearest: 8
covet_batch_size: 256
spatial_dist: pois
sc_dist: nb
stable_eps: 1e-06
Seed: 8668
Dropped optional kwargs: ['covet_batch_size']
Output: /beegfs/labs/hulab/projects/mjabin/GeneBridge/outputs/imputation_beta/Br8667/ex5_1/envi/fold_1
====================================================================================================
DEBUG
Computing Niche Covariance Matrices
Initializing CVAE
Finished Initializing ENVI
Finished imputing missing gene for spatial data! See 'imputation' in obsm of ENVI.spatial_data
Highlight-gene plot saved: /beegfs/labs/hulab/projects/mjabin/GeneBridge/outputs/imputation_beta/Br8667/ex5_1/envi/fold_1/figures/ten_gene_observed_vs_prediction.png
Genes plotted: ['ALDH1A1', 'NORAD', 'APOLD1', 'SOX2-OT', 'MYL9', 'CARTPT', 'FGFR3', 'PLEC', 'NDUFB2', 'ACY3']
====================================================================================================
SUCCESS
Prediction: /beegfs/labs/hulab/projects/mjabin/GeneBridge/outputs/imputation_beta/Br8667/ex5_1/envi/fold_1/predicted_heldout_genes.h5ad
Gene metrics: /beegfs/labs/hulab/projects/mjabin/GeneBridge/outputs/imputation_beta/Br8667/ex5_1/envi/fold_1/gene_level_metrics.csv
Fold metrics: /beegfs/labs/hulab/projects/mjabin/GeneBridge/outputs/imputation_beta/Br8667/ex5_1/envi/fold_1/fold_level_metrics.csv
Initialization minutes: 0.34
Training minutes: 33.01
Imputation minutes: 0.36
Scale factor min/median/max: 0.0760446 3.14512 48.2752
complete.flag: /beegfs/labs/hulab/projects/mjabin/GeneBridge/outputs/imputation_beta/Br8667/ex5_1/envi/fold_1/complete.flag
run_complete.flag: /beegfs/labs/hulab/projects/mjabin/GeneBridge/outputs/imputation_beta/Br8667/ex5_1/envi/fold_1/run_complete.flag
====================================================================================================

====================================================================================================
SUCCESS
Experiment: ex5_1
Fold: 1
Completed: Fri Aug  7 04:55:54 EDT 2026
====================================================================================================
