====================================================================================================
ENVI three-fold benchmark
====================================================================================================
Job: 3976224
Array job: 3976220
Task/fold: 2
Node: node03.hgcc.emory.edu
Started: Fri Aug  7 04:10:17 EDT 2026

Experiment: ex5
Experiment label: Experiment 5
Reference: /beegfs/labs/hulab/projects/mjabin/GeneBridge/data/processed/imputation_beta/Br8667/seq_data_huuki_snrna_Br8667_vista.h5ad
Python: /beegfs/labs/hulab/projects/mjabin/conda_envs/Imputation/bin/python

Training steps: 16000
Batch size: 128
num_HVG: 2048
num_cov_genes: 64
k_nearest: 8
covet_batch_size: 256
spatial_dist: pois
sc_dist: nb
stable_eps: 1e-6

JAX backend: cpu
Memory: 200G
CPUs: 16
Array policy: 1-3%3
====================================================================================================
scenvi: version-not-exposed
JAX: 0.4.30
JAX backend: cpu
JAX devices: [CpuDevice(id=0)]
