============================================================================================================== 
CELL-TYPE-SPECIFIC ENVI DE: SCZ vs NTC
============================================================================================================== 

==============================================================================================================
[01/10] Oligo
============================================================================================================== 
Genes tested       : 34687 
Higher in SCZ      : 26129 
Higher in NTC      : 8558 
Nominal P < 0.05   : 6595 
Within-cell FDR<.05: 0 

==============================================================================================================
[02/10] Endo
============================================================================================================== 
Genes tested       : 34687 
Higher in SCZ      : 19002 
Higher in NTC      : 15685 
Nominal P < 0.05   : 3380 
Within-cell FDR<.05: 0 

==============================================================================================================
[03/10] Ast
============================================================================================================== 
Genes tested       : 34687 
Higher in SCZ      : 21724 
Higher in NTC      : 12963 
Nominal P < 0.05   : 4922 
Within-cell FDR<.05: 0 

==============================================================================================================
[04/10] L2/3 Ex
============================================================================================================== 
Genes tested       : 34687 
Higher in SCZ      : 20850 
Higher in NTC      : 13837 
Nominal P < 0.05   : 1973 
Within-cell FDR<.05: 0 

==============================================================================================================
[05/10] Mic
============================================================================================================== 
Genes tested       : 34687 
Higher in SCZ      : 13009 
Higher in NTC      : 21678 
Nominal P < 0.05   : 3868 
Within-cell FDR<.05: 0 

==============================================================================================================
[06/10] MGE
============================================================================================================== 
Genes tested       : 34687 
Higher in SCZ      : 13813 
Higher in NTC      : 20874 
Nominal P < 0.05   : 3179 
Within-cell FDR<.05: 0 

==============================================================================================================
[07/10] L4/5 Ex
============================================================================================================== 
Genes tested       : 34687 
Higher in SCZ      : 15315 
Higher in NTC      : 19372 
Nominal P < 0.05   : 2084 
Within-cell FDR<.05: 0 

==============================================================================================================
[08/10] CGE
============================================================================================================== 
Genes tested       : 34687 
Higher in SCZ      : 24395 
Higher in NTC      : 10292 
Nominal P < 0.05   : 5682 
Within-cell FDR<.05: 0 

==============================================================================================================
[09/10] L6 Ex
============================================================================================================== 
Genes tested       : 34687 
Higher in SCZ      : 12566 
Higher in NTC      : 22121 
Nominal P < 0.05   : 6414 
Within-cell FDR<.05: 141 

==============================================================================================================
[10/10] L5 Ex
============================================================================================================== 
Genes tested       : 34687 
Higher in SCZ      : 9046 
Higher in NTC      : 25641 
Nominal P < 0.05   : 4563 
Within-cell FDR<.05: 2 
