====================================================================================================
ENVI PRODUCTION
Array job : 4201180
Task      : 17
Donor     : Br5436
Dx        : NTC
Experiment: ex1_ntc
Memory    : 200G
CPUs      : 16
Started   : Thu Aug 20 16:44:34 EDT 2026
====================================================================================================

====================================================================================================
IMPORT ENVI
====================================================================================================
ENVI location: /beegfs/labs/hulab/projects/mjabin/conda_envs/Imputation/lib/python3.9/site-packages/scenvi/ENVI.py
JAX devices: [CpuDevice(id=0)]

====================================================================================================
PRODUCTION ENVI CONFIGURATION
====================================================================================================
Experiment       : ex1_ntc
Donor            : Br5436
Target           : /beegfs/labs/hulab/projects/mjabin/GeneBridge/data/processed/imputation_full/ex1_ntc/targets/spatial_data_xenium_Br5436_ex1_ntc.h5ad
Reference        : /beegfs/labs/hulab/projects/mjabin/GeneBridge/data/processed/snrnaseq/sce_DLPFC_annotated/huuki_snrna_reference_full_allgenes.h5ad
Output           : /beegfs/labs/hulab/projects/mjabin/GeneBridge/data/processed/imputation_full/ex1_ntc/envi/Br5436
Training steps   : 16000
Batch size       : 128
num_HVG          : 2048
num_cov_genes    : 64
k_nearest        : 8
spatial_dist     : pois
sc_dist          : nb
stable_eps       : 1e-06
Seed             : 8684

====================================================================================================
LOAD XENIUM TARGET
====================================================================================================
Target shape: (44430, 300)
Layers: ['counts']
obsm: ['spatial']
Cells: 44,430
Measured genes: 300
Observed 300-gene library range: 6.0 – 2795.0

====================================================================================================
LOAD HUUKI REFERENCE
====================================================================================================
Reference backed shape: (77604, 36601)
Reference layers: ['logcounts']
Loaded reference: (77604, 36601)
Reference load seconds: 89.78

====================================================================================================
GENE OVERLAP AUDIT
====================================================================================================
Xenium genes: 300
Xenium genes in Huuki: 300
Missing: 0

====================================================================================================
REFERENCE GENE QC
====================================================================================================
Removing all-zero reference genes: 1614
Reference cells retained: 77,604
Reference genes retained: 34,987
Reference-only genes: 34,687
Reference cells removed: 0
Reference genes removed: 1614

====================================================================================================
PREPARE ENVI METADATA
====================================================================================================
Spatial ENVI input: (44430, 300)
Huuki ENVI input: (77604, 34987)

====================================================================================================
INITIALIZE ENVI
====================================================================================================
Measured spatial genes: 300
Protected reference-only genes: 34,687
DEBUG
Computing Niche Covariance Matrices
Initializing CVAE
Finished Initializing ENVI
Initialization seconds: 62.83

====================================================================================================
POST-INITIALIZATION AUDIT
====================================================================================================
ENVI retained spatial genes: 300
ENVI retained scRNA genes: 34,987
Protected imputation genes retained: 34,687

====================================================================================================
TRAIN ENVI
====================================================================================================
Training seconds: 7398.65
Spatial latent shape: (44430, 512)

====================================================================================================
IMPUTE FULL TRANSCRIPTOME
====================================================================================================
Finished imputing missing gene for spatial data! See 'imputation' in obsm of ENVI.spatial_data
Prediction seconds: 32.09

====================================================================================================
NATIVE ENVI OUTPUT
====================================================================================================
Native output shape: (44430, 34987)

====================================================================================================
COUNT-SCALE CALIBRATION
====================================================================================================
Scale-factor median: 3.312095395182554
Scale-factor range: 0.08872748568541079 – 53.24169953269926

====================================================================================================
RESTORE MEASURED XENIUM COUNTS
====================================================================================================
Measured Xenium genes restored: 300
Imputed genes: 34687
Final count-scale shape: (44430, 34987)

====================================================================================================
CREATE log1p LAYER
====================================================================================================
log1p shape: (44430, 34987)

====================================================================================================
BUILD FINAL H5AD
====================================================================================================

====================================================================================================
PRE-WRITE QC
====================================================================================================
Shape: (44430, 34987)
Layers: ['count_scale', 'log1p', 'native']
obsm: ['spatial']
Measured genes: 300
Imputed genes: 34687

====================================================================================================
WRITE FULL PRODUCTION H5AD
====================================================================================================
Output: /beegfs/labs/hulab/projects/mjabin/GeneBridge/data/processed/imputation_full/ex1_ntc/envi/Br5436/spatial_data_xenium_Br5436_ENVI_full_transcriptome.h5ad

====================================================================================================
SUCCESS
====================================================================================================
Experiment: ex1_ntc
Donor: Br5436
Cells: 44,430
Total genes: 34,987
Measured Xenium genes: 300
ENVI-imputed genes: 34,687
X: final count-scale expression
layers["count_scale"]: final count-scale expression
layers["log1p"]: log1p(count_scale)
layers["native"]: original ENVI decoder output
obsm["spatial"]: (44430, 2)
Write seconds: 159.42
Output: /beegfs/labs/hulab/projects/mjabin/GeneBridge/data/processed/imputation_full/ex1_ntc/envi/Br5436/spatial_data_xenium_Br5436_ENVI_full_transcriptome.h5ad
DONE
====================================================================================================
SUCCESS: Br5436
Finished: Thu Aug 20 18:55:53 EDT 2026
====================================================================================================
