====================================================================================================
ENVI three-fold benchmark
====================================================================================================
Job: 3976257
Array job: 3976251
Task/fold: 2
Node: node02.hgcc.emory.edu
Started: Fri Aug  7 04:19:36 EDT 2026

Experiment: ex5_3
Experiment label: Experiment 5.3
Reference: /beegfs/labs/hulab/projects/mjabin/GeneBridge/data/processed/imputation_beta/Br8667/seq_data_huuki_snrna_9brains_excluding_Br8667.h5ad
Python: /beegfs/labs/hulab/projects/mjabin/conda_envs/Imputation/bin/python

Training steps: 16000
Batch size: 128
num_HVG: 2048
num_cov_genes: 64
k_nearest: 8
covet_batch_size: 256
spatial_dist: pois
sc_dist: nb
stable_eps: 1e-6

JAX backend: cpu
Memory: 200G
CPUs: 16
Array policy: 1-3%3
====================================================================================================
scenvi: version-not-exposed
JAX: 0.4.30
JAX backend: cpu
JAX devices: [CpuDevice(id=0)]
====================================================================================================
STANDARD ENVI 3-FOLD BENCHMARK
====================================================================================================
Experiment: ex5_3
Experiment label: Experiment 5.3
Fold: 2
Reference: /beegfs/labs/hulab/projects/mjabin/GeneBridge/data/processed/imputation_beta/Br8667/seq_data_huuki_snrna_9brains_excluding_Br8667.h5ad
Reference raw shape: (67707, 36601)
ENVI reference model input: (67707, 2348)
ENVI spatial model input: (66148, 200)
Held-out truth: (66148, 100)
Training steps: 16000
Batch size: 128
num_HVG: 2048
num_cov_genes: 64
k_nearest: 8
covet_batch_size: 256
spatial_dist: pois
sc_dist: nb
stable_eps: 1e-06
Seed: 8669
Dropped optional kwargs: ['covet_batch_size']
Output: /beegfs/labs/hulab/projects/mjabin/GeneBridge/outputs/imputation_beta/Br8667/ex5_3/envi/fold_2
====================================================================================================
DEBUG
Computing Niche Covariance Matrices
Initializing CVAE
Finished Initializing ENVI
Finished imputing missing gene for spatial data! See 'imputation' in obsm of ENVI.spatial_data
Highlight-gene plot saved: /beegfs/labs/hulab/projects/mjabin/GeneBridge/outputs/imputation_beta/Br8667/ex5_3/envi/fold_2/figures/ten_gene_observed_vs_prediction.png
Genes plotted: ['ITGB4', 'KCNK1', 'DDIT4', 'ENPP2', 'TNK2', 'AQP1', 'SYK', 'GPX3', 'ALCAM', 'YWHAH']
====================================================================================================
SUCCESS
Prediction: /beegfs/labs/hulab/projects/mjabin/GeneBridge/outputs/imputation_beta/Br8667/ex5_3/envi/fold_2/predicted_heldout_genes.h5ad
Gene metrics: /beegfs/labs/hulab/projects/mjabin/GeneBridge/outputs/imputation_beta/Br8667/ex5_3/envi/fold_2/gene_level_metrics.csv
Fold metrics: /beegfs/labs/hulab/projects/mjabin/GeneBridge/outputs/imputation_beta/Br8667/ex5_3/envi/fold_2/fold_level_metrics.csv
Initialization minutes: 0.36
Training minutes: 34.41
Imputation minutes: 0.40
Scale factor min/median/max: 0.0147442 2.05336 23.95
complete.flag: /beegfs/labs/hulab/projects/mjabin/GeneBridge/outputs/imputation_beta/Br8667/ex5_3/envi/fold_2/complete.flag
run_complete.flag: /beegfs/labs/hulab/projects/mjabin/GeneBridge/outputs/imputation_beta/Br8667/ex5_3/envi/fold_2/run_complete.flag
====================================================================================================

====================================================================================================
SUCCESS
Experiment: ex5_3
Fold: 2
Completed: Fri Aug  7 04:58:38 EDT 2026
====================================================================================================
