====================================================================================================
ENVI PRODUCTION FULL-TRANSCRIPTOME TEST
====================================================================================================
Experiment      : Ex2 SCZ
Donor           : Br2039
Reference       : All-10 Huuki snRNA
Measured genes  : 300 Xenium genes
Training steps  : 16000
Batch size      : 128
num_HVG         : 2048
num_cov_genes   : 64
k_nearest       : 8
Memory          : 200G
CPUs            : 16
Job ID          : 4200952
Host            : node02.hgcc.emory.edu
Started         : Thu Aug 20 11:48:00 EDT 2026
====================================================================================================

====================================================================================================
IMPORT ENVI
====================================================================================================
ENVI location: /beegfs/labs/hulab/projects/mjabin/conda_envs/Imputation/lib/python3.9/site-packages/scenvi/ENVI.py
JAX devices: [CpuDevice(id=0)]

====================================================================================================
PRODUCTION ENVI CONFIGURATION
====================================================================================================
Experiment       : ex2_scz
Donor            : Br2039
Target           : data/processed/imputation_full/ex2_scz/targets/spatial_data_xenium_Br2039_ex2_scz.h5ad
Reference        : data/processed/snrnaseq/sce_DLPFC_annotated/huuki_snrna_reference_full_allgenes.h5ad
Output           : data/processed/imputation_full/ex2_scz/envi/Br2039
Training steps   : 16000
Batch size       : 128
num_HVG          : 2048
num_cov_genes    : 64
k_nearest        : 8
spatial_dist     : pois
sc_dist          : nb
stable_eps       : 1e-06
Seed             : 0

====================================================================================================
LOAD XENIUM TARGET
====================================================================================================
Target shape: (41101, 300)
Layers: ['counts']
obsm: ['spatial']
Cells: 41,101
Measured genes: 300
Observed 300-gene library range: 1.0 – 1353.0

====================================================================================================
LOAD HUUKI REFERENCE
====================================================================================================
Reference backed shape: (77604, 36601)
Reference layers: ['logcounts']
Loaded reference: (77604, 36601)
Reference load seconds: 95.70

====================================================================================================
GENE OVERLAP AUDIT
====================================================================================================
Xenium genes: 300
Xenium genes in Huuki: 300
Missing: 0

====================================================================================================
REFERENCE GENE QC
====================================================================================================
Removing all-zero reference genes: 1614
Reference cells retained: 77,604
Reference genes retained: 34,987
Reference-only genes: 34,687
Reference cells removed: 0
Reference genes removed: 1614

====================================================================================================
PREPARE ENVI METADATA
====================================================================================================
Spatial ENVI input: (41101, 300)
Huuki ENVI input: (77604, 34987)

====================================================================================================
INITIALIZE ENVI
====================================================================================================
Measured spatial genes: 300
Protected reference-only genes: 34,687
DEBUG
Computing Niche Covariance Matrices
Initializing CVAE
Finished Initializing ENVI
Initialization seconds: 62.68

====================================================================================================
POST-INITIALIZATION AUDIT
====================================================================================================
ENVI retained spatial genes: 300
ENVI retained scRNA genes: 34,987
Protected imputation genes retained: 34,687

====================================================================================================
TRAIN ENVI
====================================================================================================
Training seconds: 6709.35
Spatial latent shape: (41101, 512)

====================================================================================================
IMPUTE FULL TRANSCRIPTOME
====================================================================================================
Finished imputing missing gene for spatial data! See 'imputation' in obsm of ENVI.spatial_data
Prediction seconds: 25.39

====================================================================================================
NATIVE ENVI OUTPUT
====================================================================================================
Native output shape: (41101, 34987)

====================================================================================================
COUNT-SCALE CALIBRATION
====================================================================================================
Scale-factor median: 3.093845896632038
Scale-factor range: 0.19610655793925483 – 25.693643293371625

====================================================================================================
RESTORE MEASURED XENIUM COUNTS
====================================================================================================
Measured Xenium genes restored: 300
Imputed genes: 34687
Final count-scale shape: (41101, 34987)

====================================================================================================
CREATE log1p LAYER
====================================================================================================
log1p shape: (41101, 34987)

====================================================================================================
BUILD FINAL H5AD
====================================================================================================

====================================================================================================
PRE-WRITE QC
====================================================================================================
Shape: (41101, 34987)
Layers: ['count_scale', 'log1p', 'native']
obsm: ['spatial']
Measured genes: 300
Imputed genes: 34687

====================================================================================================
WRITE FULL PRODUCTION H5AD
====================================================================================================
Output: data/processed/imputation_full/ex2_scz/envi/Br2039/spatial_data_xenium_Br2039_ENVI_full_transcriptome.h5ad

====================================================================================================
SUCCESS
====================================================================================================
Experiment: ex2_scz
Donor: Br2039
Cells: 41,101
Total genes: 34,987
Measured Xenium genes: 300
ENVI-imputed genes: 34,687
X: final count-scale expression
layers["count_scale"]: final count-scale expression
layers["log1p"]: log1p(count_scale)
layers["native"]: original ENVI decoder output
obsm["spatial"]: (41101, 2)
Write seconds: 153.33
Output: data/processed/imputation_full/ex2_scz/envi/Br2039/spatial_data_xenium_Br2039_ENVI_full_transcriptome.h5ad
DONE
====================================================================================================
Finished: Thu Aug 20 13:49:25 EDT 2026
====================================================================================================
