============================================================================================================== 
CELL-TYPE-SPECIFIC ENVI DE: SCZ vs NTC
============================================================================================================== 

==============================================================================================================
[01/10] Oligo
============================================================================================================== 
Genes tested       : 34687 
Higher in SCZ      : 26129 
Higher in NTC      : 8558 
Nominal P < 0.05   : 6595 
  Higher in SCZ    : 5896 
  Higher in NTC    : 699 
Within-cell FDR<.05: 0 
  Higher in SCZ    : 0 
  Higher in NTC    : 0 

==============================================================================================================
[02/10] Endo
============================================================================================================== 
Genes tested       : 34687 
Higher in SCZ      : 19002 
Higher in NTC      : 15685 
Nominal P < 0.05   : 3380 
  Higher in SCZ    : 2125 
  Higher in NTC    : 1255 
Within-cell FDR<.05: 0 
  Higher in SCZ    : 0 
  Higher in NTC    : 0 

==============================================================================================================
[03/10] Ast
============================================================================================================== 
Genes tested       : 34687 
Higher in SCZ      : 21724 
Higher in NTC      : 12963 
Nominal P < 0.05   : 4922 
  Higher in SCZ    : 3220 
  Higher in NTC    : 1702 
Within-cell FDR<.05: 0 
  Higher in SCZ    : 0 
  Higher in NTC    : 0 

==============================================================================================================
[04/10] L2/3 Ex
============================================================================================================== 
Genes tested       : 34687 
Higher in SCZ      : 20850 
Higher in NTC      : 13837 
Nominal P < 0.05   : 1973 
  Higher in SCZ    : 1490 
  Higher in NTC    : 483 
Within-cell FDR<.05: 0 
  Higher in SCZ    : 0 
  Higher in NTC    : 0 

==============================================================================================================
[05/10] Mic
============================================================================================================== 
Genes tested       : 34687 
Higher in SCZ      : 13009 
Higher in NTC      : 21678 
Nominal P < 0.05   : 3868 
  Higher in SCZ    : 904 
  Higher in NTC    : 2964 
Within-cell FDR<.05: 0 
  Higher in SCZ    : 0 
  Higher in NTC    : 0 

==============================================================================================================
[06/10] MGE
============================================================================================================== 
Genes tested       : 34687 
Higher in SCZ      : 13813 
Higher in NTC      : 20874 
Nominal P < 0.05   : 3179 
  Higher in SCZ    : 882 
  Higher in NTC    : 2297 
Within-cell FDR<.05: 0 
  Higher in SCZ    : 0 
  Higher in NTC    : 0 

==============================================================================================================
[07/10] L4/5 Ex
============================================================================================================== 
Genes tested       : 34687 
Higher in SCZ      : 15315 
Higher in NTC      : 19372 
Nominal P < 0.05   : 2084 
  Higher in SCZ    : 1143 
  Higher in NTC    : 941 
Within-cell FDR<.05: 0 
  Higher in SCZ    : 0 
  Higher in NTC    : 0 

==============================================================================================================
[08/10] CGE
============================================================================================================== 
Genes tested       : 34687 
Higher in SCZ      : 24395 
Higher in NTC      : 10292 
Nominal P < 0.05   : 5682 
  Higher in SCZ    : 5062 
  Higher in NTC    : 620 
Within-cell FDR<.05: 0 
  Higher in SCZ    : 0 
  Higher in NTC    : 0 

==============================================================================================================
[09/10] L6 Ex
============================================================================================================== 
Genes tested       : 34687 
Higher in SCZ      : 12566 
Higher in NTC      : 22121 
Nominal P < 0.05   : 6414 
  Higher in SCZ    : 2082 
  Higher in NTC    : 4332 
Within-cell FDR<.05: 141 
  Higher in SCZ    : 77 
  Higher in NTC    : 64 

==============================================================================================================
[10/10] L5 Ex
============================================================================================================== 
Genes tested       : 34687 
Higher in SCZ      : 9046 
Higher in NTC      : 25641 
Nominal P < 0.05   : 4563 
  Higher in SCZ    : 265 
  Higher in NTC    : 4298 
Within-cell FDR<.05: 2 
  Higher in SCZ    : 0 
  Higher in NTC    : 2 

==================================================================================================================================
CELL-TYPE DE SUMMARY
================================================================================================================================== 
 cell_type genes_tested higher_SCZ higher_NTC nominal_P05 nominal_SCZ
     Oligo        34687      26129       8558        6595        5896
      Endo        34687      19002      15685        3380        2125
       Ast        34687      21724      12963        4922        3220
   L2/3 Ex        34687      20850      13837        1973        1490
       Mic        34687      13009      21678        3868         904
       MGE        34687      13813      20874        3179         882
   L4/5 Ex        34687      15315      19372        2084        1143
       CGE        34687      24395      10292        5682        5062
     L6 Ex        34687      12566      22121        6414        2082
     L5 Ex        34687       9046      25641        4563         265
 nominal_NTC FDR05_within_celltype FDR05_global_10celltypes   smallest_P
         699                     0                        0 4.172800e-05
        1255                     0                        0 1.781555e-05
        1702                     0                        0 1.595442e-06
         483                     0                        0 6.985713e-05
        2964                     0                        0 5.964592e-05
        2297                     0                        0 2.367838e-05
         941                     0                        0 6.453567e-06
         620                     0                        0 1.949956e-06
        4332                   141                        0 1.073510e-06
        4298                     2                        0 1.536297e-06
   top_gene
  LINC00698
  LINC01752
  LINC02266
  LINC00871
     COBLL1
 AL162464.1
 AC110992.1
  LINC01503
    STARD10
     ZNF536

Total cell-type × gene tests: 346870 
Global FDR < 0.05: 0 

==================================================================================================================================
SUCCESS
================================================================================================================================== 
Summary: /beegfs/labs/hulab/projects/mjabin/GeneBridge/outputs/imputation_full/DE/envi_celltype/results/ENVI_10celltypes_DE_summary.csv
