====================================================================================================
Experiment 5.3: Huuki 10 samples minus Xenium-overlapping sample
====================================================================================================
Job ID: 3850367
Node: node02.hgcc.emory.edu
Started: Wed Jul 29 15:12:04 EDT 2026
Project root: /beegfs/labs/hulab/projects/mjabin/GeneBridge
Python: /beegfs/labs/hulab/projects/mjabin/conda_envs/genebridge_scanpy/bin/python
Script: /beegfs/labs/hulab/projects/mjabin/GeneBridge/src/imputation/05_3_create_huuki_9samples_excluding_xenium.py
====================================================================================================
Python 3.10.20
Python executable: /beegfs/labs/hulab/projects/mjabin/conda_envs/genebridge_scanpy/bin/python
anndata: 0.10.9
pandas: 2.2.2
numpy: 1.26.4
scipy: 1.11.4
h5py: 3.16.0
Python syntax check: PASSED

Starting Experiment 5.3 data creation...


====================================================================================================
EXPERIMENT 5.3: HUUKI 10 SAMPLES MINUS XENIUM-OVERLAPPING SAMPLE
====================================================================================================
Huuki input:
/beegfs/labs/hulab/projects/mjabin/GeneBridge/data/processed/snrnaseq/sce_DLPFC_annotated/huuki_snrna_reference_full_allgenes.h5ad

Xenium input:
/beegfs/labs/hulab/projects/mjabin/GeneBridge/data/processed/imputation_beta/Br8667/spatial_data_xenium_Br8667_vista.h5ad

Output:
/beegfs/labs/hulab/projects/mjabin/GeneBridge/data/processed/imputation_beta/Br8667/seq_data_huuki_snrna_Ex5_3_9samples_excluding_xenium_overlap.h5ad

====================================================================================================
READING INPUT METADATA
====================================================================================================
Full Huuki shape: (77604, 36601)
Xenium shape: (66164, 300)
Huuki layers: ['logcounts']
Xenium layers: []

====================================================================================================
HUUKI SAMPLE COUNTS BEFORE FILTERING
====================================================================================================
     Sample  n_cells  fraction_of_cells
Br2720_post     5911           0.076169
 Br8667_ant     5774           0.074403
 Br3942_ant     5205           0.067071
 Br8492_mid     4997           0.064391
 Br6471_mid     4724           0.060873
 Br8325_ant     4707           0.060654
 Br3942_mid     4282           0.055178
Br6522_post     4275           0.055087
 Br8667_mid     4123           0.053129
Br6423_post     4067           0.052407
 Br8325_mid     4020           0.051801
 Br6522_mid     4004           0.051595
 Br6423_ant     3898           0.050229
 Br6471_ant     3212           0.041390
 Br2720_mid     3101           0.039959
 Br6432_ant     3059           0.039418
 Br2743_ant     2861           0.036867
 Br2743_mid     2723           0.035088
Br8492_post     2661           0.034289

Number of unique Huuki samples: 19
