============================================================
Filter existing full Baituk H5AD
============================================================
Job ID: 3845028
Node: node14.hgcc.emory.edu
Started: Tue Jul 28 18:19:46 EDT 2026
Python: /beegfs/labs/hulab/projects/mjabin/conda_envs/genebridge_scanpy/bin/python
Script: /beegfs/labs/hulab/projects/mjabin/GeneBridge/src/snrnaseq_branch/03_batiuk_huuki_gene_overlap/05_filter_baituk_h5ad.py
============================================================
Python syntax check: PASSED

====================================================================================================
FILTER EXISTING FULL BAITUK H5AD
====================================================================================================
Input: /beegfs/labs/hulab/projects/mjabin/GeneBridge/data/processed/snrnaseq/Baituk/baituk_snrna_reference_full_allgenes.h5ad
Shared-gene CSV: /beegfs/labs/hulab/projects/mjabin/GeneBridge/outputs/snrnaseq_branch/03_batiuk_huuki_gene_overlap/baituk_huuki_shared_genes_final.csv
Output: /beegfs/labs/hulab/projects/mjabin/GeneBridge/data/processed/snrnaseq/Baituk/baituk_snrna_reference_huuki_overlap.h5ad
Shared genes from CSV: 36,119

====================================================================================================
READING BAITUK METADATA
====================================================================================================
AnnData object with n_obs × n_vars = 209053 × 60617 backed at '/beegfs/labs/hulab/projects/mjabin/GeneBridge/data/processed/snrnaseq/Baituk/baituk_snrna_reference_full_allgenes.h5ad'
    obs: 'sample', 'original_cell_id'
    var: 'gene_name'

====================================================================================================
DETECTING MATRIX STORAGE
====================================================================================================
Input X encoding: csr_matrix
Input X dtype: float64
Input shape: 209,053 cells × 60,617 genes
Output shape: 209,053 cells × 36,119 genes

====================================================================================================
CREATING OUTPUT METADATA
====================================================================================================

====================================================================================================
STREAMING FILTERED X MATRIX
====================================================================================================

====================================================================================================
Streaming CSR matrix
====================================================================================================
