/beegfs/labs/hulab/projects/mjabin/conda_envs/Imputation/lib/python3.9/site-packages/lightning_fabric/__init__.py:29: UserWarning: pkg_resources is deprecated as an API. See https://setuptools.pypa.io/en/latest/pkg_resources.html. The pkg_resources package is slated for removal as early as 2025-11-30. Refrain from using this package or pin to Setuptools<81.
  __import__("pkg_resources").declare_namespace(__name__)
Traceback (most recent call last):
  File "<stdin>", line 1, in <module>
  File "/beegfs/labs/hulab/projects/mjabin/conda_envs/Imputation/lib/python3.9/site-packages/scvi/__init__.py", line 7, in <module>
    from ._settings import settings
  File "/beegfs/labs/hulab/projects/mjabin/conda_envs/Imputation/lib/python3.9/site-packages/scvi/_settings.py", line 7, in <module>
    from pytorch_lightning import seed_everything
  File "/beegfs/labs/hulab/projects/mjabin/conda_envs/Imputation/lib/python3.9/site-packages/pytorch_lightning/__init__.py", line 34, in <module>
    from lightning_fabric.utilities.seed import seed_everything  # noqa: E402
  File "/beegfs/labs/hulab/projects/mjabin/conda_envs/Imputation/lib/python3.9/site-packages/lightning_fabric/__init__.py", line 29, in <module>
    __import__("pkg_resources").declare_namespace(__name__)
  File "/beegfs/labs/hulab/projects/mjabin/conda_envs/Imputation/lib/python3.9/site-packages/pkg_resources/__init__.py", line 3661, in <module>
    def _initialize_master_working_set() -> None:
  File "/beegfs/labs/hulab/projects/mjabin/conda_envs/Imputation/lib/python3.9/site-packages/pkg_resources/__init__.py", line 3644, in _call_aside
    f(*args, **kwargs)
  File "/beegfs/labs/hulab/projects/mjabin/conda_envs/Imputation/lib/python3.9/site-packages/pkg_resources/__init__.py", line 3692, in _initialize_master_working_set
    list(map(working_set.add_entry, sys.path))
  File "/beegfs/labs/hulab/projects/mjabin/conda_envs/Imputation/lib/python3.9/site-packages/pkg_resources/__init__.py", line 693, in add_entry
    for dist in find_distributions(entry, True):
  File "/beegfs/labs/hulab/projects/mjabin/conda_envs/Imputation/lib/python3.9/site-packages/pkg_resources/__init__.py", line 2338, in find_on_path
    yield from factory(fullpath)
  File "/beegfs/labs/hulab/projects/mjabin/conda_envs/Imputation/lib/python3.9/site-packages/pkg_resources/__init__.py", line 2402, in distributions_from_metadata
    yield Distribution.from_location(
  File "/beegfs/labs/hulab/projects/mjabin/conda_envs/Imputation/lib/python3.9/site-packages/pkg_resources/__init__.py", line 2945, in from_location
    return cls(
  File "/beegfs/labs/hulab/projects/mjabin/conda_envs/Imputation/lib/python3.9/site-packages/pkg_resources/__init__.py", line 3365, in _reload_version
    md_version = self._get_version()
  File "/beegfs/labs/hulab/projects/mjabin/conda_envs/Imputation/lib/python3.9/site-packages/pkg_resources/__init__.py", line 3135, in _get_version
    return _version_from_file(lines)
  File "/beegfs/labs/hulab/projects/mjabin/conda_envs/Imputation/lib/python3.9/site-packages/pkg_resources/__init__.py", line 2898, in _version_from_file
    line = next(iter(version_lines), '')
  File "/beegfs/labs/hulab/projects/mjabin/conda_envs/Imputation/lib/python3.9/site-packages/pkg_resources/__init__.py", line 3131, in _get_metadata
    yield from self.get_metadata_lines(name)
  File "/beegfs/labs/hulab/projects/mjabin/conda_envs/Imputation/lib/python3.9/site-packages/pkg_resources/__init__.py", line 1706, in get_metadata_lines
    return yield_lines(self.get_metadata(name))
  File "/beegfs/labs/hulab/projects/mjabin/conda_envs/Imputation/lib/python3.9/site-packages/pkg_resources/__init__.py", line 1696, in get_metadata
    value = self._get(path)
  File "/beegfs/labs/hulab/projects/mjabin/conda_envs/Imputation/lib/python3.9/site-packages/pkg_resources/__init__.py", line 1912, in _get
    with open(path, 'rb') as stream:
FileNotFoundError: [Errno 2] No such file or directory: '/beegfs/labs/hulab/projects/mjabin/conda_envs/Imputation/lib/python3.9/site-packages/faiss-1.7.4-py3.9.egg-info/PKG-INFO'
