====================================================================================================
STANDARDIZED IMPUTATION MODEL ANALYSIS
====================================================================================================
Model key:     tangram
Model label:   Tangram
Combined dir:  combined_v2
Started:       Fri Aug  7 03:24:21 EDT 2026
Host:          node09.hgcc.emory.edu

====================================================================================================
1. PAIRED T-TEST + TOST
====================================================================================================

==============================================================================================================
LOADING Tangram METRICS
==============================================================================================================
Experiment 5 gene-level source: /beegfs/labs/hulab/projects/mjabin/GeneBridge/outputs/imputation_beta/Br8667/ex5/tangram/combined_v2/gene_level_metrics_300genes.csv
Experiment 5: 300 unique genes; metrics=['SCC', 'SSIM', 'RMSE', 'MAE', 'JSD', 'Moran_error']
Experiment 5 fold-level source: /beegfs/labs/hulab/projects/mjabin/GeneBridge/outputs/imputation_beta/Br8667/ex5/tangram/combined_v2/fold_level_metrics_3folds.csv
Experiment 5: 3 fold rows; metrics=['NMI', 'ARI']
Experiment 5.1 gene-level source: /beegfs/labs/hulab/projects/mjabin/GeneBridge/outputs/imputation_beta/Br8667/ex5_1/tangram/combined_v2/gene_level_metrics_300genes.csv
Experiment 5.1: 300 unique genes; metrics=['SCC', 'SSIM', 'RMSE', 'MAE', 'JSD', 'Moran_error']
Experiment 5.1 fold-level source: /beegfs/labs/hulab/projects/mjabin/GeneBridge/outputs/imputation_beta/Br8667/ex5_1/tangram/combined_v2/fold_level_metrics_3folds.csv
Experiment 5.1: 3 fold rows; metrics=['NMI', 'ARI']
Experiment 5.3 gene-level source: /beegfs/labs/hulab/projects/mjabin/GeneBridge/outputs/imputation_beta/Br8667/ex5_3/tangram/combined_v2/gene_level_metrics_300genes.csv
Experiment 5.3: 300 unique genes; metrics=['SCC', 'SSIM', 'RMSE', 'MAE', 'JSD', 'Moran_error']
Experiment 5.3 fold-level source: /beegfs/labs/hulab/projects/mjabin/GeneBridge/outputs/imputation_beta/Br8667/ex5_3/tangram/combined_v2/fold_level_metrics_3folds.csv
Experiment 5.3: 3 fold rows; metrics=['NMI', 'ARI']

==============================================================================================================
GENE-LEVEL PAIRED TESTS
==============================================================================================================

==============================================================================================================
FOLD-LEVEL NMI/ARI PAIRED TESTS
==============================================================================================================

==============================================================================================================
GENE-LEVEL SUMMARY
==============================================================================================================
                comparison_label      metric  n_pairs  baseline_mean  comparison_mean  direction_adjusted_improvement_percent  paired_p_two_sided  paired_p_holm        tost_p   tost_p_holm  equivalent_within_5pct_holm
  Experiment 5.1 vs Experiment 5         SCC      300       0.409476         0.424600                                3.693591        1.030830e-12   1.649327e-11  4.441101e-03  5.329322e-02                        False
  Experiment 5.1 vs Experiment 5        SSIM      300       0.330421         0.343802                                4.049977        4.823531e-05   6.270591e-04  1.670475e-01  1.000000e+00                        False
  Experiment 5.1 vs Experiment 5        RMSE      300       4.903070         5.090905                               -3.830966        4.624478e-04   1.999056e-03  1.403956e-01  1.000000e+00                        False
  Experiment 5.1 vs Experiment 5         MAE      300       3.460993         3.629350                               -4.864400        3.224476e-04   1.999056e-03  4.596353e-01  1.000000e+00                        False
  Experiment 5.1 vs Experiment 5         JSD      300       0.433155         0.415672                                4.036299        1.288571e-15   2.319428e-14  2.226207e-02  2.448828e-01                        False
  Experiment 5.1 vs Experiment 5 Moran_error      300       0.183088         0.175234                                4.289368        2.096336e-04   1.886702e-03  2.672658e-01  1.000000e+00                        False
  Experiment 5.3 vs Experiment 5         SCC      300       0.409476         0.425956                                4.024696        1.712135e-11   2.568202e-10  4.548378e-02  4.548378e-01                        False
  Experiment 5.3 vs Experiment 5        SSIM      300       0.330421         0.345231                                4.482298        9.687419e-05   1.059838e-03  3.242092e-01  1.000000e+00                        False
  Experiment 5.3 vs Experiment 5        RMSE      300       4.903070         5.124290                               -4.511877        3.700353e-04   1.999056e-03  3.485339e-01  1.000000e+00                        False
  Experiment 5.3 vs Experiment 5         MAE      300       3.460993         3.660568                               -5.766399        2.498820e-04   1.999056e-03  6.887029e-01  1.000000e+00                        False
  Experiment 5.3 vs Experiment 5         JSD      300       0.433155         0.413234                                4.599140        5.846803e-15   9.939565e-14  2.368667e-01  1.000000e+00                        False
  Experiment 5.3 vs Experiment 5 Moran_error      300       0.183088         0.175150                                4.335330        8.165891e-04   2.449767e-03  3.022652e-01  1.000000e+00                        False
Experiment 5.3 vs Experiment 5.1         SCC      300       0.424600         0.425956                                0.319311        2.791783e-04   1.999056e-03 2.369501e-156 4.265102e-155                         True
Experiment 5.3 vs Experiment 5.1        SSIM      300       0.343802         0.345231                                0.415494        8.444838e-03   1.688968e-02  4.943304e-90  7.909286e-89                         True
Experiment 5.3 vs Experiment 5.1        RMSE      300       5.090905         5.124290                               -0.655788        9.634889e-05   1.059838e-03  1.124343e-79  1.686515e-78                         True
Experiment 5.3 vs Experiment 5.1         MAE      300       3.629350         3.660568                               -0.860158        5.079634e-05   6.270591e-04  1.355376e-56  1.761989e-55                         True
Experiment 5.3 vs Experiment 5.1         JSD      300       0.415672         0.413234                                0.586514        2.587614e-10   3.622660e-09 8.465731e-146 1.439174e-144                         True
Experiment 5.3 vs Experiment 5.1 Moran_error      300       0.175234         0.175150                                0.048022        8.003183e-01   8.003183e-01  2.148033e-79  3.007246e-78                         True

==============================================================================================================
SAVED OUTPUTS
==============================================================================================================
/beegfs/labs/hulab/projects/mjabin/GeneBridge/outputs/imputation_beta/Br8667/statistical_tests/tangram_experiments/tangram_gene_level_paired_ttest_tost.csv
/beegfs/labs/hulab/projects/mjabin/GeneBridge/outputs/imputation_beta/Br8667/statistical_tests/tangram_experiments/tangram_fold_level_nmi_ari_paired_ttest_tost.csv
/beegfs/labs/hulab/projects/mjabin/GeneBridge/outputs/imputation_beta/Br8667/statistical_tests/tangram_experiments/tangram_pairing_audit.csv
/beegfs/labs/hulab/projects/mjabin/GeneBridge/outputs/imputation_beta/Br8667/statistical_tests/tangram_experiments/tangram_statistical_test_source_manifest.json
/beegfs/labs/hulab/projects/mjabin/GeneBridge/outputs/imputation_beta/Br8667/statistical_tests/tangram_experiments/tangram_paired_test_report.txt
/beegfs/labs/hulab/projects/mjabin/GeneBridge/outputs/imputation_beta/Br8667/statistical_tests/tangram_experiments/tangram_gene_level_relative_difference_forest.png

Completed successfully.

====================================================================================================
2. FIXED ADVISOR 11-GENE COMPARISON
====================================================================================================
==============================================================================================================
ADVISOR 11-GENE CROSS-EXPERIMENT REPORT COMPLETE
==============================================================================================================
Model: Tangram
Genes: ['MBP', 'RELN', 'CUX2', 'ADCYAP1', 'VAMP1', 'RORB', 'PCP4', 'NPTX1', 'CCK', 'PVALB', 'ENC1']

Spatial comparison PNG: /beegfs/labs/hulab/projects/mjabin/GeneBridge/outputs/imputation_beta/Br8667/comparisons/tangram/ex5_ex5_1_ex5_3/advisor_11_genes/advisor_11_gene_ex5_ex5_1_ex5_3_comparison.png
Spatial comparison PDF: /beegfs/labs/hulab/projects/mjabin/GeneBridge/outputs/imputation_beta/Br8667/comparisons/tangram/ex5_ex5_1_ex5_3/advisor_11_genes/advisor_11_gene_ex5_ex5_1_ex5_3_comparison.pdf
Gene-level metrics: /beegfs/labs/hulab/projects/mjabin/GeneBridge/outputs/imputation_beta/Br8667/comparisons/tangram/ex5_ex5_1_ex5_3/advisor_11_genes/advisor_11_gene_metrics_by_experiment.csv
11-gene summary: /beegfs/labs/hulab/projects/mjabin/GeneBridge/outputs/imputation_beta/Br8667/comparisons/tangram/ex5_ex5_1_ex5_3/advisor_11_genes/advisor_11_gene_metric_summary.csv
Best experiment table: /beegfs/labs/hulab/projects/mjabin/GeneBridge/outputs/imputation_beta/Br8667/comparisons/tangram/ex5_ex5_1_ex5_3/advisor_11_genes/advisor_11_gene_best_experiment_by_metric.csv
Text report: /beegfs/labs/hulab/projects/mjabin/GeneBridge/outputs/imputation_beta/Br8667/comparisons/tangram/ex5_ex5_1_ex5_3/advisor_11_genes/advisor_11_gene_comparison_report.txt
Manifest: /beegfs/labs/hulab/projects/mjabin/GeneBridge/outputs/imputation_beta/Br8667/comparisons/tangram/ex5_ex5_1_ex5_3/advisor_11_genes/advisor_11_gene_comparison_manifest.json

11-gene metric summary:
experiment experiment_label experiment_short_label  n_highlight_genes  scc_mean_11genes  scc_sd_11genes  ssim_mean_11genes  ssim_sd_11genes  rmse_mean_11genes  rmse_sd_11genes  mae_mean_11genes  mae_sd_11genes  jsd_mean_11genes  jsd_sd_11genes  moran_abs_error_mean_11genes  moran_abs_error_sd_11genes
       ex5     Experiment 5                   Ex-5                 11          0.471332        0.164314           0.308553         0.142702           6.213442         4.172571          4.237064        3.726216          0.400197        0.178235                      0.156179                    0.076316
     ex5_1   Experiment 5.1                 Ex-5.1                 11          0.472019        0.161250           0.291778         0.157303           6.308183         3.611056          4.375105        3.234219          0.404090        0.183408                      0.156347                    0.068463
     ex5_3   Experiment 5.3                 Ex-5.3                 11          0.472220        0.161379           0.289899         0.159886           6.321577         3.534104          4.399750        3.168511          0.405364        0.185275                      0.158695                    0.066947
==============================================================================================================

====================================================================================================
SUCCESS
Model: Tangram
Completed: Fri Aug  7 03:25:19 EDT 2026
====================================================================================================
