====================================================================================================
Shared three-fold imputation aggregation v2
====================================================================================================
Job ID: 3977065
Node: node10.hgcc.emory.edu
Started: Fri Aug  7 15:32:43 EDT 2026

Memory: 160G
CPUs: 16
Experiment: ex5_3
Experiment label: Experiment 5.3
Model: transimpspa
Model label: TransImpSpa
Combined directory: combined_v2
Aggregator: /beegfs/labs/hulab/projects/mjabin/GeneBridge/src/imputation/common/aggregate_three_folds_v2.py
Common directory: /beegfs/labs/hulab/projects/mjabin/GeneBridge/src/imputation/common
====================================================================================================
Shared module syntax check: PASSED
====================================================================================================
SUCCESS: three VISTA folds aggregated
OOF prediction: /beegfs/labs/hulab/projects/mjabin/GeneBridge/outputs/imputation_beta/Br8667/ex5_3/transimpspa/combined_v2/oof_predictions_300genes.h5ad
Model summary: /beegfs/labs/hulab/projects/mjabin/GeneBridge/outputs/imputation_beta/Br8667/ex5_3/transimpspa/combined_v2/model_experiment_summary.csv
Three-fold plot: /beegfs/labs/hulab/projects/mjabin/GeneBridge/outputs/imputation_beta/Br8667/ex5_3/transimpspa/combined_v2/figures/three_fold_evaluation_metrics.png
====================================================================================================

Completed successfully: Fri Aug  7 15:33:19 EDT 2026
