====================================================================================================
STANDARDIZED IMPUTATION MODEL ANALYSIS
====================================================================================================
Model key:     transimpspa
Model label:   TransImpSpa
Combined dir:  combined_v2
Started:       Fri Aug  7 15:42:04 EDT 2026
Host:          node09.hgcc.emory.edu

====================================================================================================
1. PAIRED T-TEST + TOST
====================================================================================================

==============================================================================================================
LOADING TransImpSpa METRICS
==============================================================================================================
Experiment 5 gene-level source: /beegfs/labs/hulab/projects/mjabin/GeneBridge/outputs/imputation_beta/Br8667/ex5/transimpspa/combined_v2/gene_level_metrics_300genes.csv
Experiment 5: 300 unique genes; metrics=['SCC', 'SSIM', 'RMSE', 'MAE', 'JSD', 'Moran_error']
Experiment 5 fold-level source: /beegfs/labs/hulab/projects/mjabin/GeneBridge/outputs/imputation_beta/Br8667/ex5/transimpspa/combined_v2/fold_level_metrics_3folds.csv
Experiment 5: 3 fold rows; metrics=['NMI', 'ARI']
Experiment 5.1 gene-level source: /beegfs/labs/hulab/projects/mjabin/GeneBridge/outputs/imputation_beta/Br8667/ex5_1/transimpspa/combined_v2/gene_level_metrics_300genes.csv
Experiment 5.1: 300 unique genes; metrics=['SCC', 'SSIM', 'RMSE', 'MAE', 'JSD', 'Moran_error']
Experiment 5.1 fold-level source: /beegfs/labs/hulab/projects/mjabin/GeneBridge/outputs/imputation_beta/Br8667/ex5_1/transimpspa/combined_v2/fold_level_metrics_3folds.csv
Experiment 5.1: 3 fold rows; metrics=['NMI', 'ARI']
Experiment 5.3 gene-level source: /beegfs/labs/hulab/projects/mjabin/GeneBridge/outputs/imputation_beta/Br8667/ex5_3/transimpspa/combined_v2/gene_level_metrics_300genes.csv
Experiment 5.3: 300 unique genes; metrics=['SCC', 'SSIM', 'RMSE', 'MAE', 'JSD', 'Moran_error']
Experiment 5.3 fold-level source: /beegfs/labs/hulab/projects/mjabin/GeneBridge/outputs/imputation_beta/Br8667/ex5_3/transimpspa/combined_v2/fold_level_metrics_3folds.csv
Experiment 5.3: 3 fold rows; metrics=['NMI', 'ARI']

==============================================================================================================
GENE-LEVEL PAIRED TESTS
==============================================================================================================

==============================================================================================================
FOLD-LEVEL NMI/ARI PAIRED TESTS
==============================================================================================================

==============================================================================================================
GENE-LEVEL SUMMARY
==============================================================================================================
                comparison_label      metric  n_pairs  baseline_mean  comparison_mean  direction_adjusted_improvement_percent  paired_p_two_sided  paired_p_holm        tost_p   tost_p_holm  equivalent_within_5pct_holm
  Experiment 5.1 vs Experiment 5         SCC      300       0.483106         0.487950                                1.002637            0.001421       0.024159  1.187671e-30  1.781507e-29                         True
  Experiment 5.1 vs Experiment 5        SSIM      300       0.397733         0.387339                               -2.613293            0.066369       0.796430  4.672035e-02  4.672035e-01                        False
  Experiment 5.1 vs Experiment 5        RMSE      300     630.085940      6076.860926                             -864.449536            0.302985       1.000000  8.471072e-01  1.000000e+00                        False
  Experiment 5.1 vs Experiment 5         MAE      300     211.948852      1654.175375                             -680.459699            0.274412       1.000000  8.610265e-01  1.000000e+00                        False
  Experiment 5.1 vs Experiment 5         JSD      300       0.348279         0.348115                                0.047107            0.947087       1.000000  9.342677e-12  1.214548e-10                         True
  Experiment 5.1 vs Experiment 5 Moran_error      300       0.063979         0.067951                               -6.207888            0.058911       0.765841  6.437795e-01  1.000000e+00                        False
  Experiment 5.3 vs Experiment 5         SCC      300       0.483106         0.486991                                0.804037            0.019929       0.298939  2.106330e-28  2.948862e-27                         True
  Experiment 5.3 vs Experiment 5        SSIM      300       0.397733         0.382407                               -3.853180            0.013923       0.222760  2.310672e-01  1.000000e+00                        False
  Experiment 5.3 vs Experiment 5        RMSE      300     630.085940      9746.535424                            -1446.858104            0.307790       1.000000  8.452689e-01  1.000000e+00                        False
  Experiment 5.3 vs Experiment 5         MAE      300     211.948852      2436.630506                            -1049.631375            0.290544       1.000000  8.535781e-01  1.000000e+00                        False
  Experiment 5.3 vs Experiment 5         JSD      300       0.348279         0.349459                               -0.338889            0.670821       1.000000  6.390462e-09  7.668554e-08                         True
  Experiment 5.3 vs Experiment 5 Moran_error      300       0.063979         0.066931                               -4.612984            0.182238       1.000000  4.553817e-01  1.000000e+00                        False
Experiment 5.3 vs Experiment 5.1         SCC      300       0.487950         0.486991                               -0.196628            0.022508       0.315114 6.491884e-161 1.168539e-159                         True
Experiment 5.3 vs Experiment 5.1        SSIM      300       0.387339         0.382407                               -1.273158            0.000002       0.000034  9.436171e-36  1.509787e-34                         True
Experiment 5.3 vs Experiment 5.1        RMSE      300    6076.860926      9746.535424                              -60.387666            0.314964       1.000000  8.216790e-01  1.000000e+00                        False
Experiment 5.3 vs Experiment 5.1         MAE      300    1654.175375      2436.630506                              -47.301824            0.319415       1.000000  8.134184e-01  1.000000e+00                        False
Experiment 5.3 vs Experiment 5.1         JSD      300       0.348115         0.349459                               -0.386178            0.095844       0.991118  3.141865e-57  5.341171e-56                         True
Experiment 5.3 vs Experiment 5.1 Moran_error      300       0.067951         0.066931                                1.501681            0.090102       0.991118  4.665059e-05  5.131565e-04                         True

==============================================================================================================
SAVED OUTPUTS
==============================================================================================================
/beegfs/labs/hulab/projects/mjabin/GeneBridge/outputs/imputation_beta/Br8667/statistical_tests/transimpspa_experiments/transimpspa_gene_level_paired_ttest_tost.csv
/beegfs/labs/hulab/projects/mjabin/GeneBridge/outputs/imputation_beta/Br8667/statistical_tests/transimpspa_experiments/transimpspa_fold_level_nmi_ari_paired_ttest_tost.csv
/beegfs/labs/hulab/projects/mjabin/GeneBridge/outputs/imputation_beta/Br8667/statistical_tests/transimpspa_experiments/transimpspa_pairing_audit.csv
/beegfs/labs/hulab/projects/mjabin/GeneBridge/outputs/imputation_beta/Br8667/statistical_tests/transimpspa_experiments/transimpspa_statistical_test_source_manifest.json
/beegfs/labs/hulab/projects/mjabin/GeneBridge/outputs/imputation_beta/Br8667/statistical_tests/transimpspa_experiments/transimpspa_paired_test_report.txt
/beegfs/labs/hulab/projects/mjabin/GeneBridge/outputs/imputation_beta/Br8667/statistical_tests/transimpspa_experiments/transimpspa_gene_level_relative_difference_forest.png

Completed successfully.

====================================================================================================
2. FIXED ADVISOR 11-GENE COMPARISON
====================================================================================================
==============================================================================================================
ADVISOR 11-GENE CROSS-EXPERIMENT REPORT COMPLETE
==============================================================================================================
Model: TransImpSpa
Genes: ['MBP', 'RELN', 'CUX2', 'ADCYAP1', 'VAMP1', 'RORB', 'PCP4', 'NPTX1', 'CCK', 'PVALB', 'ENC1']

Spatial comparison PNG: /beegfs/labs/hulab/projects/mjabin/GeneBridge/outputs/imputation_beta/Br8667/comparisons/transimpspa/ex5_ex5_1_ex5_3/advisor_11_genes/advisor_11_gene_ex5_ex5_1_ex5_3_comparison.png
Spatial comparison PDF: /beegfs/labs/hulab/projects/mjabin/GeneBridge/outputs/imputation_beta/Br8667/comparisons/transimpspa/ex5_ex5_1_ex5_3/advisor_11_genes/advisor_11_gene_ex5_ex5_1_ex5_3_comparison.pdf
Gene-level metrics: /beegfs/labs/hulab/projects/mjabin/GeneBridge/outputs/imputation_beta/Br8667/comparisons/transimpspa/ex5_ex5_1_ex5_3/advisor_11_genes/advisor_11_gene_metrics_by_experiment.csv
11-gene summary: /beegfs/labs/hulab/projects/mjabin/GeneBridge/outputs/imputation_beta/Br8667/comparisons/transimpspa/ex5_ex5_1_ex5_3/advisor_11_genes/advisor_11_gene_metric_summary.csv
Best experiment table: /beegfs/labs/hulab/projects/mjabin/GeneBridge/outputs/imputation_beta/Br8667/comparisons/transimpspa/ex5_ex5_1_ex5_3/advisor_11_genes/advisor_11_gene_best_experiment_by_metric.csv
Text report: /beegfs/labs/hulab/projects/mjabin/GeneBridge/outputs/imputation_beta/Br8667/comparisons/transimpspa/ex5_ex5_1_ex5_3/advisor_11_genes/advisor_11_gene_comparison_report.txt
Manifest: /beegfs/labs/hulab/projects/mjabin/GeneBridge/outputs/imputation_beta/Br8667/comparisons/transimpspa/ex5_ex5_1_ex5_3/advisor_11_genes/advisor_11_gene_comparison_manifest.json

11-gene metric summary:
experiment experiment_label experiment_short_label  n_highlight_genes  scc_mean_11genes  scc_sd_11genes  ssim_mean_11genes  ssim_sd_11genes  rmse_mean_11genes  rmse_sd_11genes  mae_mean_11genes  mae_sd_11genes  jsd_mean_11genes  jsd_sd_11genes  moran_abs_error_mean_11genes  moran_abs_error_sd_11genes
       ex5     Experiment 5                   Ex-5                 11          0.540703        0.187814           0.428007         0.177251         237.456965       603.792489         60.110305      146.074203          0.309505        0.123533                      0.072426                    0.056140
     ex5_1   Experiment 5.1                 Ex-5.1                 11          0.545394        0.192168           0.391923         0.181182        1383.894840      4089.529722        354.316913     1011.983638          0.331721        0.169971                      0.072241                    0.064775
     ex5_3   Experiment 5.3                 Ex-5.3                 11          0.543110        0.191678           0.386092         0.178109        1741.744474      5203.379213        440.959559     1274.676239          0.337696        0.170877                      0.072936                    0.062297
==============================================================================================================

====================================================================================================
SUCCESS
Model: TransImpSpa
Completed: Fri Aug  7 15:42:58 EDT 2026
====================================================================================================
