====================================================================================================
STANDARDIZED IMPUTATION MODEL ANALYSIS
====================================================================================================
Model key:     envi
Model label:   ENVI
Combined dir:  combined_v2
Started:       Fri Aug  7 10:20:29 EDT 2026
Host:          node09.hgcc.emory.edu

====================================================================================================
1. PAIRED T-TEST + TOST
====================================================================================================

==============================================================================================================
LOADING ENVI METRICS
==============================================================================================================
Experiment 5 gene-level source: /beegfs/labs/hulab/projects/mjabin/GeneBridge/outputs/imputation_beta/Br8667/ex5/envi/combined_v2/gene_level_metrics_300genes.csv
Experiment 5: 300 unique genes; metrics=['SCC', 'SSIM', 'RMSE', 'MAE', 'JSD', 'Moran_error']
Experiment 5 fold-level source: /beegfs/labs/hulab/projects/mjabin/GeneBridge/outputs/imputation_beta/Br8667/ex5/envi/combined_v2/fold_level_metrics_3folds.csv
Experiment 5: 3 fold rows; metrics=['NMI', 'ARI']
Experiment 5.1 gene-level source: /beegfs/labs/hulab/projects/mjabin/GeneBridge/outputs/imputation_beta/Br8667/ex5_1/envi/combined_v2/gene_level_metrics_300genes.csv
Experiment 5.1: 300 unique genes; metrics=['SCC', 'SSIM', 'RMSE', 'MAE', 'JSD', 'Moran_error']
Experiment 5.1 fold-level source: /beegfs/labs/hulab/projects/mjabin/GeneBridge/outputs/imputation_beta/Br8667/ex5_1/envi/combined_v2/fold_level_metrics_3folds.csv
Experiment 5.1: 3 fold rows; metrics=['NMI', 'ARI']
Experiment 5.3 gene-level source: /beegfs/labs/hulab/projects/mjabin/GeneBridge/outputs/imputation_beta/Br8667/ex5_3/envi/combined_v2/gene_level_metrics_300genes.csv
Experiment 5.3: 300 unique genes; metrics=['SCC', 'SSIM', 'RMSE', 'MAE', 'JSD', 'Moran_error']
Experiment 5.3 fold-level source: /beegfs/labs/hulab/projects/mjabin/GeneBridge/outputs/imputation_beta/Br8667/ex5_3/envi/combined_v2/fold_level_metrics_3folds.csv
Experiment 5.3: 3 fold rows; metrics=['NMI', 'ARI']

==============================================================================================================
GENE-LEVEL PAIRED TESTS
==============================================================================================================

==============================================================================================================
FOLD-LEVEL NMI/ARI PAIRED TESTS
==============================================================================================================

==============================================================================================================
GENE-LEVEL SUMMARY
==============================================================================================================
                comparison_label      metric  n_pairs  baseline_mean  comparison_mean  direction_adjusted_improvement_percent  paired_p_two_sided  paired_p_holm       tost_p  tost_p_holm  equivalent_within_5pct_holm
  Experiment 5.1 vs Experiment 5         SCC      300       0.462856         0.451682                               -2.414297            0.000030       0.000543 4.113073e-06 5.346995e-05                         True
  Experiment 5.1 vs Experiment 5        SSIM      300       0.484385         0.475560                               -1.821825            0.025707       0.282774 5.693640e-05 6.832368e-04                         True
  Experiment 5.1 vs Experiment 5        RMSE      300       8.842040         9.107311                               -3.000110            0.717047       1.000000 4.045457e-01 1.000000e+00                        False
  Experiment 5.1 vs Experiment 5         MAE      300       3.444289         3.779909                               -9.744232            0.003884       0.057452 9.212215e-01 1.000000e+00                        False
  Experiment 5.1 vs Experiment 5         JSD      300       0.317916         0.320367                               -0.770940            0.175118       1.000000 4.858300e-13 7.287450e-12                         True
  Experiment 5.1 vs Experiment 5 Moran_error      300       0.103337         0.097574                                5.577769            0.050487       0.504866 5.805245e-01 1.000000e+00                        False
  Experiment 5.3 vs Experiment 5         SCC      300       0.462856         0.451778                               -2.393503            0.000441       0.007489 6.671267e-05 7.338393e-04                         True
  Experiment 5.3 vs Experiment 5        SSIM      300       0.484385         0.469942                               -2.981750            0.003657       0.057452 2.414914e-02 2.414914e-01                        False
  Experiment 5.3 vs Experiment 5        RMSE      300       8.842040        10.013553                              -13.249349            0.382875       1.000000 7.066141e-01 1.000000e+00                        False
  Experiment 5.3 vs Experiment 5         MAE      300       3.444289         3.911965                              -13.578307            0.003591       0.057452 9.676680e-01 1.000000e+00                        False
  Experiment 5.3 vs Experiment 5         JSD      300       0.317916         0.321682                               -1.184578            0.072204       0.649838 7.939933e-09 1.111591e-07                         True
  Experiment 5.3 vs Experiment 5 Moran_error      300       0.103337         0.101521                                1.757444            0.545142       1.000000 1.323112e-01 1.000000e+00                        False
Experiment 5.3 vs Experiment 5.1         SCC      300       0.451682         0.451778                                0.021309            0.962316       1.000000 2.516776e-24 4.278519e-23                         True
Experiment 5.3 vs Experiment 5.1        SSIM      300       0.475560         0.469942                               -1.181449            0.016484       0.214293 5.392428e-14 8.627884e-13                         True
Experiment 5.3 vs Experiment 5.1        RMSE      300       9.107311        10.013553                               -9.950708            0.244365       1.000000 7.189360e-01 1.000000e+00                        False
Experiment 5.3 vs Experiment 5.1         MAE      300       3.779909         3.911965                               -3.493646            0.087941       0.703526 2.305025e-01 1.000000e+00                        False
Experiment 5.3 vs Experiment 5.1         JSD      300       0.320367         0.321682                               -0.410473            0.257516       1.000000 4.305109e-30 7.749196e-29                         True
Experiment 5.3 vs Experiment 5.1 Moran_error      300       0.097574         0.101521                               -4.046002            0.016553       0.214293 2.851396e-01 1.000000e+00                        False

==============================================================================================================
SAVED OUTPUTS
==============================================================================================================
/beegfs/labs/hulab/projects/mjabin/GeneBridge/outputs/imputation_beta/Br8667/statistical_tests/envi_experiments/envi_gene_level_paired_ttest_tost.csv
/beegfs/labs/hulab/projects/mjabin/GeneBridge/outputs/imputation_beta/Br8667/statistical_tests/envi_experiments/envi_fold_level_nmi_ari_paired_ttest_tost.csv
/beegfs/labs/hulab/projects/mjabin/GeneBridge/outputs/imputation_beta/Br8667/statistical_tests/envi_experiments/envi_pairing_audit.csv
/beegfs/labs/hulab/projects/mjabin/GeneBridge/outputs/imputation_beta/Br8667/statistical_tests/envi_experiments/envi_statistical_test_source_manifest.json
/beegfs/labs/hulab/projects/mjabin/GeneBridge/outputs/imputation_beta/Br8667/statistical_tests/envi_experiments/envi_paired_test_report.txt
/beegfs/labs/hulab/projects/mjabin/GeneBridge/outputs/imputation_beta/Br8667/statistical_tests/envi_experiments/envi_gene_level_relative_difference_forest.png

Completed successfully.

====================================================================================================
2. FIXED ADVISOR 11-GENE COMPARISON
====================================================================================================
==============================================================================================================
ADVISOR 11-GENE CROSS-EXPERIMENT REPORT COMPLETE
==============================================================================================================
Model: ENVI
Genes: ['MBP', 'RELN', 'CUX2', 'ADCYAP1', 'VAMP1', 'RORB', 'PCP4', 'NPTX1', 'CCK', 'PVALB', 'ENC1']

Spatial comparison PNG: /beegfs/labs/hulab/projects/mjabin/GeneBridge/outputs/imputation_beta/Br8667/comparisons/envi/ex5_ex5_1_ex5_3/advisor_11_genes/advisor_11_gene_ex5_ex5_1_ex5_3_comparison.png
Spatial comparison PDF: /beegfs/labs/hulab/projects/mjabin/GeneBridge/outputs/imputation_beta/Br8667/comparisons/envi/ex5_ex5_1_ex5_3/advisor_11_genes/advisor_11_gene_ex5_ex5_1_ex5_3_comparison.pdf
Gene-level metrics: /beegfs/labs/hulab/projects/mjabin/GeneBridge/outputs/imputation_beta/Br8667/comparisons/envi/ex5_ex5_1_ex5_3/advisor_11_genes/advisor_11_gene_metrics_by_experiment.csv
11-gene summary: /beegfs/labs/hulab/projects/mjabin/GeneBridge/outputs/imputation_beta/Br8667/comparisons/envi/ex5_ex5_1_ex5_3/advisor_11_genes/advisor_11_gene_metric_summary.csv
Best experiment table: /beegfs/labs/hulab/projects/mjabin/GeneBridge/outputs/imputation_beta/Br8667/comparisons/envi/ex5_ex5_1_ex5_3/advisor_11_genes/advisor_11_gene_best_experiment_by_metric.csv
Text report: /beegfs/labs/hulab/projects/mjabin/GeneBridge/outputs/imputation_beta/Br8667/comparisons/envi/ex5_ex5_1_ex5_3/advisor_11_genes/advisor_11_gene_comparison_report.txt
Manifest: /beegfs/labs/hulab/projects/mjabin/GeneBridge/outputs/imputation_beta/Br8667/comparisons/envi/ex5_ex5_1_ex5_3/advisor_11_genes/advisor_11_gene_comparison_manifest.json

11-gene metric summary:
experiment experiment_label experiment_short_label  n_highlight_genes  scc_mean_11genes  scc_sd_11genes  ssim_mean_11genes  ssim_sd_11genes  rmse_mean_11genes  rmse_sd_11genes  mae_mean_11genes  mae_sd_11genes  jsd_mean_11genes  jsd_sd_11genes  moran_abs_error_mean_11genes  moran_abs_error_sd_11genes
       ex5     Experiment 5                   Ex-5                 11          0.519181        0.186370           0.493803         0.164446          14.877814        18.637573          4.592021        5.353256          0.253671        0.123679                      0.099283                    0.062306
     ex5_1   Experiment 5.1                 Ex-5.1                 11          0.512425        0.177188           0.484444         0.191207          10.072776         7.146135          4.066426        3.805838          0.254028        0.122659                      0.104191                    0.056007
     ex5_3   Experiment 5.3                 Ex-5.3                 11          0.517466        0.181965           0.470650         0.192872           9.266994         7.718978          4.161881        4.306381          0.250512        0.122040                      0.097812                    0.062078
==============================================================================================================

====================================================================================================
SUCCESS
Model: ENVI
Completed: Fri Aug  7 10:21:23 EDT 2026
====================================================================================================
