============================================================================================================== 
L6 EX PATHWAY ENRICHMENT
============================================================================================================== 

Gene sets:
Higher in SCZ : 77 
Higher in NTC : 64 
Background    : 34687 

Loading MSigDB collections...
Hallmark gene sets: 50 
GO BP gene sets  : 7538 
Reactome sets    : 1839 

------------------------------------------------------------------------------------------
Higher_in_SCZ | Hallmark 
Input genes: 77 
Pathways tested : 14 
FDR < 0.05      : 0 

Top pathways:
                                  pathway gene_count    P-value       FDR
             HALLMARK_ALLOGRAFT_REJECTION          2 0.06961638 0.2438460
               HALLMARK_KRAS_SIGNALING_UP          2 0.07094452 0.2438460
                 HALLMARK_MITOTIC_SPINDLE          2 0.07498190 0.2438460
                    HALLMARK_ANGIOGENESIS          1 0.07823677 0.2438460
                  HALLMARK_APICAL_SURFACE          1 0.10017465 0.2438460
 HALLMARK_REACTIVE_OXYGEN_SPECIES_PATHWAY          1 0.10450541 0.2438460
       HALLMARK_UNFOLDED_PROTEIN_RESPONSE          1 0.22980015 0.3743774
                  HALLMARK_UV_RESPONSE_DN          1 0.28279509 0.3743774
       HALLMARK_INTERFERON_GAMMA_RESPONSE          1 0.36492585 0.3743774
                 HALLMARK_APICAL_JUNCTION          1 0.36650997 0.3743774
           genes
      STAT4/CTSS
    CTSS/EPB41L3
 ARHGEF3/EPB41L2
          COL5A2
           EFNA5
            MSRA
           PDIA5
          COL5A2
           STAT4
         EPB41L2

------------------------------------------------------------------------------------------
Higher_in_SCZ | GO_BP 
Input genes: 77 
Pathways tested : 587 
FDR < 0.05      : 10 

Top pathways:
                                                                                           pathway
                                                GOBP_POSITIVE_REGULATION_OF_CELL_JUNCTION_ASSEMBLY
 GOBP_REGULATION_OF_NEUROTRANSMITTER_RECEPTOR_LOCALIZATION_TO_POSTSYNAPTIC_SPECIALIZATION_MEMBRANE
                                                      GOBP_POSITIVE_REGULATION_OF_SYNAPSE_ASSEMBLY
                                                GOBP_REGULATION_OF_PROTEIN_LOCALIZATION_TO_SYNAPSE
                                               GOBP_REGULATION_OF_RECEPTOR_LOCALIZATION_TO_SYNAPSE
               GOBP_NEUROTRANSMITTER_RECEPTOR_LOCALIZATION_TO_POSTSYNAPTIC_SPECIALIZATION_MEMBRANE
                                                               GOBP_BASEMENT_MEMBRANE_ORGANIZATION
                                                          GOBP_PROTEIN_LOCALIZATION_TO_POSTSYNAPSE
                                                                   GOBP_NEURON_PROJECTION_GUIDANCE
                                               GOBP_NEGATIVE_REGULATION_OF_CELL_SUBSTRATE_ADHESION
 gene_count      P-value         FDR                            genes
          5 1.988737e-05 0.007791547 LINGO2/EFNA5/LRRTM4/MAP4K4/FLRT2
          3 2.654701e-05 0.007791547             TMEM108/GPC6/EPB41L3
          4 5.505363e-05 0.010772160        LINGO2/EFNA5/LRRTM4/FLRT2
          3 9.793669e-05 0.011497767             TMEM108/GPC6/EPB41L3
          3 9.793669e-05 0.011497767             TMEM108/GPC6/EPB41L3
          3 1.586407e-04 0.015520344             TMEM108/GPC6/EPB41L3
          3 3.207909e-04 0.026900612                 CTSS/LAMB1/FLRT2
          3 5.319394e-04 0.039031056             TMEM108/GPC6/EPB41L3
          5 7.355777e-04 0.047899444   PTPRO/EFNA5/CNTN4/FLRT2/EPHA10
          3 8.160042e-04 0.047899444               PTPRO/EFNA5/MAP4K4

------------------------------------------------------------------------------------------
Higher_in_SCZ | Reactome 
Input genes: 77 
Pathways tested : 181 
FDR < 0.05      : 2 

Top pathways:
                                             pathway gene_count      P-value
                 REACTOME_MET_PROMOTES_CELL_MOTILITY          3 0.0002205807
                  REACTOME_NEUREXINS_AND_NEUROLIGINS          3 0.0004734239
                           REACTOME_SIGNALING_BY_MET          3 0.0015184948
   REACTOME_PROTEIN_PROTEIN_INTERACTIONS_AT_SYNAPSES          3 0.0018117869
 REACTOME_ATTACHMENT_OF_BACTERIA_TO_EPITHELIAL_CELLS          2 0.0019952482
         REACTOME_EPHA_MEDIATED_GROWTH_CONE_COLLAPSE          2 0.0027481425
    REACTOME_DOWNSTREAM_SIGNALING_OF_ACTIVATED_FGFR1          2 0.0033873846
               REACTOME_MET_ACTIVATES_PTK2_SIGNALING          2 0.0033873846
              REACTOME_INFECTION_WITH_ENTEROBACTERIA          2 0.0056771414
    REACTOME_DEGRADATION_OF_THE_EXTRACELLULAR_MATRIX          3 0.0070411119
        FDR                  genes
 0.03992510      COL5A2/GAB1/LAMB1
 0.04284486 LRRTM4/EPB41L3/EPB41L2
 0.07222798      COL5A2/GAB1/LAMB1
 0.07222798 LRRTM4/EPB41L3/EPB41L2
 0.07222798           COL5A2/LAMB1
 0.07663958           EFNA5/EPHA10
 0.07663958             GAB1/FLRT2
 0.07663958           COL5A2/LAMB1
 0.11417362           COL5A2/LAMB1
 0.11818673      COL5A2/CTSS/LAMB1

------------------------------------------------------------------------------------------
Higher_in_NTC | Hallmark 
Input genes: 64 
Pathways tested : 19 
FDR < 0.05      : 0 

Top pathways:
                                  pathway gene_count     P-value        FDR
              HALLMARK_TGF_BETA_SIGNALING          2 0.009188057 0.09819636
                     HALLMARK_P53_PATHWAY          3 0.014234972 0.09819636
                         HALLMARK_HYPOXIA          3 0.015504689 0.09819636
                  HALLMARK_UV_RESPONSE_UP          2 0.066282691 0.24384021
                    HALLMARK_ANGIOGENESIS          1 0.093154977 0.24384021
             HALLMARK_IL2_STAT5_SIGNALING          2 0.100865492 0.24384021
                      HALLMARK_GLYCOLYSIS          2 0.102669564 0.24384021
           HALLMARK_INFLAMMATORY_RESPONSE          2 0.102669564 0.24384021
 HALLMARK_REACTIVE_OXYGEN_SPECIES_PATHWAY          1 0.124085448 0.26195817
         HALLMARK_CHOLESTEROL_HOMEOSTASIS          1 0.187811390 0.35684164
             genes
       BMP2/CDKN1C
 BMP2/EPS8L2/PRMT2
 CHST2/PFKP/CDKN1C
       BMP2/CDKN1C
             FGFR1
       BMP2/CDKN1C
        CHST2/PFKP
      CHST2/GABBR1
              PFKP
             FABP5

------------------------------------------------------------------------------------------
Higher_in_NTC | GO_BP 
Input genes: 64 
Pathways tested : 1227 
FDR < 0.05      : 72 

Top pathways:
                                                  pathway gene_count
                                  GOBP_DOPAMINE_TRANSPORT          4
                             GOBP_CATECHOLAMINE_TRANSPORT          4
                                 GOBP_MONOAMINE_TRANSPORT          4
                                  GOBP_DOPAMINE_SECRETION          3
                                     GOBP_AMINE_TRANSPORT          4
                             GOBP_DEVELOPMENTAL_INDUCTION          3
   GOBP_POSITIVE_REGULATION_OF_ANIMAL_ORGAN_MORPHOGENESIS          3
 GOBP_FOREBRAIN_VENTRICULAR_ZONE_PROGENITOR_CELL_DIVISION          2
 GOBP_NEGATIVE_REGULATION_OF_HORMONE_BIOSYNTHETIC_PROCESS          2
         GOBP_REGULATION_OF_CORTISOL_BIOSYNTHETIC_PROCESS          2
      P-value         FDR                    genes
 3.368995e-06 0.004133756 RAB3B/SNCA/GABBR1/CHRNA4
 1.241167e-05 0.007614561 RAB3B/SNCA/GABBR1/CHRNA4
 2.480017e-05 0.010143269 RAB3B/SNCA/GABBR1/CHRNA4
 3.950809e-05 0.010947072       SNCA/GABBR1/CHRNA4
 6.467297e-05 0.010947072 RAB3B/SNCA/GABBR1/CHRNA4
 7.294012e-05 0.010947072          WNT4/BMP2/FGFR1
 7.294012e-05 0.010947072          WNT4/BMP2/FGFR1
 8.921819e-05 0.010947072             DIXDC1/FGFR1
 8.921819e-05 0.010947072                WNT4/BMP2
 8.921819e-05 0.010947072                WNT4/BMP2

------------------------------------------------------------------------------------------
Higher_in_NTC | Reactome 
Input genes: 64 
Pathways tested : 154 
FDR < 0.05      : 0 

Top pathways:
                                                                         pathway
                                           REACTOME_GLYCOSAMINOGLYCAN_METABOLISM
               REACTOME_METABOLISM_OF_CARBOHYDRATES_AND_CARBOHYDRATE_DERIVATIVES
                                REACTOME_DOWNSTREAM_SIGNALING_OF_ACTIVATED_FGFR1
                                                     REACTOME_SIGNALING_BY_FGFR1
              REACTOME_EPITHELIAL_MESENCHYMAL_TRANSITION_EMT_DURING_GASTRULATION
 REACTOME_HIGHLY_SODIUM_PERMEABLE_POSTSYNAPTIC_ACETYLCHOLINE_NICOTINIC_RECEPTORS
                                       REACTOME_TRANSPORT_AND_METABOLISM_OF_PAPS
                   REACTOME_DEFECTIVE_CHST14_CAUSES_EDS_MUSCULOCONTRACTURAL_TYPE
                                          REACTOME_DEFECTIVE_CHST3_CAUSES_SEDCJD
                                            REACTOME_DEFECTIVE_CHSY1_CAUSES_TPBS
 gene_count      P-value        FDR                          genes
          4 0.0005230627 0.08055166      SGSH/SLC26A11/CHST2/CSPG5
          5 0.0012123724 0.09335267 SGSH/SLC26A11/CHST2/CSPG5/PFKP
          2 0.0031743824 0.16295163                    FLRT1/FGFR1
          2 0.0083020833 0.22841179                    FLRT1/FGFR1
          1 0.0195488169 0.22841179                          FGFR1
          1 0.0195488169 0.22841179                         CHRNA4
          1 0.0195488169 0.22841179                       SLC26A11
          1 0.0223111700 0.22841179                          CSPG5
          1 0.0223111700 0.22841179                          CSPG5
          1 0.0223111700 0.22841179                          CSPG5
