========================================
Job ID: 3844913
Node: node05.hgcc.emory.edu
Started: Tue Jul 28 16:56:50 EDT 2026
Python: /beegfs/labs/hulab/projects/mjabin/conda_envs/genebridge_scanpy/bin/python
========================================

====================================================================================================
Stage 03: Layer-wise annotation
====================================================================================================
Input h5ad: /beegfs/labs/hulab/projects/mjabin/GeneBridge/data/processed/xenium/xenium_N24_raw.h5ad
Label CSV: /beegfs/labs/hulab/projects/mjabin/GeneBridge/data/metadata/layer_annotations/label_transfer_N24_k50_smoothed_labels.csv
Output h5ad: /beegfs/labs/hulab/projects/mjabin/GeneBridge/data/processed/xenium/xenium_N24_layer_annotated.h5ad

====================================================================================================
Loading data
====================================================================================================
AnnData object with n_obs × n_vars = 1297886 × 541
    obs: 'cell_id', 'x_centroid', 'y_centroid', 'transcript_counts', 'control_probe_counts', 'genomic_control_counts', 'control_codeword_counts', 'unassigned_codeword_counts', 'deprecated_codeword_counts', 'total_counts', 'cell_area', 'nucleus_area', 'nucleus_count', 'segmentation_method', 'r_cell_index', 'donor_cell_id', 'original_cell_id', 'BrNum', 'sample_id', 'technology', 'Dx', 'CaptureArea', 'PNN', 'tear', 'Age', 'Sex', 'raw_matrix_path', 'raw_cells_path'
    var: 'gene_ids', 'feature_types', 'genome', 'Symbol', 'ID', 'Type', 'is_gene_expression'
    uns: 'counts_layer', 'description', 'object_name', 'spatial_key', 'stage'
    obsm: 'spatial'
    layers: 'counts'
Label CSV shape: (1262965, 1)
         predictions_smooth
Br1113_1              spd06
Br1113_2              spd07
Br1113_3              spd06
Br1113_4              spd07
Br1113_5              spd07

====================================================================================================
Matching label CSV to AnnData cells
====================================================================================================
                         metric   value
                n_cells_in_h5ad 1297886
           n_cells_in_label_csv 1262965
                 n_common_cells 1224457
    n_h5ad_cells_missing_labels   73429
     n_extra_labels_not_in_h5ad   38508
n_BrNum_in_h5ad_before_matching      24
WARNING: dropping 73429 h5ad cells without labels.

====================================================================================================
Saving CSV outputs
====================================================================================================
Saved: /beegfs/labs/hulab/projects/mjabin/GeneBridge/outputs/xenium_branch/03_annotation/layerwise/tables/xenium_N24_layer_annotations.csv
Saved: /beegfs/labs/hulab/projects/mjabin/GeneBridge/outputs/xenium_branch/03_annotation/layerwise/tables/xenium_N24_layer_counts_by_BrNum.csv
Saved: /beegfs/labs/hulab/projects/mjabin/GeneBridge/outputs/xenium_branch/03_annotation/layerwise/tables/xenium_N24_layer_proportions_by_BrNum.csv
Saved: /beegfs/labs/hulab/projects/mjabin/GeneBridge/outputs/xenium_branch/03_annotation/layerwise/tables/xenium_N24_layer_summary.csv

====================================================================================================
Creating combined spatial layer map panel
====================================================================================================
Saved: /beegfs/labs/hulab/projects/mjabin/GeneBridge/outputs/xenium_branch/03_annotation/layerwise/figures/xenium_N24_layer_maps_panel.png

====================================================================================================
Creating separate layer map PNGs for each BrNum
====================================================================================================
Saved: /beegfs/labs/hulab/projects/mjabin/GeneBridge/outputs/xenium_branch/03_annotation/layerwise/figures/per_sample_layer_maps/Br1113_layer_map.png
Saved: /beegfs/labs/hulab/projects/mjabin/GeneBridge/outputs/xenium_branch/03_annotation/layerwise/figures/per_sample_layer_maps/Br1139_layer_map.png
Saved: /beegfs/labs/hulab/projects/mjabin/GeneBridge/outputs/xenium_branch/03_annotation/layerwise/figures/per_sample_layer_maps/Br2039_layer_map.png
Saved: /beegfs/labs/hulab/projects/mjabin/GeneBridge/outputs/xenium_branch/03_annotation/layerwise/figures/per_sample_layer_maps/Br2421_layer_map.png
Saved: /beegfs/labs/hulab/projects/mjabin/GeneBridge/outputs/xenium_branch/03_annotation/layerwise/figures/per_sample_layer_maps/Br2719_layer_map.png
Saved: /beegfs/labs/hulab/projects/mjabin/GeneBridge/outputs/xenium_branch/03_annotation/layerwise/figures/per_sample_layer_maps/Br5314_layer_map.png
Saved: /beegfs/labs/hulab/projects/mjabin/GeneBridge/outputs/xenium_branch/03_annotation/layerwise/figures/per_sample_layer_maps/Br5373_layer_map.png
Saved: /beegfs/labs/hulab/projects/mjabin/GeneBridge/outputs/xenium_branch/03_annotation/layerwise/figures/per_sample_layer_maps/Br5400_layer_map.png
Saved: /beegfs/labs/hulab/projects/mjabin/GeneBridge/outputs/xenium_branch/03_annotation/layerwise/figures/per_sample_layer_maps/Br5436_layer_map.png
Saved: /beegfs/labs/hulab/projects/mjabin/GeneBridge/outputs/xenium_branch/03_annotation/layerwise/figures/per_sample_layer_maps/Br5588_layer_map.png
Saved: /beegfs/labs/hulab/projects/mjabin/GeneBridge/outputs/xenium_branch/03_annotation/layerwise/figures/per_sample_layer_maps/Br5590_layer_map.png
Saved: /beegfs/labs/hulab/projects/mjabin/GeneBridge/outputs/xenium_branch/03_annotation/layerwise/figures/per_sample_layer_maps/Br5622_layer_map.png
Saved: /beegfs/labs/hulab/projects/mjabin/GeneBridge/outputs/xenium_branch/03_annotation/layerwise/figures/per_sample_layer_maps/Br5639_layer_map.png
Saved: /beegfs/labs/hulab/projects/mjabin/GeneBridge/outputs/xenium_branch/03_annotation/layerwise/figures/per_sample_layer_maps/Br5746_layer_map.png
Saved: /beegfs/labs/hulab/projects/mjabin/GeneBridge/outputs/xenium_branch/03_annotation/layerwise/figures/per_sample_layer_maps/Br5931_layer_map.png
Saved: /beegfs/labs/hulab/projects/mjabin/GeneBridge/outputs/xenium_branch/03_annotation/layerwise/figures/per_sample_layer_maps/Br5973_layer_map.png
Saved: /beegfs/labs/hulab/projects/mjabin/GeneBridge/outputs/xenium_branch/03_annotation/layerwise/figures/per_sample_layer_maps/Br6032_layer_map.png
Saved: /beegfs/labs/hulab/projects/mjabin/GeneBridge/outputs/xenium_branch/03_annotation/layerwise/figures/per_sample_layer_maps/Br6389_layer_map.png
Saved: /beegfs/labs/hulab/projects/mjabin/GeneBridge/outputs/xenium_branch/03_annotation/layerwise/figures/per_sample_layer_maps/Br6432_layer_map.png
Saved: /beegfs/labs/hulab/projects/mjabin/GeneBridge/outputs/xenium_branch/03_annotation/layerwise/figures/per_sample_layer_maps/Br6437_layer_map.png
Saved: /beegfs/labs/hulab/projects/mjabin/GeneBridge/outputs/xenium_branch/03_annotation/layerwise/figures/per_sample_layer_maps/Br6496_layer_map.png
Saved: /beegfs/labs/hulab/projects/mjabin/GeneBridge/outputs/xenium_branch/03_annotation/layerwise/figures/per_sample_layer_maps/Br8433_layer_map.png
Saved: /beegfs/labs/hulab/projects/mjabin/GeneBridge/outputs/xenium_branch/03_annotation/layerwise/figures/per_sample_layer_maps/Br8667_layer_map.png
Saved: /beegfs/labs/hulab/projects/mjabin/GeneBridge/outputs/xenium_branch/03_annotation/layerwise/figures/per_sample_layer_maps/Br8772_layer_map.png

====================================================================================================
Creating layer proportion plot
====================================================================================================
Saved: /beegfs/labs/hulab/projects/mjabin/GeneBridge/outputs/xenium_branch/03_annotation/layerwise/figures/xenium_N24_layer_proportions_by_BrNum.png

====================================================================================================
Creating layer count plot
====================================================================================================
Saved: /beegfs/labs/hulab/projects/mjabin/GeneBridge/outputs/xenium_branch/03_annotation/layerwise/figures/xenium_N24_layer_counts_by_BrNum.png

====================================================================================================
Creating overall layer distribution plot
====================================================================================================
Saved: /beegfs/labs/hulab/projects/mjabin/GeneBridge/outputs/xenium_branch/03_annotation/layerwise/figures/xenium_N24_layer_overall_distribution.png

====================================================================================================
Saving h5ad
====================================================================================================
Saved h5ad: /beegfs/labs/hulab/projects/mjabin/GeneBridge/data/processed/xenium/xenium_N24_layer_annotated.h5ad

====================================================================================================
Final summary
====================================================================================================
Cells in output: 1224457
Genes/features in output: 541
Donors: 24

Layer counts:
layer_annotation
L5      374579
L2/3    283673
WM      216632
L1/M    156783
L6      113710
L3/4     49305
WMtz     29775

Main outputs:
H5AD:
  /beegfs/labs/hulab/projects/mjabin/GeneBridge/data/processed/xenium/xenium_N24_layer_annotated.h5ad
CSV folder:
  /beegfs/labs/hulab/projects/mjabin/GeneBridge/outputs/xenium_branch/03_annotation/layerwise/tables
Figure folder:
  /beegfs/labs/hulab/projects/mjabin/GeneBridge/outputs/xenium_branch/03_annotation/layerwise/figures
Per-sample PNG folder:
  /beegfs/labs/hulab/projects/mjabin/GeneBridge/outputs/xenium_branch/03_annotation/layerwise/figures/per_sample_layer_maps
========================================
Completed: Tue Jul 28 16:58:03 EDT 2026
========================================
