============================================================
Expression-stratified imputation metrics
Method: envi
Job: 4034183_4
Started: Thu Aug 13 02:09:27 EDT 2026
============================================================
====================================================================================================
EXPRESSION-STRATIFIED GENE-LEVEL PERFORMANCE
====================================================================================================
Method: ENVI
====================================================================================================
BUILDING FIXED EXPRESSION STRATA
====================================================================================================
Canonical source:
/beegfs/labs/hulab/projects/mjabin/GeneBridge/outputs/imputation_beta/Br8667/ex5/vista/combined_v2/gene_level_metrics_300genes.csv

Genes per expression stratum:
expression_stratum
Low       100
Medium    100
High      100
Name: count, dtype: int64

Expression-stratum ranges:
expression_stratum  n_genes  min_observed_mean  median_observed_mean  max_observed_mean  min_log1p_mean  median_log1p_mean  max_log1p_mean
               Low      100           0.006349              0.158735           0.437171        0.006329           0.147327        0.362677
            Medium      100           0.446635              0.769192           1.554665        0.369240           0.570523        0.937921
              High      100           1.582648              3.368280          69.445045        0.948815           1.474360        4.254833

Loading envi / Ex5
/beegfs/labs/hulab/projects/mjabin/GeneBridge/outputs/imputation_beta/Br8667/ex5/envi/combined_v2/gene_level_metrics_300genes.csv

Loading envi / Ex5.1
/beegfs/labs/hulab/projects/mjabin/GeneBridge/outputs/imputation_beta/Br8667/ex5_1/envi/combined_v2/gene_level_metrics_300genes.csv

Loading envi / Ex5.3
/beegfs/labs/hulab/projects/mjabin/GeneBridge/outputs/imputation_beta/Br8667/ex5_3/envi/combined_v2/gene_level_metrics_300genes.csv

====================================================================================================
VALIDATION
====================================================================================================

ex5
expression_stratum
Low       100
Medium    100
High      100
Name: count, dtype: int64

ex5_1
expression_stratum
Low       100
Medium    100
High      100
Name: count, dtype: int64

ex5_3
expression_stratum
Low       100
Medium    100
High      100
Name: count, dtype: int64

====================================================================================================
SUMMARY
====================================================================================================
     metric expression_stratum experiment_label      mean   median
        SCC                Low              Ex5  0.255155 0.275758
        SCC                Low            Ex5.1  0.255267 0.270818
        SCC                Low            Ex5.3  0.255005 0.267389
        SCC             Medium              Ex5  0.464488 0.484640
        SCC             Medium            Ex5.1  0.453628 0.484864
        SCC             Medium            Ex5.3  0.458876 0.464430
        SCC               High              Ex5  0.668927 0.685003
        SCC               High            Ex5.1  0.646151 0.668757
        SCC               High            Ex5.3  0.641453 0.669320
       SSIM                Low              Ex5  0.334939 0.296600
       SSIM                Low            Ex5.1  0.327889 0.261652
       SSIM                Low            Ex5.3  0.323248 0.261665
       SSIM             Medium              Ex5  0.487966 0.511864
       SSIM             Medium            Ex5.1  0.480535 0.495057
       SSIM             Medium            Ex5.3  0.476174 0.473446
       SSIM               High              Ex5  0.630250 0.656473
       SSIM               High            Ex5.1  0.618258 0.636457
       SSIM               High            Ex5.3  0.610404 0.629480
       RMSE                Low              Ex5  2.690066 0.989457
       RMSE                Low            Ex5.1  3.124993 0.976871
       RMSE                Low            Ex5.3  2.719609 1.018617
       RMSE             Medium              Ex5  9.269303 1.921520
       RMSE             Medium            Ex5.1  8.184952 2.062963
       RMSE             Medium            Ex5.3 10.093461 2.101604
       RMSE               High              Ex5 14.566752 5.030620
       RMSE               High            Ex5.1 16.011988 5.590098
       RMSE               High            Ex5.3 17.227589 5.347298
        MAE                Low              Ex5  0.738906 0.392053
        MAE                Low            Ex5.1  0.835315 0.422210
        MAE                Low            Ex5.3  0.813991 0.411987
        MAE             Medium              Ex5  2.291613 1.033500
        MAE             Medium            Ex5.1  2.441958 1.012384
        MAE             Medium            Ex5.3  2.712848 0.982210
        MAE               High              Ex5  7.302347 2.925512
        MAE               High            Ex5.1  8.062453 3.120696
        MAE               High            Ex5.3  8.209056 2.974787
        JSD                Low              Ex5  0.533215 0.496323
        JSD                Low            Ex5.1  0.529695 0.487925
        JSD                Low            Ex5.3  0.530123 0.495965
        JSD             Medium              Ex5  0.282153 0.255513
        JSD             Medium            Ex5.1  0.283360 0.260162
        JSD             Medium            Ex5.3  0.284114 0.260689
        JSD               High              Ex5  0.138381 0.132323
        JSD               High            Ex5.1  0.148046 0.135109
        JSD               High            Ex5.3  0.150809 0.145757
Moran_error                Low              Ex5  0.105453 0.079800
Moran_error                Low            Ex5.1  0.101373 0.078383
Moran_error                Low            Ex5.3  0.103665 0.074827
Moran_error             Medium              Ex5  0.112108 0.082092
Moran_error             Medium            Ex5.1  0.109043 0.083530
Moran_error             Medium            Ex5.3  0.110199 0.089655
Moran_error               High              Ex5  0.092451 0.078358
Moran_error               High            Ex5.1  0.082304 0.055314
Moran_error               High            Ex5.3  0.090700 0.067457

====================================================================================================
DONE
====================================================================================================
Figure: /beegfs/labs/hulab/projects/mjabin/GeneBridge/outputs/imputation_beta/Br8667/final_visualizations/panel_level/expression_stratified/envi/envi_metrics_by_expression.png

============================================================
Completed: Thu Aug 13 02:09:35 EDT 2026
Method: envi
============================================================
