============================================================
Raw metric distributions across experiments
Method: gimvi
Job: 4027688_2
Started: Wed Aug 12 18:11:28 EDT 2026
============================================================
====================================================================================================
RAW GENE-LEVEL METRIC DISTRIBUTIONS
====================================================================================================
Method: gimVI

Loading Experiment 5:
/beegfs/labs/hulab/projects/mjabin/GeneBridge/outputs/imputation_beta/Br8667/ex5/gimvi/combined_v2/gene_level_metrics_300genes.csv

Loading Experiment 5.1:
/beegfs/labs/hulab/projects/mjabin/GeneBridge/outputs/imputation_beta/Br8667/ex5_1/gimvi/combined_v2/gene_level_metrics_300genes.csv

Loading Experiment 5.3:
/beegfs/labs/hulab/projects/mjabin/GeneBridge/outputs/imputation_beta/Br8667/ex5_3/gimvi/combined_v2/gene_level_metrics_300genes.csv

====================================================================================================
VALIDATION
====================================================================================================
SCC          missing=0     finite=900
SSIM         missing=0     finite=900
RMSE         missing=0     finite=900
MAE          missing=0     finite=900
JSD          missing=0     finite=900
Moran_error  missing=0     finite=900

Unique genes by experiment:
experiment
ex5      300
ex5_1    300
ex5_3    300
Name: gene, dtype: int64

====================================================================================================
SUMMARY
====================================================================================================
     metric experiment_label     mean   median      std
        SCC     Experiment 5 0.485947 0.491537 0.228901
        SCC   Experiment 5.1 0.490548 0.495847 0.225533
        SCC   Experiment 5.3 0.486096 0.481119 0.225174
       SSIM     Experiment 5 0.407765 0.411011 0.212861
       SSIM   Experiment 5.1 0.417329 0.423296 0.214135
       SSIM   Experiment 5.3 0.410446 0.416851 0.213318
       RMSE     Experiment 5 4.614870 1.987120 9.284047
       RMSE   Experiment 5.1 4.646633 1.952707 9.759679
       RMSE   Experiment 5.3 4.624470 1.977091 9.818257
        MAE     Experiment 5 2.966597 1.041342 7.117726
        MAE   Experiment 5.1 3.028597 1.033829 7.751566
        MAE   Experiment 5.3 3.023995 1.040272 7.862804
        JSD     Experiment 5 0.378621 0.346708 0.237703
        JSD   Experiment 5.1 0.368749 0.333698 0.234306
        JSD   Experiment 5.3 0.373682 0.342391 0.235644
Moran_error     Experiment 5 0.153508 0.148645 0.091864
Moran_error   Experiment 5.1 0.146088 0.134321 0.088097
Moran_error   Experiment 5.3 0.152458 0.147812 0.091071

====================================================================================================
DONE
====================================================================================================
Figure: /beegfs/labs/hulab/projects/mjabin/GeneBridge/outputs/imputation_beta/Br8667/final_visualizations/panel_level/raw_metrics/gimvi/gimvi_raw_metric_distributions.png
Summary: /beegfs/labs/hulab/projects/mjabin/GeneBridge/outputs/imputation_beta/Br8667/final_visualizations/panel_level/raw_metrics/gimvi/metric_summary.csv

============================================================
Completed: Wed Aug 12 18:11:35 EDT 2026
Method: gimvi
============================================================
