============================================================
Expression-stratified imputation metrics
Method: spage
Job: 4034184_5
Started: Thu Aug 13 02:09:26 EDT 2026
============================================================
====================================================================================================
EXPRESSION-STRATIFIED GENE-LEVEL PERFORMANCE
====================================================================================================
Method: SpaGE
====================================================================================================
BUILDING FIXED EXPRESSION STRATA
====================================================================================================
Canonical source:
/beegfs/labs/hulab/projects/mjabin/GeneBridge/outputs/imputation_beta/Br8667/ex5/vista/combined_v2/gene_level_metrics_300genes.csv

Genes per expression stratum:
expression_stratum
Low       100
Medium    100
High      100
Name: count, dtype: int64

Expression-stratum ranges:
expression_stratum  n_genes  min_observed_mean  median_observed_mean  max_observed_mean  min_log1p_mean  median_log1p_mean  max_log1p_mean
               Low      100           0.006349              0.158735           0.437171        0.006329           0.147327        0.362677
            Medium      100           0.446635              0.769192           1.554665        0.369240           0.570523        0.937921
              High      100           1.582648              3.368280          69.445045        0.948815           1.474360        4.254833

Loading spage / Ex5
/beegfs/labs/hulab/projects/mjabin/GeneBridge/outputs/imputation_beta/Br8667/ex5/spage/combined_v2/gene_level_metrics_300genes.csv

Loading spage / Ex5.1
/beegfs/labs/hulab/projects/mjabin/GeneBridge/outputs/imputation_beta/Br8667/ex5_1/spage/combined_v2/gene_level_metrics_300genes.csv

Loading spage / Ex5.3
/beegfs/labs/hulab/projects/mjabin/GeneBridge/outputs/imputation_beta/Br8667/ex5_3/spage/combined_v2/gene_level_metrics_300genes.csv

====================================================================================================
VALIDATION
====================================================================================================

ex5
expression_stratum
Low       100
Medium    100
High      100
Name: count, dtype: int64

ex5_1
expression_stratum
Low       100
Medium    100
High      100
Name: count, dtype: int64

ex5_3
expression_stratum
Low       100
Medium    100
High      100
Name: count, dtype: int64

====================================================================================================
SUMMARY
====================================================================================================
     metric expression_stratum experiment_label      mean   median
        SCC                Low              Ex5  0.265063 0.285551
        SCC                Low            Ex5.1  0.269014 0.285853
        SCC                Low            Ex5.3  0.267241 0.290268
        SCC             Medium              Ex5  0.459921 0.471777
        SCC             Medium            Ex5.1  0.450863 0.472888
        SCC             Medium            Ex5.3  0.446342 0.468815
        SCC               High              Ex5  0.634037 0.658869
        SCC               High            Ex5.1  0.622824 0.650999
        SCC               High            Ex5.3  0.615266 0.642914
       SSIM                Low              Ex5  0.207364 0.130176
       SSIM                Low            Ex5.1  0.219147 0.170587
       SSIM                Low            Ex5.3  0.219643 0.163830
       SSIM             Medium              Ex5  0.293757 0.229039
       SSIM             Medium            Ex5.1  0.282579 0.212524
       SSIM             Medium            Ex5.3  0.278720 0.199916
       SSIM               High              Ex5  0.411143 0.463207
       SSIM               High            Ex5.1  0.372573 0.363575
       SSIM               High            Ex5.3  0.366286 0.340580
       RMSE                Low              Ex5  1.499488 0.728619
       RMSE                Low            Ex5.1  1.560938 0.698727
       RMSE                Low            Ex5.3  1.596178 0.715500
       RMSE             Medium              Ex5  5.799048 1.955754
       RMSE             Medium            Ex5.1  6.789214 2.207097
       RMSE             Medium            Ex5.3  6.925567 2.216782
       RMSE               High              Ex5 17.097065 6.112625
       RMSE               High            Ex5.1 19.496041 6.729095
       RMSE               High            Ex5.3 19.973890 6.741805
        MAE                Low              Ex5  0.412506 0.188862
        MAE                Low            Ex5.1  0.423962 0.190698
        MAE                Low            Ex5.3  0.433973 0.191629
        MAE             Medium              Ex5  2.042463 0.848904
        MAE             Medium            Ex5.1  2.293931 0.931644
        MAE             Medium            Ex5.3  2.325975 0.958826
        MAE               High              Ex5  9.734207 3.330847
        MAE               High            Ex5.1 10.877097 3.866321
        MAE               High            Ex5.3 11.088835 3.980274
        JSD                Low              Ex5  0.543121 0.500459
        JSD                Low            Ex5.1  0.551612 0.500236
        JSD                Low            Ex5.3  0.556414 0.515045
        JSD             Medium              Ex5  0.313240 0.295104
        JSD             Medium            Ex5.1  0.329395 0.301473
        JSD             Medium            Ex5.3  0.333807 0.305080
        JSD               High              Ex5  0.201853 0.186275
        JSD               High            Ex5.1  0.226489 0.215214
        JSD               High            Ex5.3  0.231056 0.220152
Moran_error                Low              Ex5  0.043428 0.022559
Moran_error                Low            Ex5.1  0.036937 0.024073
Moran_error                Low            Ex5.3  0.035715 0.023676
Moran_error             Medium              Ex5  0.045071 0.030887
Moran_error             Medium            Ex5.1  0.045660 0.033403
Moran_error             Medium            Ex5.3  0.045789 0.033612
Moran_error               High              Ex5  0.096724 0.079123
Moran_error               High            Ex5.1  0.121828 0.087346
Moran_error               High            Ex5.3  0.124584 0.088819

====================================================================================================
DONE
====================================================================================================
Figure: /beegfs/labs/hulab/projects/mjabin/GeneBridge/outputs/imputation_beta/Br8667/final_visualizations/panel_level/expression_stratified/spage/spage_metrics_by_expression.png

============================================================
Completed: Thu Aug 13 02:09:35 EDT 2026
Method: spage
============================================================
