====================================================================================================
Fixed advisor-gene OOF spatial comparison
====================================================================================================
Job ID: 3973974
Node: node09.hgcc.emory.edu
Started: Thu Aug  6 14:51:34 EDT 2026
Memory: 160G
CPUs: 16
Experiment: ex5_3
Model: vista
Combined directory: auto
====================================================================================================
Highlight-gene plot saved: /beegfs/labs/hulab/projects/mjabin/GeneBridge/outputs/imputation_beta/Br8667/ex5_3/vista/combined_v2/figures/advisor_highlight_genes/advisor_11_gene_observed_vs_prediction.png
Genes plotted: ['MBP', 'RELN', 'CUX2', 'ADCYAP1', 'VAMP1', 'RORB', 'PCP4', 'NPTX1', 'CCK', 'PVALB', 'ENC1']
====================================================================================================
ADVISOR HIGHLIGHT-GENE PLOT COMPLETE
====================================================================================================
Benchmark module: benchmark_evaluation_v2
Experiment: ex5_3
Model: vista
Combined directory: /beegfs/labs/hulab/projects/mjabin/GeneBridge/outputs/imputation_beta/Br8667/ex5_3/vista/combined_v2
Prediction source: layers['count_scale']
Genes: ['MBP', 'RELN', 'CUX2', 'ADCYAP1', 'VAMP1', 'RORB', 'PCP4', 'NPTX1', 'CCK', 'PVALB', 'ENC1']
PNG: /beegfs/labs/hulab/projects/mjabin/GeneBridge/outputs/imputation_beta/Br8667/ex5_3/vista/combined_v2/figures/advisor_highlight_genes/advisor_11_gene_observed_vs_prediction.png
PDF: /beegfs/labs/hulab/projects/mjabin/GeneBridge/outputs/imputation_beta/Br8667/ex5_3/vista/combined_v2/figures/advisor_highlight_genes/advisor_11_gene_observed_vs_prediction.pdf
Availability: /beegfs/labs/hulab/projects/mjabin/GeneBridge/outputs/imputation_beta/Br8667/ex5_3/vista/combined_v2/figures/advisor_highlight_genes/advisor_highlight_gene_availability.csv

Completed: Thu Aug  6 14:52:06 EDT 2026
