============================================================
Ex1 NTC + Ex2 SCZ target preparation
RAM: 200G
CPUs: 16
Job: 4188934
Host: node03.hgcc.emory.edu
Started: Wed Aug 19 20:21:42 EDT 2026
============================================================
====================================================================================================
ULTRAFAST Ex1 + Ex2 TARGET PREPARATION
====================================================================================================

Ex1 NTC donors:
patient_index patient_id
           P2     Br2719
           P3     Br6432
           P4     Br1113
           P7     Br5400
           P8     Br5622
          P10     Br5314
          P13     Br5639
          P14     Br8433
          P18     Br8667
          P19     Br5436
          P20     Br5931
          P24     Br6389

Ex2 SCZ donors:
patient_index patient_id
           P1     Br2039
           P5     Br5373
           P6     Br5590
           P9     Br6437
          P11     Br5588
          P12     Br5746
          P15     Br8772
          P16     Br1139
          P17     Br5973
          P21     Br6496
          P22     Br2421
          P23     Br6032

====================================================================================================
OPENING N24 H5AD IN BACKED MODE
====================================================================================================
Opened metadata in 8.35 sec
Shape : (1224455, 300)
Layers: ['counts', 'log1p_norm']

====================================================================================================
LOADING ONLY layers['counts'] INTO RAM
This is one sequential read, not 24 disk slices.
====================================================================================================
Counts loaded in 0.26 sec
Counts type: <class 'scipy.sparse._csr.csr_matrix'>
Counts shape: (1224455, 300)
Counts nnz: 122,302,337

Loading spatial coordinates...
Spatial loaded in 0.00 sec
Metadata ready.

====================================================================================================
DONOR CELL INDEX
====================================================================================================
Br2039: 41,101 cells
Br2719: 57,949 cells
Br6432: 1 cells
Br1113: 54,585 cells
Br5373: 63,894 cells
Br5590: 53,577 cells
Br5400: 44,283 cells
Br5622: 68,236 cells
Br6437: 55,773 cells
Br5314: 45,585 cells
Br5588: 59,694 cells
Br5746: 43,025 cells
Br5639: 58,976 cells
Br8433: 58,195 cells
Br8772: 54,456 cells
Br1139: 56,617 cells
Br5973: 41,895 cells
Br8667: 66,164 cells
Br5436: 44,430 cells
Br5931: 43,522 cells
Br6496: 56,213 cells
Br2421: 62,073 cells
Br6032: 44,669 cells
Br6389: 49,542 cells

====================================================================================================
EX1_NTC | NTC
====================================================================================================

[01/12] Br2719 | cells=57,949
