====================================================================================================
SpaGE three-fold benchmark
====================================================================================================
Job: 3976588
Array job: 3976584
Task/fold: 2
Node: node10.hgcc.emory.edu
Started: Fri Aug  7 10:44:32 EDT 2026

Experiment: ex5
Experiment label: Experiment 5
Reference: /beegfs/labs/hulab/projects/mjabin/GeneBridge/data/processed/imputation_beta/Br8667/seq_data_huuki_snrna_Br8667_vista.h5ad
Python: /beegfs/labs/hulab/projects/mjabin/conda_envs/Imputation/bin/python

Requested n_pv: 50
Minimum reference detected cells: 10
SpaGE internal nearest neighbors: 50

Memory: 200G
CPUs: 16
Array policy: 1-3%3
====================================================================================================
====================================================================================================
STANDARD SpaGE 3-FOLD BENCHMARK
====================================================================================================
Experiment: ex5
Experiment label: Experiment 5
Fold: 2
Reference: /beegfs/labs/hulab/projects/mjabin/GeneBridge/data/processed/imputation_beta/Br8667/seq_data_huuki_snrna_Br8667_vista.h5ad
Reference raw shape: (9897, 28907)
Reference 300-gene cells retained: (9897, 300)
Reference zero-library cells removed: 0
Spatial observed input: (66148, 200)
Held-out truth: (66148, 100)
Alignment genes retained: 199 / 200
Requested n_pv: 50
n_pv passed to SpaGE: 50
SpaGE genes_to_predict: 300
Spatial normalization median library: 473.0
Seed: 8669
Output: /beegfs/labs/hulab/projects/mjabin/GeneBridge/outputs/imputation_beta/Br8667/ex5/spage/fold_2
====================================================================================================
Highlight-gene plot saved: /beegfs/labs/hulab/projects/mjabin/GeneBridge/outputs/imputation_beta/Br8667/ex5/spage/fold_2/figures/ten_gene_observed_vs_prediction.png
Genes plotted: ['ITGB4', 'KCNK1', 'DDIT4', 'ENPP2', 'TNK2', 'AQP1', 'SYK', 'GPX3', 'ALCAM', 'YWHAH']

====================================================================================================
SUCCESS
Model: SpaGE
Experiment: ex5
Fold: 2
Prediction: /beegfs/labs/hulab/projects/mjabin/GeneBridge/outputs/imputation_beta/Br8667/ex5/spage/fold_2/predicted_heldout_genes.h5ad
Gene metrics: /beegfs/labs/hulab/projects/mjabin/GeneBridge/outputs/imputation_beta/Br8667/ex5/spage/fold_2/gene_level_metrics.csv
Fold metrics: /beegfs/labs/hulab/projects/mjabin/GeneBridge/outputs/imputation_beta/Br8667/ex5/spage/fold_2/fold_level_metrics.csv
Alignment genes: 199
SpaGE prediction minutes: 0.33
Count scale min/median/max: 5.19247e-05 0.00181275 0.0755073
run_complete.flag: /beegfs/labs/hulab/projects/mjabin/GeneBridge/outputs/imputation_beta/Br8667/ex5/spage/fold_2/run_complete.flag
====================================================================================================

====================================================================================================
SUCCESS
Model: SpaGE
Experiment: ex5
Fold: 2
Completed: Fri Aug  7 10:45:39 EDT 2026
====================================================================================================
