============================================================
11-gene spatial panel across experiments
Method: tangram
Job: 4025743_3
Node: node10.hgcc.emory.edu
Started: Wed Aug 12 15:38:46 EDT 2026
============================================================
====================================================================================================
11-GENE SPATIAL PANEL ACROSS EXPERIMENTS
====================================================================================================
Method: Tangram
Loading: /beegfs/labs/hulab/projects/mjabin/GeneBridge/outputs/imputation_beta/Br8667/ex5/tangram/combined_v2/oof_predictions_300genes.h5ad
Loading: /beegfs/labs/hulab/projects/mjabin/GeneBridge/outputs/imputation_beta/Br8667/ex5_1/tangram/combined_v2/oof_predictions_300genes.h5ad
Loading: /beegfs/labs/hulab/projects/mjabin/GeneBridge/outputs/imputation_beta/Br8667/ex5_3/tangram/combined_v2/oof_predictions_300genes.h5ad

DONE
PNG: /beegfs/labs/hulab/projects/mjabin/GeneBridge/outputs/imputation_beta/Br8667/final_visualizations/gene_level/across_experiments/tangram/tangram_spatial_11genes_across_experiments.png
PDF: /beegfs/labs/hulab/projects/mjabin/GeneBridge/outputs/imputation_beta/Br8667/final_visualizations/gene_level/across_experiments/tangram/tangram_spatial_11genes_across_experiments.pdf

============================================================
Completed: Wed Aug 12 15:39:25 EDT 2026
Method: tangram
============================================================
