============================================================
11-gene spatial panel across methods
Experiment: ex5
Job ID: 4010491
Array task: 1
Node: node09.hgcc.emory.edu
Started: Tue Aug 11 18:30:33 EDT 2026
============================================================
==============================================================================================================
SPATIAL 11-GENE PANEL ACROSS METHODS
==============================================================================================================
Experiment: Experiment 5

Loading canonical truth:
/beegfs/labs/hulab/projects/mjabin/GeneBridge/outputs/imputation_beta/Br8667/ex5/vista/combined_v2/oof_ground_truth_300genes.h5ad
Truth shape: (66148, 300)

Loading VISTA:
/beegfs/labs/hulab/projects/mjabin/GeneBridge/outputs/imputation_beta/Br8667/ex5/vista/combined_v2/oof_predictions_300genes.h5ad

Loading gimVI:
/beegfs/labs/hulab/projects/mjabin/GeneBridge/outputs/imputation_beta/Br8667/ex5/gimvi/combined_v2/oof_predictions_300genes.h5ad

Loading Tangram:
/beegfs/labs/hulab/projects/mjabin/GeneBridge/outputs/imputation_beta/Br8667/ex5/tangram/combined_v2/oof_predictions_300genes.h5ad

Loading ENVI:
/beegfs/labs/hulab/projects/mjabin/GeneBridge/outputs/imputation_beta/Br8667/ex5/envi/combined_v2/oof_predictions_300genes.h5ad

Loading SpaGE:
/beegfs/labs/hulab/projects/mjabin/GeneBridge/outputs/imputation_beta/Br8667/ex5/spage/combined_v2/oof_predictions_300genes.h5ad

Loading TransImpSpa:
/beegfs/labs/hulab/projects/mjabin/GeneBridge/outputs/imputation_beta/Br8667/ex5/transimpspa/combined_v2/oof_predictions_300genes.h5ad
