====================================================================================================
Tangram three-fold benchmark
====================================================================================================
Job: 3976160
Array job: 3976157
Task/fold: 1
Node: node03.hgcc.emory.edu
Started: Fri Aug  7 02:48:20 EDT 2026

Experiment: ex5
Experiment label: Experiment 5
Reference: /beegfs/labs/hulab/projects/mjabin/GeneBridge/data/processed/imputation_beta/Br8667/seq_data_huuki_snrna_Br8667_vista.h5ad
Tangram mode: clusters
Epochs: 500
Device: cpu
Memory: 200G
CPUs: 16
Array policy: 1-3%3
====================================================================================================
Reference cluster label: cellType_broad_k
Reference clusters: 8
Removed small-cluster cells: 0
====================================================================================================
STANDARD Tangram 3-FOLD BENCHMARK
====================================================================================================
Experiment: ex5
Experiment label: Experiment 5
Fold: 1
Reference: /beegfs/labs/hulab/projects/mjabin/GeneBridge/data/processed/imputation_beta/Br8667/seq_data_huuki_snrna_Br8667_vista.h5ad
Tangram reference input: (9897, 300)
Tangram spatial input: (66148, 200)
Held-out truth: (66148, 100)
Tangram mode: clusters
Cluster label: cellType_broad_k
Density prior: uniform
Normalization target: 10000.0
Epochs: 500
Device: cpu
Output: /beegfs/labs/hulab/projects/mjabin/GeneBridge/outputs/imputation_beta/Br8667/ex5/tangram/fold_1
====================================================================================================
Score: 0.421, KL reg: 0.205
Score: 0.640, KL reg: 0.006
Score: 0.642, KL reg: 0.006
Score: 0.642, KL reg: 0.006
Score: 0.643, KL reg: 0.006
Highlight-gene plot saved: /beegfs/labs/hulab/projects/mjabin/GeneBridge/outputs/imputation_beta/Br8667/ex5/tangram/fold_1/figures/ten_gene_observed_vs_prediction.png
Genes plotted: ['ALDH1A1', 'NORAD', 'APOLD1', 'SOX2-OT', 'MYL9', 'CARTPT', 'FGFR3', 'PLEC', 'NDUFB2', 'ACY3']
====================================================================================================
SUCCESS
Prediction: /beegfs/labs/hulab/projects/mjabin/GeneBridge/outputs/imputation_beta/Br8667/ex5/tangram/fold_1/predicted_heldout_genes.h5ad
Gene metrics: /beegfs/labs/hulab/projects/mjabin/GeneBridge/outputs/imputation_beta/Br8667/ex5/tangram/fold_1/gene_level_metrics.csv
Fold metrics: /beegfs/labs/hulab/projects/mjabin/GeneBridge/outputs/imputation_beta/Br8667/ex5/tangram/fold_1/fold_level_metrics.csv
Training minutes: 1.07
Projection minutes: 0.00
Scale factor min/median/max: 0.123204 53.7284 156.092
====================================================================================================

====================================================================================================
SUCCESS
Experiment: ex5
Fold: 1
Completed: Fri Aug  7 02:50:23 EDT 2026
====================================================================================================
