====================================================================================================
Tangram three-fold benchmark
====================================================================================================
Job: 3976158
Array job: 3976158
Task/fold: 3
Node: node02.hgcc.emory.edu
Started: Fri Aug  7 02:48:22 EDT 2026

Experiment: ex5_1
Experiment label: Experiment 5.1
Reference: /beegfs/labs/hulab/projects/mjabin/GeneBridge/data/processed/snrnaseq/sce_DLPFC_annotated/huuki_snrna_reference_full_allgenes.h5ad
Tangram mode: clusters
Epochs: 500
Device: cpu
Memory: 200G
CPUs: 16
Array policy: 1-3%3
====================================================================================================
Reference cluster label: cellType_broad_k
Reference clusters: 8
Removed small-cluster cells: 0
====================================================================================================
STANDARD Tangram 3-FOLD BENCHMARK
====================================================================================================
Experiment: ex5_1
Experiment label: Experiment 5.1
Fold: 3
Reference: /beegfs/labs/hulab/projects/mjabin/GeneBridge/data/processed/snrnaseq/sce_DLPFC_annotated/huuki_snrna_reference_full_allgenes.h5ad
Tangram reference input: (77604, 300)
Tangram spatial input: (66148, 200)
Held-out truth: (66148, 100)
Tangram mode: clusters
Cluster label: cellType_broad_k
Density prior: uniform
Normalization target: 10000.0
Epochs: 500
Device: cpu
Output: /beegfs/labs/hulab/projects/mjabin/GeneBridge/outputs/imputation_beta/Br8667/ex5_1/tangram/fold_3
====================================================================================================
Score: 0.435, KL reg: 0.168
Score: 0.659, KL reg: 0.005
Score: 0.661, KL reg: 0.005
Score: 0.662, KL reg: 0.005
Score: 0.662, KL reg: 0.005
Highlight-gene plot saved: /beegfs/labs/hulab/projects/mjabin/GeneBridge/outputs/imputation_beta/Br8667/ex5_1/tangram/fold_3/figures/ten_gene_observed_vs_prediction.png
Genes plotted: ['RASGRF2', 'CORT', 'ATP2B4', 'GAD2', 'TYROBP', 'CNDP1', 'MTURN', 'HMGB2', 'ACTA2', 'NRG1']
====================================================================================================
SUCCESS
Prediction: /beegfs/labs/hulab/projects/mjabin/GeneBridge/outputs/imputation_beta/Br8667/ex5_1/tangram/fold_3/predicted_heldout_genes.h5ad
Gene metrics: /beegfs/labs/hulab/projects/mjabin/GeneBridge/outputs/imputation_beta/Br8667/ex5_1/tangram/fold_3/gene_level_metrics.csv
Fold metrics: /beegfs/labs/hulab/projects/mjabin/GeneBridge/outputs/imputation_beta/Br8667/ex5_1/tangram/fold_3/fold_level_metrics.csv
Training minutes: 0.88
Projection minutes: 0.01
Scale factor min/median/max: 0.0200171 8.60031 26.0298
====================================================================================================

====================================================================================================
SUCCESS
Experiment: ex5_1
Fold: 3
Completed: Fri Aug  7 02:53:50 EDT 2026
====================================================================================================
