====================================================================================================
Tangram three-fold benchmark
====================================================================================================
Job: 3976165
Array job: 3976159
Task/fold: 2
Node: node06.hgcc.emory.edu
Started: Fri Aug  7 02:48:21 EDT 2026

Experiment: ex5_3
Experiment label: Experiment 5.3
Reference: /beegfs/labs/hulab/projects/mjabin/GeneBridge/data/processed/imputation_beta/Br8667/seq_data_huuki_snrna_9brains_excluding_Br8667.h5ad
Tangram mode: clusters
Epochs: 500
Device: cpu
Memory: 200G
CPUs: 16
Array policy: 1-3%3
====================================================================================================
Reference cluster label: cellType_broad_k
Reference clusters: 8
Removed small-cluster cells: 0
====================================================================================================
STANDARD Tangram 3-FOLD BENCHMARK
====================================================================================================
Experiment: ex5_3
Experiment label: Experiment 5.3
Fold: 2
Reference: /beegfs/labs/hulab/projects/mjabin/GeneBridge/data/processed/imputation_beta/Br8667/seq_data_huuki_snrna_9brains_excluding_Br8667.h5ad
Tangram reference input: (67707, 300)
Tangram spatial input: (66148, 200)
Held-out truth: (66148, 100)
Tangram mode: clusters
Cluster label: cellType_broad_k
Density prior: uniform
Normalization target: 10000.0
Epochs: 500
Device: cpu
Output: /beegfs/labs/hulab/projects/mjabin/GeneBridge/outputs/imputation_beta/Br8667/ex5_3/tangram/fold_2
====================================================================================================
Score: 0.437, KL reg: 0.166
Score: 0.663, KL reg: 0.005
Score: 0.665, KL reg: 0.005
Score: 0.665, KL reg: 0.005
Score: 0.666, KL reg: 0.005
Highlight-gene plot saved: /beegfs/labs/hulab/projects/mjabin/GeneBridge/outputs/imputation_beta/Br8667/ex5_3/tangram/fold_2/figures/ten_gene_observed_vs_prediction.png
Genes plotted: ['ITGB4', 'KCNK1', 'DDIT4', 'ENPP2', 'TNK2', 'AQP1', 'SYK', 'GPX3', 'ALCAM', 'YWHAH']
====================================================================================================
SUCCESS
Prediction: /beegfs/labs/hulab/projects/mjabin/GeneBridge/outputs/imputation_beta/Br8667/ex5_3/tangram/fold_2/predicted_heldout_genes.h5ad
Gene metrics: /beegfs/labs/hulab/projects/mjabin/GeneBridge/outputs/imputation_beta/Br8667/ex5_3/tangram/fold_2/gene_level_metrics.csv
Fold metrics: /beegfs/labs/hulab/projects/mjabin/GeneBridge/outputs/imputation_beta/Br8667/ex5_3/tangram/fold_2/fold_level_metrics.csv
Training minutes: 0.85
Projection minutes: 0.01
Scale factor min/median/max: 0.0217985 7.28372 22.3356
====================================================================================================

====================================================================================================
SUCCESS
Experiment: ex5_3
Fold: 2
Completed: Fri Aug  7 02:53:54 EDT 2026
====================================================================================================
