====================================================================================================
Tangram three-fold benchmark
====================================================================================================
Job: 3976163
Array job: 3976158
Task/fold: 2
Node: node02.hgcc.emory.edu
Started: Fri Aug  7 02:48:22 EDT 2026

Experiment: ex5_1
Experiment label: Experiment 5.1
Reference: /beegfs/labs/hulab/projects/mjabin/GeneBridge/data/processed/snrnaseq/sce_DLPFC_annotated/huuki_snrna_reference_full_allgenes.h5ad
Tangram mode: clusters
Epochs: 500
Device: cpu
Memory: 200G
CPUs: 16
Array policy: 1-3%3
====================================================================================================
Reference cluster label: cellType_broad_k
Reference clusters: 8
Removed small-cluster cells: 0
====================================================================================================
STANDARD Tangram 3-FOLD BENCHMARK
====================================================================================================
Experiment: ex5_1
Experiment label: Experiment 5.1
Fold: 2
Reference: /beegfs/labs/hulab/projects/mjabin/GeneBridge/data/processed/snrnaseq/sce_DLPFC_annotated/huuki_snrna_reference_full_allgenes.h5ad
Tangram reference input: (77604, 300)
Tangram spatial input: (66148, 200)
Held-out truth: (66148, 100)
Tangram mode: clusters
Cluster label: cellType_broad_k
Density prior: uniform
Normalization target: 10000.0
Epochs: 500
Device: cpu
Output: /beegfs/labs/hulab/projects/mjabin/GeneBridge/outputs/imputation_beta/Br8667/ex5_1/tangram/fold_2
====================================================================================================
Score: 0.436, KL reg: 0.169
Score: 0.661, KL reg: 0.005
Score: 0.663, KL reg: 0.005
Score: 0.664, KL reg: 0.005
Score: 0.664, KL reg: 0.005
Highlight-gene plot saved: /beegfs/labs/hulab/projects/mjabin/GeneBridge/outputs/imputation_beta/Br8667/ex5_1/tangram/fold_2/figures/ten_gene_observed_vs_prediction.png
Genes plotted: ['ITGB4', 'KCNK1', 'DDIT4', 'ENPP2', 'TNK2', 'AQP1', 'SYK', 'GPX3', 'ALCAM', 'YWHAH']
====================================================================================================
SUCCESS
Prediction: /beegfs/labs/hulab/projects/mjabin/GeneBridge/outputs/imputation_beta/Br8667/ex5_1/tangram/fold_2/predicted_heldout_genes.h5ad
Gene metrics: /beegfs/labs/hulab/projects/mjabin/GeneBridge/outputs/imputation_beta/Br8667/ex5_1/tangram/fold_2/gene_level_metrics.csv
Fold metrics: /beegfs/labs/hulab/projects/mjabin/GeneBridge/outputs/imputation_beta/Br8667/ex5_1/tangram/fold_2/fold_level_metrics.csv
Training minutes: 0.88
Projection minutes: 0.01
Scale factor min/median/max: 0.0186987 6.22264 19.2376
====================================================================================================

====================================================================================================
SUCCESS
Experiment: ex5_1
Fold: 2
Completed: Fri Aug  7 02:53:52 EDT 2026
====================================================================================================
