====================================================================================================
Tangram three-fold benchmark
====================================================================================================
Job: 3976157
Array job: 3976157
Task/fold: 3
Node: node02.hgcc.emory.edu
Started: Fri Aug  7 02:48:23 EDT 2026

Experiment: ex5
Experiment label: Experiment 5
Reference: /beegfs/labs/hulab/projects/mjabin/GeneBridge/data/processed/imputation_beta/Br8667/seq_data_huuki_snrna_Br8667_vista.h5ad
Tangram mode: clusters
Epochs: 500
Device: cpu
Memory: 200G
CPUs: 16
Array policy: 1-3%3
====================================================================================================
Reference cluster label: cellType_broad_k
Reference clusters: 8
Removed small-cluster cells: 0
====================================================================================================
STANDARD Tangram 3-FOLD BENCHMARK
====================================================================================================
Experiment: ex5
Experiment label: Experiment 5
Fold: 3
Reference: /beegfs/labs/hulab/projects/mjabin/GeneBridge/data/processed/imputation_beta/Br8667/seq_data_huuki_snrna_Br8667_vista.h5ad
Tangram reference input: (9897, 300)
Tangram spatial input: (66148, 200)
Held-out truth: (66148, 100)
Tangram mode: clusters
Cluster label: cellType_broad_k
Density prior: uniform
Normalization target: 10000.0
Epochs: 500
Device: cpu
Output: /beegfs/labs/hulab/projects/mjabin/GeneBridge/outputs/imputation_beta/Br8667/ex5/tangram/fold_3
====================================================================================================
Score: 0.423, KL reg: 0.205
Score: 0.640, KL reg: 0.005
Score: 0.641, KL reg: 0.005
Score: 0.642, KL reg: 0.005
Score: 0.642, KL reg: 0.005
Highlight-gene plot saved: /beegfs/labs/hulab/projects/mjabin/GeneBridge/outputs/imputation_beta/Br8667/ex5/tangram/fold_3/figures/ten_gene_observed_vs_prediction.png
Genes plotted: ['RASGRF2', 'CORT', 'ATP2B4', 'GAD2', 'TYROBP', 'CNDP1', 'MTURN', 'HMGB2', 'ACTA2', 'NRG1']
====================================================================================================
SUCCESS
Prediction: /beegfs/labs/hulab/projects/mjabin/GeneBridge/outputs/imputation_beta/Br8667/ex5/tangram/fold_3/predicted_heldout_genes.h5ad
Gene metrics: /beegfs/labs/hulab/projects/mjabin/GeneBridge/outputs/imputation_beta/Br8667/ex5/tangram/fold_3/gene_level_metrics.csv
Fold metrics: /beegfs/labs/hulab/projects/mjabin/GeneBridge/outputs/imputation_beta/Br8667/ex5/tangram/fold_3/fold_level_metrics.csv
Training minutes: 1.41
Projection minutes: 0.00
Scale factor min/median/max: 0.126159 57.8328 180.805
====================================================================================================

====================================================================================================
SUCCESS
Experiment: ex5
Fold: 3
Completed: Fri Aug  7 02:51:14 EDT 2026
====================================================================================================
