====================================================================================================
TransImpSpa three-fold benchmark
====================================================================================================
Job: 3977018
Fold: 3
Node: node02.hgcc.emory.edu
Started: Fri Aug  7 14:54:07 EDT 2026

Experiment: ex5_3
Reference: /beegfs/labs/hulab/projects/mjabin/GeneBridge/data/processed/imputation_beta/Br8667/seq_data_huuki_snrna_9brains_excluding_Br8667.h5ad

signature_mode: cell
mapping_mode: lowrank
mapping_lowdim: 256
wt_spa: 1.0
spatial kNN: 6
epochs: 2000
lr: 0.01
weight_decay: 0.01
clip_max: 10

Memory: 200G
CPUs: 16
====================================================================================================
====================================================================================================
STANDARD TransImpSpa 3-FOLD BENCHMARK
====================================================================================================
Experiment: ex5_3
Fold: 3
Reference raw shape: (67707, 36601)
Reference model shape: (67707, 300)
Removed zero-observed reference cells: 0
Spatial model shape: (66148, 200)
Held-out truth: (66148, 100)
Train genes: 200
Test genes: 100
signature_mode: cell
mapping_mode: lowrank
mapping_lowdim: 256
Spatial neighbors: 6
Adjacency nnz: 471790
wt_spa: 1.0
epochs: 2000
lr: 0.01
weight_decay: 0.01
clip_max: 10.0
Device: cpu
Seed: 8670
====================================================================================================
Highlight-gene plot saved: /beegfs/labs/hulab/projects/mjabin/GeneBridge/outputs/imputation_beta/Br8667/ex5_3/transimpspa/fold_3/figures/ten_gene_observed_vs_prediction.png
Genes plotted: ['RASGRF2', 'CORT', 'ATP2B4', 'GAD2', 'TYROBP', 'CNDP1', 'MTURN', 'HMGB2', 'ACTA2', 'NRG1']

====================================================================================================
SUCCESS
Model: TransImpSpa
Experiment: ex5_3
Fold: 3
Prediction: /beegfs/labs/hulab/projects/mjabin/GeneBridge/outputs/imputation_beta/Br8667/ex5_3/transimpspa/fold_3/predicted_heldout_genes.h5ad
Runtime minutes: 12.34
run_complete.flag: /beegfs/labs/hulab/projects/mjabin/GeneBridge/outputs/imputation_beta/Br8667/ex5_3/transimpspa/fold_3/run_complete.flag
====================================================================================================

====================================================================================================
SUCCESS
Model: TransImpSpa
Experiment: ex5_3
Fold: 3
Completed: Fri Aug  7 15:09:19 EDT 2026
====================================================================================================
