====================================================================================================
TransImpSpa three-fold benchmark
====================================================================================================
Job: 3977019
Fold: 1
Node: node09.hgcc.emory.edu
Started: Fri Aug  7 14:54:04 EDT 2026

Experiment: ex5
Reference: /beegfs/labs/hulab/projects/mjabin/GeneBridge/data/processed/imputation_beta/Br8667/seq_data_huuki_snrna_Br8667_vista.h5ad

signature_mode: cell
mapping_mode: lowrank
mapping_lowdim: 256
wt_spa: 1.0
spatial kNN: 6
epochs: 2000
lr: 0.01
weight_decay: 0.01
clip_max: 10

Memory: 200G
CPUs: 16
====================================================================================================
====================================================================================================
STANDARD TransImpSpa 3-FOLD BENCHMARK
====================================================================================================
Experiment: ex5
Fold: 1
Reference raw shape: (9897, 28907)
Reference model shape: (9897, 300)
Removed zero-observed reference cells: 0
Spatial model shape: (66148, 200)
Held-out truth: (66148, 100)
Train genes: 200
Test genes: 100
signature_mode: cell
mapping_mode: lowrank
mapping_lowdim: 256
Spatial neighbors: 6
Adjacency nnz: 471790
wt_spa: 1.0
epochs: 2000
lr: 0.01
weight_decay: 0.01
clip_max: 10.0
Device: cpu
Seed: 8668
====================================================================================================
Highlight-gene plot saved: /beegfs/labs/hulab/projects/mjabin/GeneBridge/outputs/imputation_beta/Br8667/ex5/transimpspa/fold_1/figures/ten_gene_observed_vs_prediction.png
Genes plotted: ['ALDH1A1', 'NORAD', 'APOLD1', 'SOX2-OT', 'MYL9', 'CARTPT', 'FGFR3', 'PLEC', 'NDUFB2', 'ACY3']

====================================================================================================
SUCCESS
Model: TransImpSpa
Experiment: ex5
Fold: 1
Prediction: /beegfs/labs/hulab/projects/mjabin/GeneBridge/outputs/imputation_beta/Br8667/ex5/transimpspa/fold_1/predicted_heldout_genes.h5ad
Runtime minutes: 20.43
run_complete.flag: /beegfs/labs/hulab/projects/mjabin/GeneBridge/outputs/imputation_beta/Br8667/ex5/transimpspa/fold_1/run_complete.flag
====================================================================================================

====================================================================================================
SUCCESS
Model: TransImpSpa
Experiment: ex5
Fold: 1
Completed: Fri Aug  7 15:15:17 EDT 2026
====================================================================================================
