====================================================================================================
Aggregate VISTA Experiment 5.1 three-fold results
====================================================================================================
Job ID: 3917791
Host: node08.hgcc.emory.edu
Started: Mon Aug  3 14:57:56 EDT 2026

CPUs: 16
Memory: 160G
Python: /beegfs/labs/hulab/projects/mjabin/conda_envs/Imputation/bin/python
Aggregation script: /beegfs/labs/hulab/projects/mjabin/GeneBridge/src/imputation/common/aggregate_three_folds.py
Fold directory: /beegfs/labs/hulab/projects/mjabin/GeneBridge/data/processed/imputation_beta/Br8667/gene_folds_200_100
Output root: /beegfs/labs/hulab/projects/mjabin/GeneBridge/outputs/imputation_beta/Br8667
====================================================================================================
Python 3.9.23
Aggregation script syntax check: PASSED
====================================================================================================
SUCCESS: three VISTA folds aggregated
OOF prediction: /beegfs/labs/hulab/projects/mjabin/GeneBridge/outputs/imputation_beta/Br8667/ex5_1/vista/combined/oof_predictions_300genes.h5ad
Model summary: /beegfs/labs/hulab/projects/mjabin/GeneBridge/outputs/imputation_beta/Br8667/ex5_1/vista/combined/model_experiment_summary.csv
Three-fold plot: /beegfs/labs/hulab/projects/mjabin/GeneBridge/outputs/imputation_beta/Br8667/ex5_1/vista/combined/figures/three_fold_evaluation_metrics.png
====================================================================================================

====================================================================================================
VISTA Experiment 5.1 aggregation finished successfully
Completed: Mon Aug  3 14:58:35 EDT 2026
====================================================================================================
