========================================
Job started on: hyper-01-prod-comp-di-0241-6.ec2.internal
Job ID: 531360
Date: Mon Jul 20 17:29:04 UTC 2026
CUDA_VISIBLE_DEVICES=7
========================================

===== ENVIRONMENT DEBUG =====
CONDA_PREFIX=/scratch/mjabin/conda_envs/Imputation
which python:
/scratch/mjabin/conda_envs/Imputation/bin/python
type python:
python is /opt/anaconda/bin/python
python is /opt/parallelcluster/pyenv/versions/3.12.11/envs/awsbatch_virtualenv/bin/python
python is /opt/anaconda/bin/python
python is /opt/parallelcluster/pyenv/versions/3.12.11/envs/awsbatch_virtualenv/bin/python
python is /opt/anaconda/bin/python
python is /opt/parallelcluster/pyenv/versions/3.12.11/envs/awsbatch_virtualenv/bin/python
Python executable:
/scratch/mjabin/conda_envs/Imputation/bin/python
Python version:
Python 3.11.15

===== GPU DEBUG =====
Mon Jul 20 17:29:05 2026       
+-----------------------------------------------------------------------------------------+
| NVIDIA-SMI 570.172.08             Driver Version: 570.172.08     CUDA Version: 12.8     |
|-----------------------------------------+------------------------+----------------------+
| GPU  Name                 Persistence-M | Bus-Id          Disp.A | Volatile Uncorr. ECC |
| Fan  Temp   Perf          Pwr:Usage/Cap |           Memory-Usage | GPU-Util  Compute M. |
|                                         |                        |               MIG M. |
|=========================================+========================+======================|
|   0  NVIDIA B200                    On  |   00000000:51:00.0 Off |                    0 |
| N/A   41C    P0            265W / 1000W |    3468MiB / 183359MiB |     34%      Default |
|                                         |                        |             Disabled |
+-----------------------------------------+------------------------+----------------------+
|   1  NVIDIA B200                    On  |   00000000:52:00.0 Off |                    0 |
| N/A   42C    P0            272W / 1000W |  159048MiB / 183359MiB |     57%      Default |
|                                         |                        |             Disabled |
+-----------------------------------------+------------------------+----------------------+
|   2  NVIDIA B200                    On  |   00000000:62:00.0 Off |                    0 |
| N/A   43C    P0            348W / 1000W |   56534MiB / 183359MiB |     49%      Default |
|                                         |                        |             Disabled |
+-----------------------------------------+------------------------+----------------------+
|   3  NVIDIA B200                    On  |   00000000:63:00.0 Off |                    0 |
| N/A   41C    P0            351W / 1000W |   61134MiB / 183359MiB |     49%      Default |
|                                         |                        |             Disabled |
+-----------------------------------------+------------------------+----------------------+
|   4  NVIDIA B200                    On  |   00000000:75:00.0 Off |                    0 |
| N/A   43C    P0            273W / 1000W |  159120MiB / 183359MiB |     58%      Default |
|                                         |                        |             Disabled |
+-----------------------------------------+------------------------+----------------------+
|   5  NVIDIA B200                    On  |   00000000:76:00.0 Off |                    0 |
| N/A   39C    P0            278W / 1000W |    2372MiB / 183359MiB |     44%      Default |
|                                         |                        |             Disabled |
+-----------------------------------------+------------------------+----------------------+
|   6  NVIDIA B200                    On  |   00000000:86:00.0 Off |                    0 |
| N/A   43C    P0            360W / 1000W |   57954MiB / 183359MiB |     51%      Default |
|                                         |                        |             Disabled |
+-----------------------------------------+------------------------+----------------------+
|   7  NVIDIA B200                    On  |   00000000:87:00.0 Off |                    0 |
| N/A   36C    P0            196W / 1000W |       0MiB / 183359MiB |      0%      Default |
|                                         |                        |             Disabled |
+-----------------------------------------+------------------------+----------------------+
                                                                                         
+-----------------------------------------------------------------------------------------+
| Processes:                                                                              |
|  GPU   GI   CI              PID   Type   Process name                        GPU Memory |
|        ID   ID                                                               Usage      |
|=========================================================================================|
|    0   N/A  N/A         2872861      C   ...envs/bilstm-crf-bw/bin/python       3454MiB |
|    1   N/A  N/A         1941423      C   ...nda/envs/py312/bin/python3.12      15903... |
|    2   N/A  N/A          640094      C   python                                56520MiB |
|    3   N/A  N/A         3852454      C   python                                61120MiB |
|    4   N/A  N/A         1941424      C   ...nda/envs/py312/bin/python3.12      15910... |
|    5   N/A  N/A         3017722      C   ...envs/bilstm-crf-bw/bin/python       2358MiB |
|    6   N/A  N/A            3564      C   python                                57940MiB |
+-----------------------------------------------------------------------------------------+
python: /scratch/mjabin/conda_envs/Imputation/bin/python
