========================================
Cell-type pseudobulk
SLURM_JOB_ID:       4278697
SLURM_ARRAY_JOB_ID: 4278680
SLURM_ARRAY_TASK_ID:17
Node:               node03.hgcc.emory.edu
Started:            Fri Aug 28 10:14:07 EDT 2026
========================================

====================================================================================================
RESOLVE DONOR
====================================================================================================
Array index: 17
Donor: Br8667
Dx: NTC
Experiment: ex1_ntc
Target: /beegfs/labs/hulab/projects/mjabin/GeneBridge/data/processed/imputation_full/ex1_ntc/targets/spatial_data_xenium_Br8667_ex1_ntc.h5ad

====================================================================================================
CANONICAL DONOR METADATA
====================================================================================================
Dx: NTC
Age: 37.33
Sex: F
slide_id: output-XETG00133__0033862
run_date: 2024-12-06_xenium-pnn-SKCCC

====================================================================================================
EXPECTED DONOR x CELL-TYPE COVERAGE
====================================================================================================
Oligo                  14,701
Ambig/Oligo             1,284
Mic                     4,577
Ambig/In/Endo           2,564
L5 Ex                     286
L6 Ex                   2,383
L4/5 Ex                 3,287
L2/3 Ex                 7,312
Ast                     9,247
Endo                   13,821
In: VIP, LAMP5          2,932
In: SST, PVALB          3,770

====================================================================================================
LOAD CELL-TYPE ANNOTATION
====================================================================================================
Annotated donor cells: 66164

Annotation cell-type counts:
cell_type_annotation
Oligo             14701
Ambig/Oligo        1284
Mic                4577
Ambig/In/Endo      2564
L5 Ex               286
L6 Ex              2383
L4/5 Ex            3287
L2/3 Ex            7312
Ast                9247
Endo              13821
In: VIP, LAMP5     2932
In: SST, PVALB     3770

====================================================================================================
OPEN TARGET + ENVI
====================================================================================================
Target: (66164, 300)
ENVI: (66164, 34987)
Target cells: 66164
Target-only unannotated: 0
Annotated-only: 0

====================================================================================================
GENE VALIDATION
====================================================================================================

ENVI expression source:
expression_source
envi_imputed       34687
measured_xenium      300
Name: count, dtype: int64
Original Xenium genes: 300
ENVI full genes: 34987
Original genes present as measured: 300

====================================================================================================
MATRIX SOURCES
====================================================================================================
Original Xenium source: target.layers['counts']
ENVI measured source: after.X
ENVI full source: after.layers['count_scale']

====================================================================================================
ALLOCATE CELL-TYPE TOTALS
====================================================================================================

====================================================================================================
AGGREGATE CELLS
====================================================================================================
cells 512/66,164
cells 10,752/66,164
cells 20,992/66,164
cells 31,232/66,164
cells 41,472/66,164
cells 51,712/66,164
cells 61,952/66,164
cells 66,164/66,164

====================================================================================================
CELL COUNT VALIDATION
====================================================================================================
Oligo                observed=  14,701 expected=  14,701
Ambig/Oligo          observed=   1,284 expected=   1,284
Mic                  observed=   4,577 expected=   4,577
Ambig/In/Endo        observed=   2,564 expected=   2,564
L5 Ex                observed=     286 expected=     286
L6 Ex                observed=   2,383 expected=   2,383
L4/5 Ex              observed=   3,287 expected=   3,287
L2/3 Ex              observed=   7,312 expected=   7,312
Ast                  observed=   9,247 expected=   9,247
Endo                 observed=  13,821 expected=  13,821
In: VIP, LAMP5       observed=   2,932 expected=   2,932
In: SST, PVALB       observed=   3,770 expected=   3,770

All 12 cell-type counts match audit: TRUE

====================================================================================================
SUM CONSERVATION
====================================================================================================
Original sum conservation: TRUE
ENVI measured sum conservation: TRUE
ENVI full sum conservation: TRUE

====================================================================================================
BUILD OUTPUT TABLES
====================================================================================================

====================================================================================================
ORIGINAL VS ENVI MEASURED CONTROL
====================================================================================================
Shapes: (12, 300) (12, 300)
Original vs ENVI measured exact: True
Original vs ENVI measured allclose: True
Maximum absolute difference: 0.0

====================================================================================================
SAVE DONOR OUTPUTS
====================================================================================================

====================================================================================================
FINAL STATUS
====================================================================================================
Donor: Br8667
Diagnosis: NTC
Cell types: 12
Pseudobulks: 12
Original matrix: (12, 300)
ENVI measured matrix: (12, 300)
ENVI full matrix: (12, 34987)
Target-only excluded cells: 0
Original vs ENVI measured exact: True
Original vs ENVI measured allclose: True

Saved:
/beegfs/labs/hulab/projects/mjabin/GeneBridge/outputs/imputation_full/DE/paper_concordance/celltype_N23/pseudobulk/per_donor/Br8667_original300_celltype_pseudobulk.csv.gz
/beegfs/labs/hulab/projects/mjabin/GeneBridge/outputs/imputation_full/DE/paper_concordance/celltype_N23/pseudobulk/per_donor/Br8667_ENVI_measured300_celltype_pseudobulk.csv.gz
/beegfs/labs/hulab/projects/mjabin/GeneBridge/outputs/imputation_full/DE/paper_concordance/celltype_N23/pseudobulk/per_donor/Br8667_ENVI_full34987_celltype_pseudobulk.csv.gz
/beegfs/labs/hulab/projects/mjabin/GeneBridge/outputs/imputation_full/DE/paper_concordance/celltype_N23/pseudobulk/per_donor/Br8667_celltype_pseudobulk_metadata.csv
/beegfs/labs/hulab/projects/mjabin/GeneBridge/outputs/imputation_full/DE/paper_concordance/celltype_N23/pseudobulk/per_donor/Br8667_excluded_target_cells.csv

FINAL STATUS: DONOR CELL-TYPE PSEUDOBULK COMPLETE

========================================
Completed successfully
Finished: Fri Aug 28 10:15:37 EDT 2026
========================================
