========================================
Cell-type pseudobulk
SLURM_JOB_ID:       4278683
SLURM_ARRAY_JOB_ID: 4278680
SLURM_ARRAY_TASK_ID:3
Node:               node03.hgcc.emory.edu
Started:            Fri Aug 28 10:12:44 EDT 2026
========================================

====================================================================================================
RESOLVE DONOR
====================================================================================================
Array index: 3
Donor: Br1113
Dx: NTC
Experiment: ex1_ntc
Target: /beegfs/labs/hulab/projects/mjabin/GeneBridge/data/processed/imputation_full/ex1_ntc/targets/spatial_data_xenium_Br1113_ex1_ntc.h5ad

====================================================================================================
CANONICAL DONOR METADATA
====================================================================================================
Dx: NTC
Age: 51.91
Sex: F
slide_id: output-XETG00133__0034252
run_date: 2024-11-12_Xenium-pnn-SKCCC

====================================================================================================
EXPECTED DONOR x CELL-TYPE COVERAGE
====================================================================================================
Oligo                  10,586
Ambig/Oligo             2,690
Mic                     3,918
Ambig/In/Endo           1,804
L5 Ex                     185
L6 Ex                   1,680
L4/5 Ex                 3,198
L2/3 Ex                 6,839
Ast                     7,671
Endo                    9,866
In: VIP, LAMP5          2,602
In: SST, PVALB          3,546

====================================================================================================
LOAD CELL-TYPE ANNOTATION
====================================================================================================
Annotated donor cells: 54585

Annotation cell-type counts:
cell_type_annotation
Oligo             10586
Ambig/Oligo        2690
Mic                3918
Ambig/In/Endo      1804
L5 Ex               185
L6 Ex              1680
L4/5 Ex            3198
L2/3 Ex            6839
Ast                7671
Endo               9866
In: VIP, LAMP5     2602
In: SST, PVALB     3546

====================================================================================================
OPEN TARGET + ENVI
====================================================================================================
Target: (54585, 300)
ENVI: (54585, 34987)
Target cells: 54585
Target-only unannotated: 0
Annotated-only: 0

====================================================================================================
GENE VALIDATION
====================================================================================================

ENVI expression source:
expression_source
envi_imputed       34687
measured_xenium      300
Name: count, dtype: int64
Original Xenium genes: 300
ENVI full genes: 34987
Original genes present as measured: 300

====================================================================================================
MATRIX SOURCES
====================================================================================================
Original Xenium source: target.layers['counts']
ENVI measured source: after.X
ENVI full source: after.layers['count_scale']

====================================================================================================
ALLOCATE CELL-TYPE TOTALS
====================================================================================================

====================================================================================================
AGGREGATE CELLS
====================================================================================================
cells 512/54,585
cells 10,752/54,585
cells 20,992/54,585
cells 31,232/54,585
cells 41,472/54,585
cells 51,712/54,585
cells 54,585/54,585

====================================================================================================
CELL COUNT VALIDATION
====================================================================================================
Oligo                observed=  10,586 expected=  10,586
Ambig/Oligo          observed=   2,690 expected=   2,690
Mic                  observed=   3,918 expected=   3,918
Ambig/In/Endo        observed=   1,804 expected=   1,804
L5 Ex                observed=     185 expected=     185
L6 Ex                observed=   1,680 expected=   1,680
L4/5 Ex              observed=   3,198 expected=   3,198
L2/3 Ex              observed=   6,839 expected=   6,839
Ast                  observed=   7,671 expected=   7,671
Endo                 observed=   9,866 expected=   9,866
In: VIP, LAMP5       observed=   2,602 expected=   2,602
In: SST, PVALB       observed=   3,546 expected=   3,546

All 12 cell-type counts match audit: TRUE

====================================================================================================
SUM CONSERVATION
====================================================================================================
Original sum conservation: TRUE
ENVI measured sum conservation: TRUE
ENVI full sum conservation: TRUE

====================================================================================================
BUILD OUTPUT TABLES
====================================================================================================

====================================================================================================
ORIGINAL VS ENVI MEASURED CONTROL
====================================================================================================
Shapes: (12, 300) (12, 300)
Original vs ENVI measured exact: True
Original vs ENVI measured allclose: True
Maximum absolute difference: 0.0

====================================================================================================
SAVE DONOR OUTPUTS
====================================================================================================

====================================================================================================
FINAL STATUS
====================================================================================================
Donor: Br1113
Diagnosis: NTC
Cell types: 12
Pseudobulks: 12
Original matrix: (12, 300)
ENVI measured matrix: (12, 300)
ENVI full matrix: (12, 34987)
Target-only excluded cells: 0
Original vs ENVI measured exact: True
Original vs ENVI measured allclose: True

Saved:
/beegfs/labs/hulab/projects/mjabin/GeneBridge/outputs/imputation_full/DE/paper_concordance/celltype_N23/pseudobulk/per_donor/Br1113_original300_celltype_pseudobulk.csv.gz
/beegfs/labs/hulab/projects/mjabin/GeneBridge/outputs/imputation_full/DE/paper_concordance/celltype_N23/pseudobulk/per_donor/Br1113_ENVI_measured300_celltype_pseudobulk.csv.gz
/beegfs/labs/hulab/projects/mjabin/GeneBridge/outputs/imputation_full/DE/paper_concordance/celltype_N23/pseudobulk/per_donor/Br1113_ENVI_full34987_celltype_pseudobulk.csv.gz
/beegfs/labs/hulab/projects/mjabin/GeneBridge/outputs/imputation_full/DE/paper_concordance/celltype_N23/pseudobulk/per_donor/Br1113_celltype_pseudobulk_metadata.csv
/beegfs/labs/hulab/projects/mjabin/GeneBridge/outputs/imputation_full/DE/paper_concordance/celltype_N23/pseudobulk/per_donor/Br1113_excluded_target_cells.csv

FINAL STATUS: DONOR CELL-TYPE PSEUDOBULK COMPLETE

========================================
Completed successfully
Finished: Fri Aug 28 10:13:59 EDT 2026
========================================
