========================================
Cell-type pseudobulk
SLURM_JOB_ID:       4278686
SLURM_ARRAY_JOB_ID: 4278680
SLURM_ARRAY_TASK_ID:6
Node:               node09.hgcc.emory.edu
Started:            Fri Aug 28 10:13:15 EDT 2026
========================================

====================================================================================================
RESOLVE DONOR
====================================================================================================
Array index: 6
Donor: Br5400
Dx: NTC
Experiment: ex1_ntc
Target: /beegfs/labs/hulab/projects/mjabin/GeneBridge/data/processed/imputation_full/ex1_ntc/targets/spatial_data_xenium_Br5400_ex1_ntc.h5ad

====================================================================================================
CANONICAL DONOR METADATA
====================================================================================================
Dx: NTC
Age: 52.69
Sex: F
slide_id: output-XETG00133__0021210
run_date: 2024-11-18_xenium-pnn-SKCCC

====================================================================================================
EXPECTED DONOR x CELL-TYPE COVERAGE
====================================================================================================
Oligo                   8,294
Ambig/Oligo             1,672
Mic                     3,368
Ambig/In/Endo           1,538
L5 Ex                     297
L6 Ex                   1,695
L4/5 Ex                 2,559
L2/3 Ex                 5,594
Ast                     5,911
Endo                    8,632
In: VIP, LAMP5          1,814
In: SST, PVALB          2,909

====================================================================================================
LOAD CELL-TYPE ANNOTATION
====================================================================================================
Annotated donor cells: 44283

Annotation cell-type counts:
cell_type_annotation
Oligo             8294
Ambig/Oligo       1672
Mic               3368
Ambig/In/Endo     1538
L5 Ex              297
L6 Ex             1695
L4/5 Ex           2559
L2/3 Ex           5594
Ast               5911
Endo              8632
In: VIP, LAMP5    1814
In: SST, PVALB    2909

====================================================================================================
OPEN TARGET + ENVI
====================================================================================================
Target: (44283, 300)
ENVI: (44283, 34987)
Target cells: 44283
Target-only unannotated: 0
Annotated-only: 0

====================================================================================================
GENE VALIDATION
====================================================================================================

ENVI expression source:
expression_source
envi_imputed       34687
measured_xenium      300
Name: count, dtype: int64
Original Xenium genes: 300
ENVI full genes: 34987
Original genes present as measured: 300

====================================================================================================
MATRIX SOURCES
====================================================================================================
Original Xenium source: target.layers['counts']
ENVI measured source: after.X
ENVI full source: after.layers['count_scale']

====================================================================================================
ALLOCATE CELL-TYPE TOTALS
====================================================================================================

====================================================================================================
AGGREGATE CELLS
====================================================================================================
cells 512/44,283
cells 10,752/44,283
cells 20,992/44,283
cells 31,232/44,283
cells 41,472/44,283
cells 44,283/44,283

====================================================================================================
CELL COUNT VALIDATION
====================================================================================================
Oligo                observed=   8,294 expected=   8,294
Ambig/Oligo          observed=   1,672 expected=   1,672
Mic                  observed=   3,368 expected=   3,368
Ambig/In/Endo        observed=   1,538 expected=   1,538
L5 Ex                observed=     297 expected=     297
L6 Ex                observed=   1,695 expected=   1,695
L4/5 Ex              observed=   2,559 expected=   2,559
L2/3 Ex              observed=   5,594 expected=   5,594
Ast                  observed=   5,911 expected=   5,911
Endo                 observed=   8,632 expected=   8,632
In: VIP, LAMP5       observed=   1,814 expected=   1,814
In: SST, PVALB       observed=   2,909 expected=   2,909

All 12 cell-type counts match audit: TRUE

====================================================================================================
SUM CONSERVATION
====================================================================================================
Original sum conservation: TRUE
ENVI measured sum conservation: TRUE
ENVI full sum conservation: TRUE

====================================================================================================
BUILD OUTPUT TABLES
====================================================================================================

====================================================================================================
ORIGINAL VS ENVI MEASURED CONTROL
====================================================================================================
Shapes: (12, 300) (12, 300)
Original vs ENVI measured exact: True
Original vs ENVI measured allclose: True
Maximum absolute difference: 0.0

====================================================================================================
SAVE DONOR OUTPUTS
====================================================================================================

====================================================================================================
FINAL STATUS
====================================================================================================
Donor: Br5400
Diagnosis: NTC
Cell types: 12
Pseudobulks: 12
Original matrix: (12, 300)
ENVI measured matrix: (12, 300)
ENVI full matrix: (12, 34987)
Target-only excluded cells: 0
Original vs ENVI measured exact: True
Original vs ENVI measured allclose: True

Saved:
/beegfs/labs/hulab/projects/mjabin/GeneBridge/outputs/imputation_full/DE/paper_concordance/celltype_N23/pseudobulk/per_donor/Br5400_original300_celltype_pseudobulk.csv.gz
/beegfs/labs/hulab/projects/mjabin/GeneBridge/outputs/imputation_full/DE/paper_concordance/celltype_N23/pseudobulk/per_donor/Br5400_ENVI_measured300_celltype_pseudobulk.csv.gz
/beegfs/labs/hulab/projects/mjabin/GeneBridge/outputs/imputation_full/DE/paper_concordance/celltype_N23/pseudobulk/per_donor/Br5400_ENVI_full34987_celltype_pseudobulk.csv.gz
/beegfs/labs/hulab/projects/mjabin/GeneBridge/outputs/imputation_full/DE/paper_concordance/celltype_N23/pseudobulk/per_donor/Br5400_celltype_pseudobulk_metadata.csv
/beegfs/labs/hulab/projects/mjabin/GeneBridge/outputs/imputation_full/DE/paper_concordance/celltype_N23/pseudobulk/per_donor/Br5400_excluded_target_cells.csv

FINAL STATUS: DONOR CELL-TYPE PSEUDOBULK COMPLETE

========================================
Completed successfully
Finished: Fri Aug 28 10:14:20 EDT 2026
========================================
