========================================
Cell-type pseudobulk
SLURM_JOB_ID:       4278681
SLURM_ARRAY_JOB_ID: 4278680
SLURM_ARRAY_TASK_ID:1
Node:               node06.hgcc.emory.edu
Started:            Fri Aug 28 10:12:31 EDT 2026
========================================

====================================================================================================
RESOLVE DONOR
====================================================================================================
Array index: 1
Donor: Br2039
Dx: SCZ
Experiment: ex2_scz
Target: /beegfs/labs/hulab/projects/mjabin/GeneBridge/data/processed/imputation_full/ex2_scz/targets/spatial_data_xenium_Br2039_ex2_scz.h5ad

====================================================================================================
CANONICAL DONOR METADATA
====================================================================================================
Dx: SCZ
Age: 40.96
Sex: M
slide_id: output-XETG00133__0034238
run_date: 2024-11-12_Xenium-pnn-SKCCC

====================================================================================================
EXPECTED DONOR x CELL-TYPE COVERAGE
====================================================================================================
Oligo                  18,284
Ambig/Oligo             2,696
Mic                     3,073
Ambig/In/Endo           1,460
L5 Ex                      80
L6 Ex                   1,992
L4/5 Ex                   994
L2/3 Ex                 1,593
Ast                     4,119
Endo                    5,052
In: VIP, LAMP5            590
In: SST, PVALB          1,168

====================================================================================================
LOAD CELL-TYPE ANNOTATION
====================================================================================================
Annotated donor cells: 41101

Annotation cell-type counts:
cell_type_annotation
Oligo             18284
Ambig/Oligo        2696
Mic                3073
Ambig/In/Endo      1460
L5 Ex                80
L6 Ex              1992
L4/5 Ex             994
L2/3 Ex            1593
Ast                4119
Endo               5052
In: VIP, LAMP5      590
In: SST, PVALB     1168

====================================================================================================
OPEN TARGET + ENVI
====================================================================================================
Target: (41101, 300)
ENVI: (41101, 34987)
Target cells: 41101
Target-only unannotated: 0
Annotated-only: 0

====================================================================================================
GENE VALIDATION
====================================================================================================

ENVI expression source:
expression_source
envi_imputed       34687
measured_xenium      300
Name: count, dtype: int64
Original Xenium genes: 300
ENVI full genes: 34987
Original genes present as measured: 300

====================================================================================================
MATRIX SOURCES
====================================================================================================
Original Xenium source: target.layers['counts']
ENVI measured source: after.X
ENVI full source: after.layers['count_scale']

====================================================================================================
ALLOCATE CELL-TYPE TOTALS
====================================================================================================

====================================================================================================
AGGREGATE CELLS
====================================================================================================
cells 512/41,101
cells 10,752/41,101
cells 20,992/41,101
cells 31,232/41,101
cells 41,101/41,101

====================================================================================================
CELL COUNT VALIDATION
====================================================================================================
Oligo                observed=  18,284 expected=  18,284
Ambig/Oligo          observed=   2,696 expected=   2,696
Mic                  observed=   3,073 expected=   3,073
Ambig/In/Endo        observed=   1,460 expected=   1,460
L5 Ex                observed=      80 expected=      80
L6 Ex                observed=   1,992 expected=   1,992
L4/5 Ex              observed=     994 expected=     994
L2/3 Ex              observed=   1,593 expected=   1,593
Ast                  observed=   4,119 expected=   4,119
Endo                 observed=   5,052 expected=   5,052
In: VIP, LAMP5       observed=     590 expected=     590
In: SST, PVALB       observed=   1,168 expected=   1,168

All 12 cell-type counts match audit: TRUE

====================================================================================================
SUM CONSERVATION
====================================================================================================
Original sum conservation: TRUE
ENVI measured sum conservation: TRUE
ENVI full sum conservation: TRUE

====================================================================================================
BUILD OUTPUT TABLES
====================================================================================================

====================================================================================================
ORIGINAL VS ENVI MEASURED CONTROL
====================================================================================================
Shapes: (12, 300) (12, 300)
Original vs ENVI measured exact: True
Original vs ENVI measured allclose: True
Maximum absolute difference: 0.0

====================================================================================================
SAVE DONOR OUTPUTS
====================================================================================================

====================================================================================================
FINAL STATUS
====================================================================================================
Donor: Br2039
Diagnosis: SCZ
Cell types: 12
Pseudobulks: 12
Original matrix: (12, 300)
ENVI measured matrix: (12, 300)
ENVI full matrix: (12, 34987)
Target-only excluded cells: 0
Original vs ENVI measured exact: True
Original vs ENVI measured allclose: True

Saved:
/beegfs/labs/hulab/projects/mjabin/GeneBridge/outputs/imputation_full/DE/paper_concordance/celltype_N23/pseudobulk/per_donor/Br2039_original300_celltype_pseudobulk.csv.gz
/beegfs/labs/hulab/projects/mjabin/GeneBridge/outputs/imputation_full/DE/paper_concordance/celltype_N23/pseudobulk/per_donor/Br2039_ENVI_measured300_celltype_pseudobulk.csv.gz
/beegfs/labs/hulab/projects/mjabin/GeneBridge/outputs/imputation_full/DE/paper_concordance/celltype_N23/pseudobulk/per_donor/Br2039_ENVI_full34987_celltype_pseudobulk.csv.gz
/beegfs/labs/hulab/projects/mjabin/GeneBridge/outputs/imputation_full/DE/paper_concordance/celltype_N23/pseudobulk/per_donor/Br2039_celltype_pseudobulk_metadata.csv
/beegfs/labs/hulab/projects/mjabin/GeneBridge/outputs/imputation_full/DE/paper_concordance/celltype_N23/pseudobulk/per_donor/Br2039_excluded_target_cells.csv

FINAL STATUS: DONOR CELL-TYPE PSEUDOBULK COMPLETE

========================================
Completed successfully
Finished: Fri Aug 28 10:13:15 EDT 2026
========================================
