========================================
Cell-type pseudobulk
SLURM_JOB_ID:       4278698
SLURM_ARRAY_JOB_ID: 4278680
SLURM_ARRAY_TASK_ID:18
Node:               node03.hgcc.emory.edu
Started:            Fri Aug 28 10:14:10 EDT 2026
========================================

====================================================================================================
RESOLVE DONOR
====================================================================================================
Array index: 18
Donor: Br5436
Dx: NTC
Experiment: ex1_ntc
Target: /beegfs/labs/hulab/projects/mjabin/GeneBridge/data/processed/imputation_full/ex1_ntc/targets/spatial_data_xenium_Br5436_ex1_ntc.h5ad

====================================================================================================
CANONICAL DONOR METADATA
====================================================================================================
Dx: NTC
Age: 50.17
Sex: M
slide_id: output-XETG00133__0033839
run_date: 2024-12-12_xenium-pnn-SKCCC

====================================================================================================
EXPECTED DONOR x CELL-TYPE COVERAGE
====================================================================================================
Oligo                   7,272
Ambig/Oligo             1,738
Mic                     2,946
Ambig/In/Endo           1,614
L5 Ex                     143
L6 Ex                   1,429
L4/5 Ex                 1,770
L2/3 Ex                 6,671
Ast                     6,201
Endo                   10,020
In: VIP, LAMP5          2,200
In: SST, PVALB          2,426

====================================================================================================
LOAD CELL-TYPE ANNOTATION
====================================================================================================
Annotated donor cells: 44430

Annotation cell-type counts:
cell_type_annotation
Oligo              7272
Ambig/Oligo        1738
Mic                2946
Ambig/In/Endo      1614
L5 Ex               143
L6 Ex              1429
L4/5 Ex            1770
L2/3 Ex            6671
Ast                6201
Endo              10020
In: VIP, LAMP5     2200
In: SST, PVALB     2426

====================================================================================================
OPEN TARGET + ENVI
====================================================================================================
Target: (44430, 300)
ENVI: (44430, 34987)
Target cells: 44430
Target-only unannotated: 0
Annotated-only: 0

====================================================================================================
GENE VALIDATION
====================================================================================================

ENVI expression source:
expression_source
envi_imputed       34687
measured_xenium      300
Name: count, dtype: int64
Original Xenium genes: 300
ENVI full genes: 34987
Original genes present as measured: 300

====================================================================================================
MATRIX SOURCES
====================================================================================================
Original Xenium source: target.layers['counts']
ENVI measured source: after.X
ENVI full source: after.layers['count_scale']

====================================================================================================
ALLOCATE CELL-TYPE TOTALS
====================================================================================================

====================================================================================================
AGGREGATE CELLS
====================================================================================================
cells 512/44,430
cells 10,752/44,430
cells 20,992/44,430
cells 31,232/44,430
cells 41,472/44,430
cells 44,430/44,430

====================================================================================================
CELL COUNT VALIDATION
====================================================================================================
Oligo                observed=   7,272 expected=   7,272
Ambig/Oligo          observed=   1,738 expected=   1,738
Mic                  observed=   2,946 expected=   2,946
Ambig/In/Endo        observed=   1,614 expected=   1,614
L5 Ex                observed=     143 expected=     143
L6 Ex                observed=   1,429 expected=   1,429
L4/5 Ex              observed=   1,770 expected=   1,770
L2/3 Ex              observed=   6,671 expected=   6,671
Ast                  observed=   6,201 expected=   6,201
Endo                 observed=  10,020 expected=  10,020
In: VIP, LAMP5       observed=   2,200 expected=   2,200
In: SST, PVALB       observed=   2,426 expected=   2,426

All 12 cell-type counts match audit: TRUE

====================================================================================================
SUM CONSERVATION
====================================================================================================
Original sum conservation: TRUE
ENVI measured sum conservation: TRUE
ENVI full sum conservation: TRUE

====================================================================================================
BUILD OUTPUT TABLES
====================================================================================================

====================================================================================================
ORIGINAL VS ENVI MEASURED CONTROL
====================================================================================================
Shapes: (12, 300) (12, 300)
Original vs ENVI measured exact: True
Original vs ENVI measured allclose: True
Maximum absolute difference: 0.0

====================================================================================================
SAVE DONOR OUTPUTS
====================================================================================================

====================================================================================================
FINAL STATUS
====================================================================================================
Donor: Br5436
Diagnosis: NTC
Cell types: 12
Pseudobulks: 12
Original matrix: (12, 300)
ENVI measured matrix: (12, 300)
ENVI full matrix: (12, 34987)
Target-only excluded cells: 0
Original vs ENVI measured exact: True
Original vs ENVI measured allclose: True

Saved:
/beegfs/labs/hulab/projects/mjabin/GeneBridge/outputs/imputation_full/DE/paper_concordance/celltype_N23/pseudobulk/per_donor/Br5436_original300_celltype_pseudobulk.csv.gz
/beegfs/labs/hulab/projects/mjabin/GeneBridge/outputs/imputation_full/DE/paper_concordance/celltype_N23/pseudobulk/per_donor/Br5436_ENVI_measured300_celltype_pseudobulk.csv.gz
/beegfs/labs/hulab/projects/mjabin/GeneBridge/outputs/imputation_full/DE/paper_concordance/celltype_N23/pseudobulk/per_donor/Br5436_ENVI_full34987_celltype_pseudobulk.csv.gz
/beegfs/labs/hulab/projects/mjabin/GeneBridge/outputs/imputation_full/DE/paper_concordance/celltype_N23/pseudobulk/per_donor/Br5436_celltype_pseudobulk_metadata.csv
/beegfs/labs/hulab/projects/mjabin/GeneBridge/outputs/imputation_full/DE/paper_concordance/celltype_N23/pseudobulk/per_donor/Br5436_excluded_target_cells.csv

FINAL STATUS: DONOR CELL-TYPE PSEUDOBULK COMPLETE

========================================
Completed successfully
Finished: Fri Aug 28 10:15:25 EDT 2026
========================================
