========================================
Cell-type pseudobulk
SLURM_JOB_ID:       4278688
SLURM_ARRAY_JOB_ID: 4278680
SLURM_ARRAY_TASK_ID:8
Node:               node09.hgcc.emory.edu
Started:            Fri Aug 28 10:13:15 EDT 2026
========================================

====================================================================================================
RESOLVE DONOR
====================================================================================================
Array index: 8
Donor: Br6437
Dx: SCZ
Experiment: ex2_scz
Target: /beegfs/labs/hulab/projects/mjabin/GeneBridge/data/processed/imputation_full/ex2_scz/targets/spatial_data_xenium_Br6437_ex2_scz.h5ad

====================================================================================================
CANONICAL DONOR METADATA
====================================================================================================
Dx: SCZ
Age: 40.76
Sex: M
slide_id: output-XETG00133__0021210
run_date: 2024-11-18_xenium-pnn-SKCCC

====================================================================================================
EXPECTED DONOR x CELL-TYPE COVERAGE
====================================================================================================
Oligo                  15,331
Ambig/Oligo             3,022
Mic                     3,866
Ambig/In/Endo           2,049
L5 Ex                     178
L6 Ex                   2,282
L4/5 Ex                 2,388
L2/3 Ex                 5,793
Ast                     6,435
Endo                    9,740
In: VIP, LAMP5          1,983
In: SST, PVALB          2,706

====================================================================================================
LOAD CELL-TYPE ANNOTATION
====================================================================================================
Annotated donor cells: 55773

Annotation cell-type counts:
cell_type_annotation
Oligo             15331
Ambig/Oligo        3022
Mic                3866
Ambig/In/Endo      2049
L5 Ex               178
L6 Ex              2282
L4/5 Ex            2388
L2/3 Ex            5793
Ast                6435
Endo               9740
In: VIP, LAMP5     1983
In: SST, PVALB     2706

====================================================================================================
OPEN TARGET + ENVI
====================================================================================================
Target: (55773, 300)
ENVI: (55773, 34987)
Target cells: 55773
Target-only unannotated: 0
Annotated-only: 0

====================================================================================================
GENE VALIDATION
====================================================================================================

ENVI expression source:
expression_source
envi_imputed       34687
measured_xenium      300
Name: count, dtype: int64
Original Xenium genes: 300
ENVI full genes: 34987
Original genes present as measured: 300

====================================================================================================
MATRIX SOURCES
====================================================================================================
Original Xenium source: target.layers['counts']
ENVI measured source: after.X
ENVI full source: after.layers['count_scale']

====================================================================================================
ALLOCATE CELL-TYPE TOTALS
====================================================================================================

====================================================================================================
AGGREGATE CELLS
====================================================================================================
cells 512/55,773
cells 10,752/55,773
cells 20,992/55,773
cells 31,232/55,773
cells 41,472/55,773
cells 51,712/55,773
cells 55,773/55,773

====================================================================================================
CELL COUNT VALIDATION
====================================================================================================
Oligo                observed=  15,331 expected=  15,331
Ambig/Oligo          observed=   3,022 expected=   3,022
Mic                  observed=   3,866 expected=   3,866
Ambig/In/Endo        observed=   2,049 expected=   2,049
L5 Ex                observed=     178 expected=     178
L6 Ex                observed=   2,282 expected=   2,282
L4/5 Ex              observed=   2,388 expected=   2,388
L2/3 Ex              observed=   5,793 expected=   5,793
Ast                  observed=   6,435 expected=   6,435
Endo                 observed=   9,740 expected=   9,740
In: VIP, LAMP5       observed=   1,983 expected=   1,983
In: SST, PVALB       observed=   2,706 expected=   2,706

All 12 cell-type counts match audit: TRUE

====================================================================================================
SUM CONSERVATION
====================================================================================================
Original sum conservation: TRUE
ENVI measured sum conservation: TRUE
ENVI full sum conservation: TRUE

====================================================================================================
BUILD OUTPUT TABLES
====================================================================================================

====================================================================================================
ORIGINAL VS ENVI MEASURED CONTROL
====================================================================================================
Shapes: (12, 300) (12, 300)
Original vs ENVI measured exact: True
Original vs ENVI measured allclose: True
Maximum absolute difference: 0.0

====================================================================================================
SAVE DONOR OUTPUTS
====================================================================================================

====================================================================================================
FINAL STATUS
====================================================================================================
Donor: Br6437
Diagnosis: SCZ
Cell types: 12
Pseudobulks: 12
Original matrix: (12, 300)
ENVI measured matrix: (12, 300)
ENVI full matrix: (12, 34987)
Target-only excluded cells: 0
Original vs ENVI measured exact: True
Original vs ENVI measured allclose: True

Saved:
/beegfs/labs/hulab/projects/mjabin/GeneBridge/outputs/imputation_full/DE/paper_concordance/celltype_N23/pseudobulk/per_donor/Br6437_original300_celltype_pseudobulk.csv.gz
/beegfs/labs/hulab/projects/mjabin/GeneBridge/outputs/imputation_full/DE/paper_concordance/celltype_N23/pseudobulk/per_donor/Br6437_ENVI_measured300_celltype_pseudobulk.csv.gz
/beegfs/labs/hulab/projects/mjabin/GeneBridge/outputs/imputation_full/DE/paper_concordance/celltype_N23/pseudobulk/per_donor/Br6437_ENVI_full34987_celltype_pseudobulk.csv.gz
/beegfs/labs/hulab/projects/mjabin/GeneBridge/outputs/imputation_full/DE/paper_concordance/celltype_N23/pseudobulk/per_donor/Br6437_celltype_pseudobulk_metadata.csv
/beegfs/labs/hulab/projects/mjabin/GeneBridge/outputs/imputation_full/DE/paper_concordance/celltype_N23/pseudobulk/per_donor/Br6437_excluded_target_cells.csv

FINAL STATUS: DONOR CELL-TYPE PSEUDOBULK COMPLETE

========================================
Completed successfully
Finished: Fri Aug 28 10:14:32 EDT 2026
========================================
