========================================
Cell-type pseudobulk
SLURM_JOB_ID:       4278692
SLURM_ARRAY_JOB_ID: 4278680
SLURM_ARRAY_TASK_ID:12
Node:               node07.hgcc.emory.edu
Started:            Fri Aug 28 10:13:49 EDT 2026
========================================

====================================================================================================
RESOLVE DONOR
====================================================================================================
Array index: 12
Donor: Br5639
Dx: NTC
Experiment: ex1_ntc
Target: /beegfs/labs/hulab/projects/mjabin/GeneBridge/data/processed/imputation_full/ex1_ntc/targets/spatial_data_xenium_Br5639_ex1_ntc.h5ad

====================================================================================================
CANONICAL DONOR METADATA
====================================================================================================
Dx: NTC
Age: 54.26
Sex: M
slide_id: output-XETG00133__0033849
run_date: 2024-12-06_xenium-pnn-SKCCC

====================================================================================================
EXPECTED DONOR x CELL-TYPE COVERAGE
====================================================================================================
Oligo                  12,216
Ambig/Oligo             4,988
Mic                     2,256
Ambig/In/Endo           2,070
L5 Ex                     252
L6 Ex                   2,224
L4/5 Ex                 2,769
L2/3 Ex                 5,741
Ast                     8,197
Endo                   12,948
In: VIP, LAMP5          2,569
In: SST, PVALB          2,746

====================================================================================================
LOAD CELL-TYPE ANNOTATION
====================================================================================================
Annotated donor cells: 58976

Annotation cell-type counts:
cell_type_annotation
Oligo             12216
Ambig/Oligo        4988
Mic                2256
Ambig/In/Endo      2070
L5 Ex               252
L6 Ex              2224
L4/5 Ex            2769
L2/3 Ex            5741
Ast                8197
Endo              12948
In: VIP, LAMP5     2569
In: SST, PVALB     2746

====================================================================================================
OPEN TARGET + ENVI
====================================================================================================
Target: (58976, 300)
ENVI: (58976, 34987)
Target cells: 58976
Target-only unannotated: 0
Annotated-only: 0

====================================================================================================
GENE VALIDATION
====================================================================================================

ENVI expression source:
expression_source
envi_imputed       34687
measured_xenium      300
Name: count, dtype: int64
Original Xenium genes: 300
ENVI full genes: 34987
Original genes present as measured: 300

====================================================================================================
MATRIX SOURCES
====================================================================================================
Original Xenium source: target.layers['counts']
ENVI measured source: after.X
ENVI full source: after.layers['count_scale']

====================================================================================================
ALLOCATE CELL-TYPE TOTALS
====================================================================================================

====================================================================================================
AGGREGATE CELLS
====================================================================================================
cells 512/58,976
cells 10,752/58,976
cells 20,992/58,976
cells 31,232/58,976
cells 41,472/58,976
cells 51,712/58,976
cells 58,976/58,976

====================================================================================================
CELL COUNT VALIDATION
====================================================================================================
Oligo                observed=  12,216 expected=  12,216
Ambig/Oligo          observed=   4,988 expected=   4,988
Mic                  observed=   2,256 expected=   2,256
Ambig/In/Endo        observed=   2,070 expected=   2,070
L5 Ex                observed=     252 expected=     252
L6 Ex                observed=   2,224 expected=   2,224
L4/5 Ex              observed=   2,769 expected=   2,769
L2/3 Ex              observed=   5,741 expected=   5,741
Ast                  observed=   8,197 expected=   8,197
Endo                 observed=  12,948 expected=  12,948
In: VIP, LAMP5       observed=   2,569 expected=   2,569
In: SST, PVALB       observed=   2,746 expected=   2,746

All 12 cell-type counts match audit: TRUE

====================================================================================================
SUM CONSERVATION
====================================================================================================
Original sum conservation: TRUE
ENVI measured sum conservation: TRUE
ENVI full sum conservation: TRUE

====================================================================================================
BUILD OUTPUT TABLES
====================================================================================================

====================================================================================================
ORIGINAL VS ENVI MEASURED CONTROL
====================================================================================================
Shapes: (12, 300) (12, 300)
Original vs ENVI measured exact: True
Original vs ENVI measured allclose: True
Maximum absolute difference: 0.0

====================================================================================================
SAVE DONOR OUTPUTS
====================================================================================================

====================================================================================================
FINAL STATUS
====================================================================================================
Donor: Br5639
Diagnosis: NTC
Cell types: 12
Pseudobulks: 12
Original matrix: (12, 300)
ENVI measured matrix: (12, 300)
ENVI full matrix: (12, 34987)
Target-only excluded cells: 0
Original vs ENVI measured exact: True
Original vs ENVI measured allclose: True

Saved:
/beegfs/labs/hulab/projects/mjabin/GeneBridge/outputs/imputation_full/DE/paper_concordance/celltype_N23/pseudobulk/per_donor/Br5639_original300_celltype_pseudobulk.csv.gz
/beegfs/labs/hulab/projects/mjabin/GeneBridge/outputs/imputation_full/DE/paper_concordance/celltype_N23/pseudobulk/per_donor/Br5639_ENVI_measured300_celltype_pseudobulk.csv.gz
/beegfs/labs/hulab/projects/mjabin/GeneBridge/outputs/imputation_full/DE/paper_concordance/celltype_N23/pseudobulk/per_donor/Br5639_ENVI_full34987_celltype_pseudobulk.csv.gz
/beegfs/labs/hulab/projects/mjabin/GeneBridge/outputs/imputation_full/DE/paper_concordance/celltype_N23/pseudobulk/per_donor/Br5639_celltype_pseudobulk_metadata.csv
/beegfs/labs/hulab/projects/mjabin/GeneBridge/outputs/imputation_full/DE/paper_concordance/celltype_N23/pseudobulk/per_donor/Br5639_excluded_target_cells.csv

FINAL STATUS: DONOR CELL-TYPE PSEUDOBULK COMPLETE

========================================
Completed successfully
Finished: Fri Aug 28 10:15:22 EDT 2026
========================================
