========================================
Cell-type pseudobulk
SLURM_JOB_ID:       4278699
SLURM_ARRAY_JOB_ID: 4278680
SLURM_ARRAY_TASK_ID:19
Node:               node08.hgcc.emory.edu
Started:            Fri Aug 28 10:14:15 EDT 2026
========================================

====================================================================================================
RESOLVE DONOR
====================================================================================================
Array index: 19
Donor: Br5931
Dx: NTC
Experiment: ex1_ntc
Target: /beegfs/labs/hulab/projects/mjabin/GeneBridge/data/processed/imputation_full/ex1_ntc/targets/spatial_data_xenium_Br5931_ex1_ntc.h5ad

====================================================================================================
CANONICAL DONOR METADATA
====================================================================================================
Dx: NTC
Age: 49.03
Sex: F
slide_id: output-XETG00133__0033839
run_date: 2024-12-12_xenium-pnn-SKCCC

====================================================================================================
EXPECTED DONOR x CELL-TYPE COVERAGE
====================================================================================================
Oligo                   7,834
Ambig/Oligo             2,275
Mic                     2,603
Ambig/In/Endo           1,765
L5 Ex                     185
L6 Ex                   1,455
L4/5 Ex                 2,128
L2/3 Ex                 5,458
Ast                     6,470
Endo                    8,860
In: VIP, LAMP5          1,833
In: SST, PVALB          2,656

====================================================================================================
LOAD CELL-TYPE ANNOTATION
====================================================================================================
Annotated donor cells: 43522

Annotation cell-type counts:
cell_type_annotation
Oligo             7834
Ambig/Oligo       2275
Mic               2603
Ambig/In/Endo     1765
L5 Ex              185
L6 Ex             1455
L4/5 Ex           2128
L2/3 Ex           5458
Ast               6470
Endo              8860
In: VIP, LAMP5    1833
In: SST, PVALB    2656

====================================================================================================
OPEN TARGET + ENVI
====================================================================================================
Target: (43522, 300)
ENVI: (43522, 34987)
Target cells: 43522
Target-only unannotated: 0
Annotated-only: 0

====================================================================================================
GENE VALIDATION
====================================================================================================

ENVI expression source:
expression_source
envi_imputed       34687
measured_xenium      300
Name: count, dtype: int64
Original Xenium genes: 300
ENVI full genes: 34987
Original genes present as measured: 300

====================================================================================================
MATRIX SOURCES
====================================================================================================
Original Xenium source: target.layers['counts']
ENVI measured source: after.X
ENVI full source: after.layers['count_scale']

====================================================================================================
ALLOCATE CELL-TYPE TOTALS
====================================================================================================

====================================================================================================
AGGREGATE CELLS
====================================================================================================
cells 512/43,522
cells 10,752/43,522
cells 20,992/43,522
cells 31,232/43,522
cells 41,472/43,522
cells 43,522/43,522

====================================================================================================
CELL COUNT VALIDATION
====================================================================================================
Oligo                observed=   7,834 expected=   7,834
Ambig/Oligo          observed=   2,275 expected=   2,275
Mic                  observed=   2,603 expected=   2,603
Ambig/In/Endo        observed=   1,765 expected=   1,765
L5 Ex                observed=     185 expected=     185
L6 Ex                observed=   1,455 expected=   1,455
L4/5 Ex              observed=   2,128 expected=   2,128
L2/3 Ex              observed=   5,458 expected=   5,458
Ast                  observed=   6,470 expected=   6,470
Endo                 observed=   8,860 expected=   8,860
In: VIP, LAMP5       observed=   1,833 expected=   1,833
In: SST, PVALB       observed=   2,656 expected=   2,656

All 12 cell-type counts match audit: TRUE

====================================================================================================
SUM CONSERVATION
====================================================================================================
Original sum conservation: TRUE
ENVI measured sum conservation: TRUE
ENVI full sum conservation: TRUE

====================================================================================================
BUILD OUTPUT TABLES
====================================================================================================

====================================================================================================
ORIGINAL VS ENVI MEASURED CONTROL
====================================================================================================
Shapes: (12, 300) (12, 300)
Original vs ENVI measured exact: True
Original vs ENVI measured allclose: True
Maximum absolute difference: 0.0

====================================================================================================
SAVE DONOR OUTPUTS
====================================================================================================

====================================================================================================
FINAL STATUS
====================================================================================================
Donor: Br5931
Diagnosis: NTC
Cell types: 12
Pseudobulks: 12
Original matrix: (12, 300)
ENVI measured matrix: (12, 300)
ENVI full matrix: (12, 34987)
Target-only excluded cells: 0
Original vs ENVI measured exact: True
Original vs ENVI measured allclose: True

Saved:
/beegfs/labs/hulab/projects/mjabin/GeneBridge/outputs/imputation_full/DE/paper_concordance/celltype_N23/pseudobulk/per_donor/Br5931_original300_celltype_pseudobulk.csv.gz
/beegfs/labs/hulab/projects/mjabin/GeneBridge/outputs/imputation_full/DE/paper_concordance/celltype_N23/pseudobulk/per_donor/Br5931_ENVI_measured300_celltype_pseudobulk.csv.gz
/beegfs/labs/hulab/projects/mjabin/GeneBridge/outputs/imputation_full/DE/paper_concordance/celltype_N23/pseudobulk/per_donor/Br5931_ENVI_full34987_celltype_pseudobulk.csv.gz
/beegfs/labs/hulab/projects/mjabin/GeneBridge/outputs/imputation_full/DE/paper_concordance/celltype_N23/pseudobulk/per_donor/Br5931_celltype_pseudobulk_metadata.csv
/beegfs/labs/hulab/projects/mjabin/GeneBridge/outputs/imputation_full/DE/paper_concordance/celltype_N23/pseudobulk/per_donor/Br5931_excluded_target_cells.csv

FINAL STATUS: DONOR CELL-TYPE PSEUDOBULK COMPLETE

========================================
Completed successfully
Finished: Fri Aug 28 10:15:29 EDT 2026
========================================
