========================================
Cell-type pseudobulk
SLURM_JOB_ID:       4278702
SLURM_ARRAY_JOB_ID: 4278680
SLURM_ARRAY_TASK_ID:22
Node:               node08.hgcc.emory.edu
Started:            Fri Aug 28 10:14:15 EDT 2026
========================================

====================================================================================================
RESOLVE DONOR
====================================================================================================
Array index: 22
Donor: Br6032
Dx: SCZ
Experiment: ex2_scz
Target: /beegfs/labs/hulab/projects/mjabin/GeneBridge/data/processed/imputation_full/ex2_scz/targets/spatial_data_xenium_Br6032_ex2_scz.h5ad

====================================================================================================
CANONICAL DONOR METADATA
====================================================================================================
Dx: SCZ
Age: 57.03
Sex: M
slide_id: output-XETG00133__0033841
run_date: 2024-12-12_xenium-pnn-SKCCC

====================================================================================================
EXPECTED DONOR x CELL-TYPE COVERAGE
====================================================================================================
Oligo                   8,164
Ambig/Oligo             3,451
Mic                     3,100
Ambig/In/Endo           1,621
L5 Ex                     372
L6 Ex                   2,119
L4/5 Ex                 2,832
L2/3 Ex                 4,933
Ast                     5,898
Endo                    7,410
In: VIP, LAMP5          1,746
In: SST, PVALB          3,023

====================================================================================================
LOAD CELL-TYPE ANNOTATION
====================================================================================================
Annotated donor cells: 44669

Annotation cell-type counts:
cell_type_annotation
Oligo             8164
Ambig/Oligo       3451
Mic               3100
Ambig/In/Endo     1621
L5 Ex              372
L6 Ex             2119
L4/5 Ex           2832
L2/3 Ex           4933
Ast               5898
Endo              7410
In: VIP, LAMP5    1746
In: SST, PVALB    3023

====================================================================================================
OPEN TARGET + ENVI
====================================================================================================
Target: (44669, 300)
ENVI: (44669, 34987)
Target cells: 44669
Target-only unannotated: 0
Annotated-only: 0

====================================================================================================
GENE VALIDATION
====================================================================================================

ENVI expression source:
expression_source
envi_imputed       34687
measured_xenium      300
Name: count, dtype: int64
Original Xenium genes: 300
ENVI full genes: 34987
Original genes present as measured: 300

====================================================================================================
MATRIX SOURCES
====================================================================================================
Original Xenium source: target.layers['counts']
ENVI measured source: after.X
ENVI full source: after.layers['count_scale']

====================================================================================================
ALLOCATE CELL-TYPE TOTALS
====================================================================================================

====================================================================================================
AGGREGATE CELLS
====================================================================================================
cells 512/44,669
cells 10,752/44,669
cells 20,992/44,669
cells 31,232/44,669
cells 41,472/44,669
cells 44,669/44,669

====================================================================================================
CELL COUNT VALIDATION
====================================================================================================
Oligo                observed=   8,164 expected=   8,164
Ambig/Oligo          observed=   3,451 expected=   3,451
Mic                  observed=   3,100 expected=   3,100
Ambig/In/Endo        observed=   1,621 expected=   1,621
L5 Ex                observed=     372 expected=     372
L6 Ex                observed=   2,119 expected=   2,119
L4/5 Ex              observed=   2,832 expected=   2,832
L2/3 Ex              observed=   4,933 expected=   4,933
Ast                  observed=   5,898 expected=   5,898
Endo                 observed=   7,410 expected=   7,410
In: VIP, LAMP5       observed=   1,746 expected=   1,746
In: SST, PVALB       observed=   3,023 expected=   3,023

All 12 cell-type counts match audit: TRUE

====================================================================================================
SUM CONSERVATION
====================================================================================================
Original sum conservation: TRUE
ENVI measured sum conservation: TRUE
ENVI full sum conservation: TRUE

====================================================================================================
BUILD OUTPUT TABLES
====================================================================================================

====================================================================================================
ORIGINAL VS ENVI MEASURED CONTROL
====================================================================================================
Shapes: (12, 300) (12, 300)
Original vs ENVI measured exact: True
Original vs ENVI measured allclose: True
Maximum absolute difference: 0.0

====================================================================================================
SAVE DONOR OUTPUTS
====================================================================================================

====================================================================================================
FINAL STATUS
====================================================================================================
Donor: Br6032
Diagnosis: SCZ
Cell types: 12
Pseudobulks: 12
Original matrix: (12, 300)
ENVI measured matrix: (12, 300)
ENVI full matrix: (12, 34987)
Target-only excluded cells: 0
Original vs ENVI measured exact: True
Original vs ENVI measured allclose: True

Saved:
/beegfs/labs/hulab/projects/mjabin/GeneBridge/outputs/imputation_full/DE/paper_concordance/celltype_N23/pseudobulk/per_donor/Br6032_original300_celltype_pseudobulk.csv.gz
/beegfs/labs/hulab/projects/mjabin/GeneBridge/outputs/imputation_full/DE/paper_concordance/celltype_N23/pseudobulk/per_donor/Br6032_ENVI_measured300_celltype_pseudobulk.csv.gz
/beegfs/labs/hulab/projects/mjabin/GeneBridge/outputs/imputation_full/DE/paper_concordance/celltype_N23/pseudobulk/per_donor/Br6032_ENVI_full34987_celltype_pseudobulk.csv.gz
/beegfs/labs/hulab/projects/mjabin/GeneBridge/outputs/imputation_full/DE/paper_concordance/celltype_N23/pseudobulk/per_donor/Br6032_celltype_pseudobulk_metadata.csv
/beegfs/labs/hulab/projects/mjabin/GeneBridge/outputs/imputation_full/DE/paper_concordance/celltype_N23/pseudobulk/per_donor/Br6032_excluded_target_cells.csv

FINAL STATUS: DONOR CELL-TYPE PSEUDOBULK COMPLETE

========================================
Completed successfully
Finished: Fri Aug 28 10:15:32 EDT 2026
========================================
