========================================
Cell-type pseudobulk
SLURM_JOB_ID:       4278685
SLURM_ARRAY_JOB_ID: 4278680
SLURM_ARRAY_TASK_ID:5
Node:               node03.hgcc.emory.edu
Started:            Fri Aug 28 10:12:45 EDT 2026
========================================

====================================================================================================
RESOLVE DONOR
====================================================================================================
Array index: 5
Donor: Br5590
Dx: SCZ
Experiment: ex2_scz
Target: /beegfs/labs/hulab/projects/mjabin/GeneBridge/data/processed/imputation_full/ex2_scz/targets/spatial_data_xenium_Br5590_ex2_scz.h5ad

====================================================================================================
CANONICAL DONOR METADATA
====================================================================================================
Dx: SCZ
Age: 51.95
Sex: F
slide_id: output-XETG00133__0034252
run_date: 2024-11-12_Xenium-pnn-SKCCC

====================================================================================================
EXPECTED DONOR x CELL-TYPE COVERAGE
====================================================================================================
Oligo                  13,290
Ambig/Oligo             5,030
Mic                     2,730
Ambig/In/Endo           1,855
L5 Ex                     193
L6 Ex                   1,612
L4/5 Ex                 2,075
L2/3 Ex                 5,206
Ast                     5,592
Endo                   11,115
In: VIP, LAMP5          2,297
In: SST, PVALB          2,582

====================================================================================================
LOAD CELL-TYPE ANNOTATION
====================================================================================================
Annotated donor cells: 53577

Annotation cell-type counts:
cell_type_annotation
Oligo             13290
Ambig/Oligo        5030
Mic                2730
Ambig/In/Endo      1855
L5 Ex               193
L6 Ex              1612
L4/5 Ex            2075
L2/3 Ex            5206
Ast                5592
Endo              11115
In: VIP, LAMP5     2297
In: SST, PVALB     2582

====================================================================================================
OPEN TARGET + ENVI
====================================================================================================
Target: (53577, 300)
ENVI: (53577, 34987)
Target cells: 53577
Target-only unannotated: 0
Annotated-only: 0

====================================================================================================
GENE VALIDATION
====================================================================================================

ENVI expression source:
expression_source
envi_imputed       34687
measured_xenium      300
Name: count, dtype: int64
Original Xenium genes: 300
ENVI full genes: 34987
Original genes present as measured: 300

====================================================================================================
MATRIX SOURCES
====================================================================================================
Original Xenium source: target.layers['counts']
ENVI measured source: after.X
ENVI full source: after.layers['count_scale']

====================================================================================================
ALLOCATE CELL-TYPE TOTALS
====================================================================================================

====================================================================================================
AGGREGATE CELLS
====================================================================================================
cells 512/53,577
cells 10,752/53,577
cells 20,992/53,577
cells 31,232/53,577
cells 41,472/53,577
cells 51,712/53,577
cells 53,577/53,577

====================================================================================================
CELL COUNT VALIDATION
====================================================================================================
Oligo                observed=  13,290 expected=  13,290
Ambig/Oligo          observed=   5,030 expected=   5,030
Mic                  observed=   2,730 expected=   2,730
Ambig/In/Endo        observed=   1,855 expected=   1,855
L5 Ex                observed=     193 expected=     193
L6 Ex                observed=   1,612 expected=   1,612
L4/5 Ex              observed=   2,075 expected=   2,075
L2/3 Ex              observed=   5,206 expected=   5,206
Ast                  observed=   5,592 expected=   5,592
Endo                 observed=  11,115 expected=  11,115
In: VIP, LAMP5       observed=   2,297 expected=   2,297
In: SST, PVALB       observed=   2,582 expected=   2,582

All 12 cell-type counts match audit: TRUE

====================================================================================================
SUM CONSERVATION
====================================================================================================
Original sum conservation: TRUE
ENVI measured sum conservation: TRUE
ENVI full sum conservation: TRUE

====================================================================================================
BUILD OUTPUT TABLES
====================================================================================================

====================================================================================================
ORIGINAL VS ENVI MEASURED CONTROL
====================================================================================================
Shapes: (12, 300) (12, 300)
Original vs ENVI measured exact: True
Original vs ENVI measured allclose: True
Maximum absolute difference: 0.0

====================================================================================================
SAVE DONOR OUTPUTS
====================================================================================================

====================================================================================================
FINAL STATUS
====================================================================================================
Donor: Br5590
Diagnosis: SCZ
Cell types: 12
Pseudobulks: 12
Original matrix: (12, 300)
ENVI measured matrix: (12, 300)
ENVI full matrix: (12, 34987)
Target-only excluded cells: 0
Original vs ENVI measured exact: True
Original vs ENVI measured allclose: True

Saved:
/beegfs/labs/hulab/projects/mjabin/GeneBridge/outputs/imputation_full/DE/paper_concordance/celltype_N23/pseudobulk/per_donor/Br5590_original300_celltype_pseudobulk.csv.gz
/beegfs/labs/hulab/projects/mjabin/GeneBridge/outputs/imputation_full/DE/paper_concordance/celltype_N23/pseudobulk/per_donor/Br5590_ENVI_measured300_celltype_pseudobulk.csv.gz
/beegfs/labs/hulab/projects/mjabin/GeneBridge/outputs/imputation_full/DE/paper_concordance/celltype_N23/pseudobulk/per_donor/Br5590_ENVI_full34987_celltype_pseudobulk.csv.gz
/beegfs/labs/hulab/projects/mjabin/GeneBridge/outputs/imputation_full/DE/paper_concordance/celltype_N23/pseudobulk/per_donor/Br5590_celltype_pseudobulk_metadata.csv
/beegfs/labs/hulab/projects/mjabin/GeneBridge/outputs/imputation_full/DE/paper_concordance/celltype_N23/pseudobulk/per_donor/Br5590_excluded_target_cells.csv

FINAL STATUS: DONOR CELL-TYPE PSEUDOBULK COMPLETE

========================================
Completed successfully
Finished: Fri Aug 28 10:14:00 EDT 2026
========================================
