========================================
Cell-type pseudobulk
SLURM_JOB_ID:       4278682
SLURM_ARRAY_JOB_ID: 4278680
SLURM_ARRAY_TASK_ID:2
Node:               node03.hgcc.emory.edu
Started:            Fri Aug 28 10:12:44 EDT 2026
========================================

====================================================================================================
RESOLVE DONOR
====================================================================================================
Array index: 2
Donor: Br2719
Dx: NTC
Experiment: ex1_ntc
Target: /beegfs/labs/hulab/projects/mjabin/GeneBridge/data/processed/imputation_full/ex1_ntc/targets/spatial_data_xenium_Br2719_ex1_ntc.h5ad

====================================================================================================
CANONICAL DONOR METADATA
====================================================================================================
Dx: NTC
Age: 36.6
Sex: F
slide_id: output-XETG00133__0034238
run_date: 2024-11-12_Xenium-pnn-SKCCC

====================================================================================================
EXPECTED DONOR x CELL-TYPE COVERAGE
====================================================================================================
Oligo                  14,533
Ambig/Oligo             3,713
Mic                     3,811
Ambig/In/Endo           2,365
L5 Ex                     211
L6 Ex                   2,376
L4/5 Ex                 2,005
L2/3 Ex                 6,092
Ast                     6,659
Endo                   10,739
In: VIP, LAMP5          2,155
In: SST, PVALB          3,290

====================================================================================================
LOAD CELL-TYPE ANNOTATION
====================================================================================================
Annotated donor cells: 57949

Annotation cell-type counts:
cell_type_annotation
Oligo             14533
Ambig/Oligo        3713
Mic                3811
Ambig/In/Endo      2365
L5 Ex               211
L6 Ex              2376
L4/5 Ex            2005
L2/3 Ex            6092
Ast                6659
Endo              10739
In: VIP, LAMP5     2155
In: SST, PVALB     3290

====================================================================================================
OPEN TARGET + ENVI
====================================================================================================
Target: (57949, 300)
ENVI: (57949, 34987)
Target cells: 57949
Target-only unannotated: 0
Annotated-only: 0

====================================================================================================
GENE VALIDATION
====================================================================================================

ENVI expression source:
expression_source
envi_imputed       34687
measured_xenium      300
Name: count, dtype: int64
Original Xenium genes: 300
ENVI full genes: 34987
Original genes present as measured: 300

====================================================================================================
MATRIX SOURCES
====================================================================================================
Original Xenium source: target.layers['counts']
ENVI measured source: after.X
ENVI full source: after.layers['count_scale']

====================================================================================================
ALLOCATE CELL-TYPE TOTALS
====================================================================================================

====================================================================================================
AGGREGATE CELLS
====================================================================================================
cells 512/57,949
cells 10,752/57,949
cells 20,992/57,949
cells 31,232/57,949
cells 41,472/57,949
cells 51,712/57,949
cells 57,949/57,949

====================================================================================================
CELL COUNT VALIDATION
====================================================================================================
Oligo                observed=  14,533 expected=  14,533
Ambig/Oligo          observed=   3,713 expected=   3,713
Mic                  observed=   3,811 expected=   3,811
Ambig/In/Endo        observed=   2,365 expected=   2,365
L5 Ex                observed=     211 expected=     211
L6 Ex                observed=   2,376 expected=   2,376
L4/5 Ex              observed=   2,005 expected=   2,005
L2/3 Ex              observed=   6,092 expected=   6,092
Ast                  observed=   6,659 expected=   6,659
Endo                 observed=  10,739 expected=  10,739
In: VIP, LAMP5       observed=   2,155 expected=   2,155
In: SST, PVALB       observed=   3,290 expected=   3,290

All 12 cell-type counts match audit: TRUE

====================================================================================================
SUM CONSERVATION
====================================================================================================
Original sum conservation: TRUE
ENVI measured sum conservation: TRUE
ENVI full sum conservation: TRUE

====================================================================================================
BUILD OUTPUT TABLES
====================================================================================================

====================================================================================================
ORIGINAL VS ENVI MEASURED CONTROL
====================================================================================================
Shapes: (12, 300) (12, 300)
Original vs ENVI measured exact: True
Original vs ENVI measured allclose: True
Maximum absolute difference: 0.0

====================================================================================================
SAVE DONOR OUTPUTS
====================================================================================================

====================================================================================================
FINAL STATUS
====================================================================================================
Donor: Br2719
Diagnosis: NTC
Cell types: 12
Pseudobulks: 12
Original matrix: (12, 300)
ENVI measured matrix: (12, 300)
ENVI full matrix: (12, 34987)
Target-only excluded cells: 0
Original vs ENVI measured exact: True
Original vs ENVI measured allclose: True

Saved:
/beegfs/labs/hulab/projects/mjabin/GeneBridge/outputs/imputation_full/DE/paper_concordance/celltype_N23/pseudobulk/per_donor/Br2719_original300_celltype_pseudobulk.csv.gz
/beegfs/labs/hulab/projects/mjabin/GeneBridge/outputs/imputation_full/DE/paper_concordance/celltype_N23/pseudobulk/per_donor/Br2719_ENVI_measured300_celltype_pseudobulk.csv.gz
/beegfs/labs/hulab/projects/mjabin/GeneBridge/outputs/imputation_full/DE/paper_concordance/celltype_N23/pseudobulk/per_donor/Br2719_ENVI_full34987_celltype_pseudobulk.csv.gz
/beegfs/labs/hulab/projects/mjabin/GeneBridge/outputs/imputation_full/DE/paper_concordance/celltype_N23/pseudobulk/per_donor/Br2719_celltype_pseudobulk_metadata.csv
/beegfs/labs/hulab/projects/mjabin/GeneBridge/outputs/imputation_full/DE/paper_concordance/celltype_N23/pseudobulk/per_donor/Br2719_excluded_target_cells.csv

FINAL STATUS: DONOR CELL-TYPE PSEUDOBULK COMPLETE

========================================
Completed successfully
Finished: Fri Aug 28 10:14:04 EDT 2026
========================================
