========================================
Cell-type pseudobulk
SLURM_JOB_ID:       4278691
SLURM_ARRAY_JOB_ID: 4278680
SLURM_ARRAY_TASK_ID:11
Node:               node07.hgcc.emory.edu
Started:            Fri Aug 28 10:13:49 EDT 2026
========================================

====================================================================================================
RESOLVE DONOR
====================================================================================================
Array index: 11
Donor: Br5746
Dx: SCZ
Experiment: ex2_scz
Target: /beegfs/labs/hulab/projects/mjabin/GeneBridge/data/processed/imputation_full/ex2_scz/targets/spatial_data_xenium_Br5746_ex2_scz.h5ad

====================================================================================================
CANONICAL DONOR METADATA
====================================================================================================
Dx: SCZ
Age: 51.99
Sex: F
slide_id: output-XETG00133__0021218
run_date: 2024-11-18_xenium-pnn-SKCCC

====================================================================================================
EXPECTED DONOR x CELL-TYPE COVERAGE
====================================================================================================
Oligo                  13,688
Ambig/Oligo             2,906
Mic                     2,220
Ambig/In/Endo           1,189
L5 Ex                     187
L6 Ex                   2,514
L4/5 Ex                 2,091
L2/3 Ex                 3,229
Ast                     5,563
Endo                    6,221
In: VIP, LAMP5          1,176
In: SST, PVALB          2,041

====================================================================================================
LOAD CELL-TYPE ANNOTATION
====================================================================================================
Annotated donor cells: 43025

Annotation cell-type counts:
cell_type_annotation
Oligo             13688
Ambig/Oligo        2906
Mic                2220
Ambig/In/Endo      1189
L5 Ex               187
L6 Ex              2514
L4/5 Ex            2091
L2/3 Ex            3229
Ast                5563
Endo               6221
In: VIP, LAMP5     1176
In: SST, PVALB     2041

====================================================================================================
OPEN TARGET + ENVI
====================================================================================================
Target: (43025, 300)
ENVI: (43025, 34987)
Target cells: 43025
Target-only unannotated: 0
Annotated-only: 0

====================================================================================================
GENE VALIDATION
====================================================================================================

ENVI expression source:
expression_source
envi_imputed       34687
measured_xenium      300
Name: count, dtype: int64
Original Xenium genes: 300
ENVI full genes: 34987
Original genes present as measured: 300

====================================================================================================
MATRIX SOURCES
====================================================================================================
Original Xenium source: target.layers['counts']
ENVI measured source: after.X
ENVI full source: after.layers['count_scale']

====================================================================================================
ALLOCATE CELL-TYPE TOTALS
====================================================================================================

====================================================================================================
AGGREGATE CELLS
====================================================================================================
cells 512/43,025
cells 10,752/43,025
cells 20,992/43,025
cells 31,232/43,025
cells 41,472/43,025
cells 43,025/43,025

====================================================================================================
CELL COUNT VALIDATION
====================================================================================================
Oligo                observed=  13,688 expected=  13,688
Ambig/Oligo          observed=   2,906 expected=   2,906
Mic                  observed=   2,220 expected=   2,220
Ambig/In/Endo        observed=   1,189 expected=   1,189
L5 Ex                observed=     187 expected=     187
L6 Ex                observed=   2,514 expected=   2,514
L4/5 Ex              observed=   2,091 expected=   2,091
L2/3 Ex              observed=   3,229 expected=   3,229
Ast                  observed=   5,563 expected=   5,563
Endo                 observed=   6,221 expected=   6,221
In: VIP, LAMP5       observed=   1,176 expected=   1,176
In: SST, PVALB       observed=   2,041 expected=   2,041

All 12 cell-type counts match audit: TRUE

====================================================================================================
SUM CONSERVATION
====================================================================================================
Original sum conservation: TRUE
ENVI measured sum conservation: TRUE
ENVI full sum conservation: TRUE

====================================================================================================
BUILD OUTPUT TABLES
====================================================================================================

====================================================================================================
ORIGINAL VS ENVI MEASURED CONTROL
====================================================================================================
Shapes: (12, 300) (12, 300)
Original vs ENVI measured exact: True
Original vs ENVI measured allclose: True
Maximum absolute difference: 0.0

====================================================================================================
SAVE DONOR OUTPUTS
====================================================================================================

====================================================================================================
FINAL STATUS
====================================================================================================
Donor: Br5746
Diagnosis: SCZ
Cell types: 12
Pseudobulks: 12
Original matrix: (12, 300)
ENVI measured matrix: (12, 300)
ENVI full matrix: (12, 34987)
Target-only excluded cells: 0
Original vs ENVI measured exact: True
Original vs ENVI measured allclose: True

Saved:
/beegfs/labs/hulab/projects/mjabin/GeneBridge/outputs/imputation_full/DE/paper_concordance/celltype_N23/pseudobulk/per_donor/Br5746_original300_celltype_pseudobulk.csv.gz
/beegfs/labs/hulab/projects/mjabin/GeneBridge/outputs/imputation_full/DE/paper_concordance/celltype_N23/pseudobulk/per_donor/Br5746_ENVI_measured300_celltype_pseudobulk.csv.gz
/beegfs/labs/hulab/projects/mjabin/GeneBridge/outputs/imputation_full/DE/paper_concordance/celltype_N23/pseudobulk/per_donor/Br5746_ENVI_full34987_celltype_pseudobulk.csv.gz
/beegfs/labs/hulab/projects/mjabin/GeneBridge/outputs/imputation_full/DE/paper_concordance/celltype_N23/pseudobulk/per_donor/Br5746_celltype_pseudobulk_metadata.csv
/beegfs/labs/hulab/projects/mjabin/GeneBridge/outputs/imputation_full/DE/paper_concordance/celltype_N23/pseudobulk/per_donor/Br5746_excluded_target_cells.csv

FINAL STATUS: DONOR CELL-TYPE PSEUDOBULK COMPLETE

========================================
Completed successfully
Finished: Fri Aug 28 10:15:04 EDT 2026
========================================
