==========================================
Job ID      : 4272412
Array task  : 22
Node        : node11.hgcc.emory.edu
CPUs        : 16
Memory      : 200G
==========================================
====================================================================================================
ENVI PAPER-CONCORDANCE DONOR × LAYER PSEUDOBULK
====================================================================================================
Array index: 22
Donor: Br6032
Dx: SCZ
Experiment: ex2_scz

Loading cell annotations...
Annotated donor cells: 44669
Target cells: 44669
Target-only unannotated: 0
Annotated-only: 0

Aggregating cells...
cells 512/44,669
cells 10,752/44,669
cells 20,992/44,669
cells 31,232/44,669
cells 41,472/44,669
cells 44,669/44,669

Layer counts:
L1/M: 1,839
L2/3: 9,401
L3/4: 2,161
L5  : 20,410
L6  : 8,411
WMtz: 993
WM  : 1,454

====================================================================================================
FINAL SUMMARY
====================================================================================================
Donor: Br6032
Measured matrix: (7, 300)
Full matrix: (7, 34987)
Excluded cells: 0
Measured layer sum validation: PASS
Full layer sum validation: PASS

FINAL STATUS: PASS — Br6032
