==========================================
Job ID      : 4272402
Array task  : 12
Node        : node07.hgcc.emory.edu
CPUs        : 16
Memory      : 200G
==========================================
====================================================================================================
ENVI PAPER-CONCORDANCE DONOR × LAYER PSEUDOBULK
====================================================================================================
Array index: 12
Donor: Br5639
Dx: NTC
Experiment: ex1_ntc

Loading cell annotations...
Annotated donor cells: 58976
Target cells: 58976
Target-only unannotated: 0
Annotated-only: 0

Aggregating cells...
cells 512/58,976
cells 10,752/58,976
cells 20,992/58,976
cells 31,232/58,976
cells 41,472/58,976
cells 51,712/58,976
cells 58,976/58,976

Layer counts:
L1/M: 9,697
L2/3: 13,251
L3/4: 2,831
L5  : 17,359
L6  : 4,369
WMtz: 2,254
WM  : 9,215

====================================================================================================
FINAL SUMMARY
====================================================================================================
Donor: Br5639
Measured matrix: (7, 300)
Full matrix: (7, 34987)
Excluded cells: 0
Measured layer sum validation: PASS
Full layer sum validation: PASS

FINAL STATUS: PASS — Br5639
