==========================================
Job ID      : 4272411
Array task  : 21
Node        : node06.hgcc.emory.edu
CPUs        : 16
Memory      : 200G
==========================================
====================================================================================================
ENVI PAPER-CONCORDANCE DONOR × LAYER PSEUDOBULK
====================================================================================================
Array index: 21
Donor: Br2421
Dx: SCZ
Experiment: ex2_scz

Loading cell annotations...
Annotated donor cells: 62073
Target cells: 62073
Target-only unannotated: 0
Annotated-only: 0

Aggregating cells...
cells 512/62,073
cells 10,752/62,073
cells 20,992/62,073
cells 31,232/62,073
cells 41,472/62,073
cells 51,712/62,073
cells 61,952/62,073
cells 62,073/62,073

Layer counts:
L1/M: 10,986
L2/3: 14,564
L3/4: 1,959
L5  : 14,758
L6  : 6,342
WMtz: 1,460
WM  : 12,004

====================================================================================================
FINAL SUMMARY
====================================================================================================
Donor: Br2421
Measured matrix: (7, 300)
Full matrix: (7, 34987)
Excluded cells: 0
Measured layer sum validation: PASS
Full layer sum validation: PASS

FINAL STATUS: PASS — Br2421
