==========================================
Job ID      : 4272400
Array task  : 10
Node        : node07.hgcc.emory.edu
CPUs        : 16
Memory      : 200G
==========================================
====================================================================================================
ENVI PAPER-CONCORDANCE DONOR × LAYER PSEUDOBULK
====================================================================================================
Array index: 10
Donor: Br5588
Dx: SCZ
Experiment: ex2_scz

Loading cell annotations...
Annotated donor cells: 59694
Target cells: 59694
Target-only unannotated: 0
Annotated-only: 0

Aggregating cells...
cells 512/59,694
cells 10,752/59,694
cells 20,992/59,694
cells 31,232/59,694
cells 41,472/59,694
cells 51,712/59,694
cells 59,694/59,694

Layer counts:
L1/M: 9,352
L2/3: 14,489
L3/4: 1,279
L5  : 20,893
L6  : 6,271
WMtz: 1,602
WM  : 5,808

====================================================================================================
FINAL SUMMARY
====================================================================================================
Donor: Br5588
Measured matrix: (7, 300)
Full matrix: (7, 34987)
Excluded cells: 0
Measured layer sum validation: PASS
Full layer sum validation: PASS

FINAL STATUS: PASS — Br5588
