==========================================
Job ID      : 4272410
Array task  : 20
Node        : node12.hgcc.emory.edu
CPUs        : 16
Memory      : 200G
==========================================
====================================================================================================
ENVI PAPER-CONCORDANCE DONOR × LAYER PSEUDOBULK
====================================================================================================
Array index: 20
Donor: Br6496
Dx: SCZ
Experiment: ex2_scz

Loading cell annotations...
Annotated donor cells: 56213
Target cells: 56213
Target-only unannotated: 0
Annotated-only: 0

Aggregating cells...
cells 512/56,213
cells 10,752/56,213
cells 20,992/56,213
cells 31,232/56,213
cells 41,472/56,213
cells 51,712/56,213
cells 56,213/56,213

Layer counts:
L1/M: 3,571
L2/3: 15,353
L3/4: 1,455
L5  : 14,847
L6  : 4,459
WMtz: 979
WM  : 15,549

====================================================================================================
FINAL SUMMARY
====================================================================================================
Donor: Br6496
Measured matrix: (7, 300)
Full matrix: (7, 34987)
Excluded cells: 0
Measured layer sum validation: PASS
Full layer sum validation: PASS

FINAL STATUS: PASS — Br6496
