==========================================
Job ID      : 4272395
Array task  : 5
Node        : node13.hgcc.emory.edu
CPUs        : 16
Memory      : 200G
==========================================
====================================================================================================
ENVI PAPER-CONCORDANCE DONOR × LAYER PSEUDOBULK
====================================================================================================
Array index: 5
Donor: Br5590
Dx: SCZ
Experiment: ex2_scz

Loading cell annotations...
Annotated donor cells: 53577
Target cells: 53577
Target-only unannotated: 0
Annotated-only: 0

Aggregating cells...
cells 512/53,577
cells 10,752/53,577
cells 20,992/53,577
cells 31,232/53,577
cells 41,472/53,577
cells 51,712/53,577
cells 53,577/53,577

Layer counts:
L1/M: 9,107
L2/3: 10,515
L3/4: 2,873
L5  : 14,586
L6  : 3,630
WMtz: 799
WM  : 12,067

====================================================================================================
FINAL SUMMARY
====================================================================================================
Donor: Br5590
Measured matrix: (7, 300)
Full matrix: (7, 34987)
Excluded cells: 0
Measured layer sum validation: PASS
Full layer sum validation: PASS

FINAL STATUS: PASS — Br5590
