==========================================
Job ID      : 4272408
Array task  : 18
Node        : node12.hgcc.emory.edu
CPUs        : 16
Memory      : 200G
==========================================
====================================================================================================
ENVI PAPER-CONCORDANCE DONOR × LAYER PSEUDOBULK
====================================================================================================
Array index: 18
Donor: Br5436
Dx: NTC
Experiment: ex1_ntc

Loading cell annotations...
Annotated donor cells: 44430
Target cells: 44430
Target-only unannotated: 0
Annotated-only: 0

Aggregating cells...
cells 512/44,430
cells 10,752/44,430
cells 20,992/44,430
cells 31,232/44,430
cells 41,472/44,430
cells 44,430/44,430

Layer counts:
L1/M: 5,121
L2/3: 13,077
L3/4: 2,558
L5  : 14,407
L6  : 3,775
WMtz: 1,912
WM  : 3,580

====================================================================================================
FINAL SUMMARY
====================================================================================================
Donor: Br5436
Measured matrix: (7, 300)
Full matrix: (7, 34987)
Excluded cells: 0
Measured layer sum validation: PASS
Full layer sum validation: PASS

FINAL STATUS: PASS — Br5436
