==========================================
Job ID      : 4272392
Array task  : 2
Node        : node06.hgcc.emory.edu
CPUs        : 16
Memory      : 200G
==========================================
====================================================================================================
ENVI PAPER-CONCORDANCE DONOR × LAYER PSEUDOBULK
====================================================================================================
Array index: 2
Donor: Br2719
Dx: NTC
Experiment: ex1_ntc

Loading cell annotations...
Annotated donor cells: 57949
Target cells: 57949
Target-only unannotated: 0
Annotated-only: 0

Aggregating cells...
cells 512/57,949
cells 10,752/57,949
cells 20,992/57,949
cells 31,232/57,949
cells 41,472/57,949
cells 51,712/57,949
cells 57,949/57,949

Layer counts:
L1/M: 5,502
L2/3: 10,982
L3/4: 4,260
L5  : 18,576
L6  : 5,112
WMtz: 1,418
WM  : 12,099

====================================================================================================
FINAL SUMMARY
====================================================================================================
Donor: Br2719
Measured matrix: (7, 300)
Full matrix: (7, 34987)
Excluded cells: 0
Measured layer sum validation: PASS
Full layer sum validation: PASS

FINAL STATUS: PASS — Br2719
